<html>
<body>
<pre>
<h1>µVision Build Log</h1>
<h2>Tool Versions:</h2>
IDE-Version: ¦ÌVision V5.38.0.0
Copyright (C) 2022 ARM Ltd and ARM Germany GmbH. All rights reserved.
License Information: asd 945706034@qq.com, asd, LIC=QF82M-XQ3H8-NNIAF-649U6-2UWXB-X94E5
 
Tool Versions:
Toolchain:       MDK-ARM Plus  Version: 5.38.0.0
Toolchain Path:  E:\keil\installFile\ARM\ARMCLANG\Bin
C Compiler:      ArmClang.exe V6.19
Assembler:       Armasm.exe V6.19
Linker/Locator:  ArmLink.exe V6.19
Library Manager: ArmAr.exe V6.19
Hex Converter:   FromElf.exe V6.19
CPU DLL:         SARMCM3.DLL V5.38.0.0
Dialog DLL:      DCM.DLL V1.17.5.0
Target DLL:      STLink\ST-LINKIII-KEIL_SWO.dll V3.1.0.0
Dialog DLL:      TCM.DLL V1.56.4.0
 
<h2>Project:</h2>
G:\ljyws\bms_firmware\BMS\MDK-ARM\BMS.uvprojx
Project File Date:  09/09/2023

<h2>Output:</h2>
*** Using Compiler 'V6.19', folder: 'E:\keil\installFile\ARM\ARMCLANG\Bin'
Rebuild target 'BMS'
compiling main.c...
compiling gpio.c...
assembling startup_stm32f103xb.s...
compiling freertos.c...
compiling stm32f1xx_it.c...
compiling stm32f1xx_hal_gpio_ex.c...
compiling stm32f1xx_hal_msp.c...
compiling i2c.c...
compiling stm32f1xx_hal_timebase_tim.c...
compiling stm32f1xx_hal_gpio.c...
compiling stm32f1xx_hal.c...
compiling stm32f1xx_hal_rcc_ex.c...
compiling stm32f1xx_hal_cortex.c...
compiling stm32f1xx_hal_rcc.c...
compiling stm32f1xx_hal_dma.c...
compiling stm32f1xx_hal_pwr.c...
compiling croutine.c...
compiling stm32f1xx_hal_flash.c...
compiling stm32f1xx_hal_flash_ex.c...
compiling stm32f1xx_hal_exti.c...
compiling system_stm32f1xx.c...
compiling event_groups.c...
compiling list.c...
compiling timers.c...
compiling stm32f1xx_hal_tim_ex.c...
compiling stream_buffer.c...
compiling queue.c...
compiling heap_4.c...
compiling port.c...
compiling drv_rgb.c...
compiling tasks.c...
compiling drv_led.c...
compiling drv_key.c...
compiling bsp_smbus.c...
compiling drv_bq78350.c...
compiling stm32f1xx_hal_tim.c...
compiling cmsis_os2.c...
compiling bsp_usart.c...
compiling stm32f1xx_hal_i2c.c...
compiling crc.c...
compiling bqRead_task.c...
compiling systemState_task.c...
linking...
Program Size: Code=34168 RO-data=456 RW-data=244 ZI-data=7684  
FromELF: creating hex file...
"BMS\BMS.axf" - 0 Error(s), 0 Warning(s).

<h2>Software Packages used:</h2>

Package Vendor: ARM
                http://www.keil.com/pack/ARM.CMSIS.5.9.0.pack
                ARM.CMSIS.5.9.0
                CMSIS (Common Microcontroller Software Interface Standard)
   * Component: CORE Version: 5.6.0

Package Vendor: Keil
                http://www.keil.com/pack/Keil.STM32F1xx_DFP.2.4.0.pack
                Keil.STM32F1xx_DFP.2.4.0
                STMicroelectronics STM32F1 Series Device Support, Drivers and Examples

<h2>Collection of Component include folders:</h2>
  ./RTE/_BMS
  E:/keil/pack/ARM/CMSIS/5.9.0/CMSIS/Core/Include
  E:/keil/pack/Keil/STM32F1xx_DFP/2.4.0/Device/Include

<h2>Collection of Component Files used:</h2>

   * Component: ARM::CMSIS:CORE:5.6.0
      Include file:  CMSIS/Core/Include/tz_context.h
Build Time Elapsed:  00:00:01
</pre>
</body>
</html>
