Component: Arm Compiler for Embedded 6.19 Tool: armlink [5e73cb00]

==============================================================================

Section Cross References

    startup_stm32f103xb.o(STACK) refers (Special) to heapauxi.o(.text) for __use_two_region_memory
    startup_stm32f103xb.o(HEAP) refers (Special) to heapauxi.o(.text) for __use_two_region_memory
    startup_stm32f103xb.o(RESET) refers (Special) to heapauxi.o(.text) for __use_two_region_memory
    startup_stm32f103xb.o(RESET) refers to startup_stm32f103xb.o(STACK) for __initial_sp
    startup_stm32f103xb.o(RESET) refers to startup_stm32f103xb.o(.text) for Reset_Handler
    startup_stm32f103xb.o(RESET) refers to stm32f1xx_it.o(.text.NMI_Handler) for NMI_Handler
    startup_stm32f103xb.o(RESET) refers to stm32f1xx_it.o(.text.HardFault_Handler) for HardFault_Handler
    startup_stm32f103xb.o(RESET) refers to stm32f1xx_it.o(.text.MemManage_Handler) for MemManage_Handler
    startup_stm32f103xb.o(RESET) refers to stm32f1xx_it.o(.text.BusFault_Handler) for BusFault_Handler
    startup_stm32f103xb.o(RESET) refers to stm32f1xx_it.o(.text.UsageFault_Handler) for UsageFault_Handler
    startup_stm32f103xb.o(RESET) refers to port.o(.text.SVC_Handler) for SVC_Handler
    startup_stm32f103xb.o(RESET) refers to stm32f1xx_it.o(.text.DebugMon_Handler) for DebugMon_Handler
    startup_stm32f103xb.o(RESET) refers to port.o(.text.PendSV_Handler) for PendSV_Handler
    startup_stm32f103xb.o(RESET) refers to port.o(.text.SysTick_Handler) for SysTick_Handler
    startup_stm32f103xb.o(RESET) refers to stm32f1xx_it.o(.text.TIM4_IRQHandler) for TIM4_IRQHandler
    startup_stm32f103xb.o(RESET) refers to stm32f1xx_it.o(.text.I2C1_EV_IRQHandler) for I2C1_EV_IRQHandler
    startup_stm32f103xb.o(RESET) refers to stm32f1xx_it.o(.text.I2C1_ER_IRQHandler) for I2C1_ER_IRQHandler
    startup_stm32f103xb.o(.text) refers (Special) to heapauxi.o(.text) for __use_two_region_memory
    startup_stm32f103xb.o(.text) refers to system_stm32f1xx.o(.text.SystemInit) for SystemInit
    startup_stm32f103xb.o(.text) refers to __main.o(!!!main) for __main
    startup_stm32f103xb.o(.text) refers to startup_stm32f103xb.o(HEAP) for Heap_Mem
    startup_stm32f103xb.o(.text) refers to startup_stm32f103xb.o(STACK) for Stack_Mem
    main.o(.text.main) refers to stm32f1xx_hal.o(.text.HAL_Init) for HAL_Init
    main.o(.text.main) refers to main.o(.text.SystemClock_Config) for SystemClock_Config
    main.o(.text.main) refers to gpio.o(.text.MX_GPIO_Init) for MX_GPIO_Init
    main.o(.text.main) refers to i2c.o(.text.MX_I2C1_Init) for MX_I2C1_Init
    main.o(.text.main) refers to i2c.o(.bss.hi2c1) for hi2c1
    main.o(.text.main) refers to drv_bq78350.o(.text.BQ78350_Init) for BQ78350_Init
    main.o(.text.main) refers to cmsis_os2.o(.text.osKernelInitialize) for osKernelInitialize
    main.o(.text.main) refers to freertos.o(.text.MX_FREERTOS_Init) for MX_FREERTOS_Init
    main.o(.text.main) refers to cmsis_os2.o(.text.osKernelStart) for osKernelStart
    main.o(.ARM.exidx.text.main) refers to main.o(.text.main) for [Anonymous Symbol]
    main.o(.text.SystemClock_Config) refers to rt_memclr_w.o(.text) for __aeabi_memclr4
    main.o(.text.SystemClock_Config) refers to stm32f1xx_hal_rcc.o(.text.HAL_RCC_OscConfig) for HAL_RCC_OscConfig
    main.o(.text.SystemClock_Config) refers to main.o(.text.Error_Handler) for Error_Handler
    main.o(.text.SystemClock_Config) refers to stm32f1xx_hal_rcc.o(.text.HAL_RCC_ClockConfig) for HAL_RCC_ClockConfig
    main.o(.ARM.exidx.text.SystemClock_Config) refers to main.o(.text.SystemClock_Config) for [Anonymous Symbol]
    main.o(.ARM.exidx.text.Error_Handler) refers to main.o(.text.Error_Handler) for [Anonymous Symbol]
    main.o(.text.HAL_TIM_PeriodElapsedCallback) refers to stm32f1xx_hal.o(.text.HAL_IncTick) for HAL_IncTick
    main.o(.ARM.exidx.text.HAL_TIM_PeriodElapsedCallback) refers to main.o(.text.HAL_TIM_PeriodElapsedCallback) for [Anonymous Symbol]
    gpio.o(.text.MX_GPIO_Init) refers to stm32f1xx_hal_gpio.o(.text.HAL_GPIO_WritePin) for HAL_GPIO_WritePin
    gpio.o(.text.MX_GPIO_Init) refers to stm32f1xx_hal_gpio.o(.text.HAL_GPIO_Init) for HAL_GPIO_Init
    gpio.o(.ARM.exidx.text.MX_GPIO_Init) refers to gpio.o(.text.MX_GPIO_Init) for [Anonymous Symbol]
    freertos.o(.text.MX_FREERTOS_Init) refers to freertos.o(.text.StartDefaultTask) for StartDefaultTask
    freertos.o(.text.MX_FREERTOS_Init) refers to freertos.o(.rodata.defaultTask_attributes) for defaultTask_attributes
    freertos.o(.text.MX_FREERTOS_Init) refers to cmsis_os2.o(.text.osThreadNew) for osThreadNew
    freertos.o(.text.MX_FREERTOS_Init) refers to freertos.o(.bss.defaultTaskHandle) for defaultTaskHandle
    freertos.o(.text.MX_FREERTOS_Init) refers to bqread_task.o(.text.bqRead_task) for bqRead_task
    freertos.o(.text.MX_FREERTOS_Init) refers to freertos.o(.rodata.BQREAD_TASK_attributes) for BQREAD_TASK_attributes
[...]
    [Anonymous Symbol]                       0x20000764   Section        0  heap_4.o(.bss.pxEnd)
    pxOverflowDelayedTaskList                0x20000768   Data           4  tasks.o(.bss.pxOverflowDelayedTaskList)
    [Anonymous Symbol]                       0x20000768   Section        0  tasks.o(.bss.pxOverflowDelayedTaskList)
    pxOverflowTimerList                      0x2000076c   Data           4  timers.o(.bss.pxOverflowTimerList)
    [Anonymous Symbol]                       0x2000076c   Section        0  timers.o(.bss.pxOverflowTimerList)
    pxReadyTasksLists                        0x20000770   Data        1120  tasks.o(.bss.pxReadyTasksLists)
    [Anonymous Symbol]                       0x20000770   Section        0  tasks.o(.bss.pxReadyTasksLists)
    ucHeap                                   0x20000bd2   Data        3072  heap_4.o(.bss.ucHeap)
    [Anonymous Symbol]                       0x20000bd2   Section        0  heap_4.o(.bss.ucHeap)
    ucMaxSysCallPriority                     0x200017d2   Data           1  port.o(.bss.ucMaxSysCallPriority)
    [Anonymous Symbol]                       0x200017d2   Section        0  port.o(.bss.ucMaxSysCallPriority)
    ulMaxPRIGROUPValue                       0x200017d4   Data           4  port.o(.bss.ulMaxPRIGROUPValue)
    [Anonymous Symbol]                       0x200017d4   Section        0  port.o(.bss.ulMaxPRIGROUPValue)
    uxCurrentNumberOfTasks                   0x200017dc   Data           4  tasks.o(.bss.uxCurrentNumberOfTasks)
    [Anonymous Symbol]                       0x200017dc   Section        0  tasks.o(.bss.uxCurrentNumberOfTasks)
    uxDeletedTasksWaitingCleanUp             0x200017e0   Data           4  tasks.o(.bss.uxDeletedTasksWaitingCleanUp)
    [Anonymous Symbol]                       0x200017e0   Section        0  tasks.o(.bss.uxDeletedTasksWaitingCleanUp)
    uxPendedTicks                            0x200017e4   Data           4  tasks.o(.bss.uxPendedTicks)
    [Anonymous Symbol]                       0x200017e4   Section        0  tasks.o(.bss.uxPendedTicks)
    uxSchedulerSuspended                     0x200017e8   Data           4  tasks.o(.bss.uxSchedulerSuspended)
    [Anonymous Symbol]                       0x200017e8   Section        0  tasks.o(.bss.uxSchedulerSuspended)
    uxTaskNumber                             0x200017ec   Data           4  tasks.o(.bss.uxTaskNumber)
    [Anonymous Symbol]                       0x200017ec   Section        0  tasks.o(.bss.uxTaskNumber)
    uxTopReadyPriority                       0x200017f0   Data           4  tasks.o(.bss.uxTopReadyPriority)
    [Anonymous Symbol]                       0x200017f0   Section        0  tasks.o(.bss.uxTopReadyPriority)
    xActiveTimerList1                        0x200017f4   Data          20  timers.o(.bss.xActiveTimerList1)
    [Anonymous Symbol]                       0x200017f4   Section        0  timers.o(.bss.xActiveTimerList1)
    xActiveTimerList2                        0x20001808   Data          20  timers.o(.bss.xActiveTimerList2)
    [Anonymous Symbol]                       0x20001808   Section        0  timers.o(.bss.xActiveTimerList2)
    xBlockAllocatedBit                       0x2000181c   Data           4  heap_4.o(.bss.xBlockAllocatedBit)
    [Anonymous Symbol]                       0x2000181c   Section        0  heap_4.o(.bss.xBlockAllocatedBit)
    xDelayedTaskList1                        0x20001820   Data          20  tasks.o(.bss.xDelayedTaskList1)
    [Anonymous Symbol]                       0x20001820   Section        0  tasks.o(.bss.xDelayedTaskList1)
    xDelayedTaskList2                        0x20001834   Data          20  tasks.o(.bss.xDelayedTaskList2)
    [Anonymous Symbol]                       0x20001834   Section        0  tasks.o(.bss.xDelayedTaskList2)
    xFreeBytesRemaining                      0x20001848   Data           4  heap_4.o(.bss.xFreeBytesRemaining)
    [Anonymous Symbol]                       0x20001848   Section        0  heap_4.o(.bss.xFreeBytesRemaining)
    xIdleTaskHandle                          0x2000184c   Data           4  tasks.o(.bss.xIdleTaskHandle)
    [Anonymous Symbol]                       0x2000184c   Section        0  tasks.o(.bss.xIdleTaskHandle)
    xMinimumEverFreeBytesRemaining           0x20001850   Data           4  heap_4.o(.bss.xMinimumEverFreeBytesRemaining)
    [Anonymous Symbol]                       0x20001850   Section        0  heap_4.o(.bss.xMinimumEverFreeBytesRemaining)
    xNextTaskUnblockTime                     0x20001854   Data           4  tasks.o(.bss.xNextTaskUnblockTime)
    [Anonymous Symbol]                       0x20001854   Section        0  tasks.o(.bss.xNextTaskUnblockTime)
    xNumOfOverflows                          0x20001858   Data           4  tasks.o(.bss.xNumOfOverflows)
    [Anonymous Symbol]                       0x20001858   Section        0  tasks.o(.bss.xNumOfOverflows)
    xPendingReadyList                        0x2000185c   Data          20  tasks.o(.bss.xPendingReadyList)
    [Anonymous Symbol]                       0x2000185c   Section        0  tasks.o(.bss.xPendingReadyList)
    xSchedulerRunning                        0x200018b0   Data           4  tasks.o(.bss.xSchedulerRunning)
    [Anonymous Symbol]                       0x200018b0   Section        0  tasks.o(.bss.xSchedulerRunning)
    xStart                                   0x200018b4   Data           8  heap_4.o(.bss.xStart)
    [Anonymous Symbol]                       0x200018b4   Section        0  heap_4.o(.bss.xStart)
    xSuspendedTaskList                       0x200018bc   Data          20  tasks.o(.bss.xSuspendedTaskList)
    [Anonymous Symbol]                       0x200018bc   Section        0  tasks.o(.bss.xSuspendedTaskList)
    xTasksWaitingTermination                 0x200018d0   Data          20  tasks.o(.bss.xTasksWaitingTermination)
    [Anonymous Symbol]                       0x200018d0   Section        0  tasks.o(.bss.xTasksWaitingTermination)
    xTickCount                               0x200018e4   Data           4  tasks.o(.bss.xTickCount)
    [Anonymous Symbol]                       0x200018e4   Section        0  tasks.o(.bss.xTickCount)
    xTimerQueue                              0x200018e8   Data           4  timers.o(.bss.xTimerQueue)
    [Anonymous Symbol]                       0x200018e8   Section        0  timers.o(.bss.xTimerQueue)
    xTimerTaskHandle                         0x200018ec   Data           4  timers.o(.bss.xTimerTaskHandle)
    [Anonymous Symbol]                       0x200018ec   Section        0  timers.o(.bss.xTimerTaskHandle)
    xYieldPending                            0x200018f0   Data           4  tasks.o(.bss.xYieldPending)
    [Anonymous Symbol]                       0x200018f0   Section        0  tasks.o(.bss.xYieldPending)
    Heap_Mem                                 0x200018f8   Data         512  startup_stm32f103xb.o(HEAP)
    HEAP                                     0x200018f8   Section      512  startup_stm32f103xb.o(HEAP)
    Stack_Mem                                0x20001af8   Data        1024  startup_stm32f103xb.o(STACK)
    STACK                                    0x20001af8   Section     1024  startup_stm32f103xb.o(STACK)
    __initial_sp                             0x20001ef8   Data           0  startup_stm32f103xb.o(STACK)

    Global Symbols

    Symbol Name                              Value     Ov Type        Size  Object(Section)

    BuildAttributes$$THM_ISAv4$P$D$K$B$S$PE$A:L22UL41UL21$X:L11$S22US41US21$IEEE1$IW$~IW$USESV6$~STKCKD$USESV7$~SHL$OSPACE$ROPI$EBA8$UX$STANDARDLIB$REQ8$PRES8$EABIv2 0x00000000   Number         0  anon$$obj.o ABSOLUTE
    __fp_init_empty                          0x00000000   Number         0  fpinit_empty.o ABSOLUTE
    __ARM_exceptions_init                     - Undefined Weak Reference
    __alloca_initialize                       - Undefined Weak Reference
    __arm_preinit_                            - Undefined Weak Reference
    __arm_relocate_pie_                       - Undefined Weak Reference
    __cpp_initialize__aeabi_                  - Undefined Weak Reference
    __cxa_finalize                            - Undefined Weak Reference
    __rt_locale                               - Undefined Weak Reference
    __sigvec_lookup                           - Undefined Weak Reference
    _atexit_init                              - Undefined Weak Reference
    _call_atexit_fns                          - Undefined Weak Reference
    _clock_init                               - Undefined Weak Reference
    _fp_trap_init                             - Undefined Weak Reference
    _fp_trap_shutdown                         - Undefined Weak Reference
    _get_lc_collate                           - Undefined Weak Reference
    _get_lc_ctype                             - Undefined Weak Reference
    _get_lc_monetary                          - Undefined Weak Reference
    _get_lc_numeric                           - Undefined Weak Reference
    _get_lc_time                              - Undefined Weak Reference
    _getenv_init                              - Undefined Weak Reference
    _handle_redirection                       - Undefined Weak Reference
    _init_alloc                               - Undefined Weak Reference
    _init_user_alloc                          - Undefined Weak Reference
    _initio                                   - Undefined Weak Reference
    _rand_init                                - Undefined Weak Reference
    _signal_finish                            - Undefined Weak Reference
    _signal_init                              - Undefined Weak Reference
    _terminate_alloc                          - Undefined Weak Reference
    _terminate_user_alloc                     - Undefined Weak Reference
    _terminateio                              - Undefined Weak Reference
    __Vectors_Size                           0x000000ec   Number         0  startup_stm32f103xb.o ABSOLUTE
    __Vectors                                0x08000000   Data           4  startup_stm32f103xb.o(RESET)
    __Vectors_End                            0x080000ec   Data           0  startup_stm32f103xb.o(RESET)
    __main                                   0x080000ed   Thumb Code     8  __main.o(!!!main)
    __scatterload                            0x080000f5   Thumb Code     0  __scatter.o(!!!scatter)
    __scatterload_rt2                        0x080000f5   Thumb Code    44  __scatter.o(!!!scatter)
    __scatterload_rt2_thumb_only             0x080000f5   Thumb Code     0  __scatter.o(!!!scatter)
    __scatterload_null                       0x08000103   Thumb Code     0  __scatter.o(!!!scatter)
    __scatterload_copy                       0x08000129   Thumb Code    26  __scatter_copy.o(!!handler_copy)
    __scatterload_zeroinit                   0x08000145   Thumb Code    28  __scatter_zi.o(!!handler_zi)
    __rt_lib_init                            0x08000161   Thumb Code     0  libinit.o(.ARM.Collect$$libinit$$00000000)
    __rt_lib_init_alloca_1                   0x08000163   Thumb Code     0  libinit2.o(.ARM.Collect$$libinit$$00000030)
    __rt_lib_init_argv_1                     0x08000163   Thumb Code     0  libinit2.o(.ARM.Collect$$libinit$$0000002E)
    __rt_lib_init_atexit_1                   0x08000163   Thumb Code     0  libinit2.o(.ARM.Collect$$libinit$$0000001D)
    __rt_lib_init_clock_1                    0x08000163   Thumb Code     0  libinit2.o(.ARM.Collect$$libinit$$00000023)
    __rt_lib_init_cpp_1                      0x08000163   Thumb Code     0  libinit2.o(.ARM.Collect$$libinit$$00000034)
    __rt_lib_init_exceptions_1               0x08000163   Thumb Code     0  libinit2.o(.ARM.Collect$$libinit$$00000032)
    __rt_lib_init_fp_1                       0x08000163   Thumb Code     0  libinit2.o(.ARM.Collect$$libinit$$00000002)
    __rt_lib_init_fp_trap_1                  0x08000163   Thumb Code     0  libinit2.o(.ARM.Collect$$libinit$$00000021)
    __rt_lib_init_getenv_1                   0x08000163   Thumb Code     0  libinit2.o(.ARM.Collect$$libinit$$00000025)
    __rt_lib_init_heap_1                     0x08000163   Thumb Code     0  libinit2.o(.ARM.Collect$$libinit$$0000000C)
    __rt_lib_init_lc_collate_1               0x08000163   Thumb Code     0  libinit2.o(.ARM.Collect$$libinit$$00000013)
    __rt_lib_init_lc_ctype_1                 0x08000163   Thumb Code     0  libinit2.o(.ARM.Collect$$libinit$$00000015)
    __rt_lib_init_lc_monetary_1              0x08000163   Thumb Code     0  libinit2.o(.ARM.Collect$$libinit$$00000017)
    __rt_lib_init_lc_numeric_1               0x08000163   Thumb Code     0  libinit2.o(.ARM.Collect$$libinit$$00000019)
    __rt_lib_init_lc_time_1                  0x08000163   Thumb Code     0  libinit2.o(.ARM.Collect$$libinit$$0000001B)
    __rt_lib_init_preinit_1                  0x08000163   Thumb Code     0  libinit2.o(.ARM.Collect$$libinit$$00000006)
    __rt_lib_init_rand_1                     0x08000163   Thumb Code     0  libinit2.o(.ARM.Collect$$libinit$$00000010)
    __rt_lib_init_relocate_pie_1             0x08000163   Thumb Code     0  libinit2.o(.ARM.Collect$$libinit$$00000004)
    __rt_lib_init_return                     0x08000163   Thumb Code     0  libinit2.o(.ARM.Collect$$libinit$$00000035)
    __rt_lib_init_signal_1                   0x08000163   Thumb Code     0  libinit2.o(.ARM.Collect$$libinit$$0000001F)
    __rt_lib_init_stdio_1                    0x08000163   Thumb Code     0  libinit2.o(.ARM.Collect$$libinit$$00000027)
    __rt_lib_init_user_alloc_1               0x08000163   Thumb Code     0  libinit2.o(.ARM.Collect$$libinit$$0000000E)
    __rt_lib_shutdown                        0x08000165   Thumb Code     0  libshutdown.o(.ARM.Collect$$libshutdown$$00000000)
    __rt_lib_shutdown_cpp_1                  0x08000167   Thumb Code     0  libshutdown2.o(.ARM.Collect$$libshutdown$$00000002)
    __rt_lib_shutdown_fp_trap_1              0x08000167   Thumb Code     0  libshutdown2.o(.ARM.Collect$$libshutdown$$00000007)
    __rt_lib_shutdown_heap_1                 0x08000167   Thumb Code     0  libshutdown2.o(.ARM.Collect$$libshutdown$$0000000F)
    __rt_lib_shutdown_return                 0x08000167   Thumb Code     0  libshutdown2.o(.ARM.Collect$$libshutdown$$00000010)
    __rt_lib_shutdown_signal_1               0x08000167   Thumb Code     0  libshutdown2.o(.ARM.Collect$$libshutdown$$0000000A)
    __rt_lib_shutdown_stdio_1                0x08000167   Thumb Code     0  libshutdown2.o(.ARM.Collect$$libshutdown$$00000004)
    __rt_lib_shutdown_user_alloc_1           0x08000167   Thumb Code     0  libshutdown2.o(.ARM.Collect$$libshutdown$$0000000C)
    __rt_entry                               0x08000169   Thumb Code     0  __rtentry.o(.ARM.Collect$$rtentry$$00000000)
    __rt_entry_presh_1                       0x08000169   Thumb Code     0  __rtentry2.o(.ARM.Collect$$rtentry$$00000002)
    __rt_entry_sh                            0x08000169   Thumb Code     0  __rtentry4.o(.ARM.Collect$$rtentry$$00000004)
    __rt_entry_li                            0x0800016f   Thumb Code     0  __rtentry2.o(.ARM.Collect$$rtentry$$0000000A)
    __rt_entry_postsh_1                      0x0800016f   Thumb Code     0  __rtentry2.o(.ARM.Collect$$rtentry$$00000009)
    __rt_entry_main                          0x08000173   Thumb Code     0  __rtentry2.o(.ARM.Collect$$rtentry$$0000000D)
    __rt_entry_postli_1                      0x08000173   Thumb Code     0  __rtentry2.o(.ARM.Collect$$rtentry$$0000000C)
    __rt_exit                                0x0800017b   Thumb Code     0  rtexit.o(.ARM.Collect$$rtexit$$00000000)
    __rt_exit_ls                             0x0800017d   Thumb Code     0  rtexit2.o(.ARM.Collect$$rtexit$$00000003)
    __rt_exit_prels_1                        0x0800017d   Thumb Code     0  rtexit2.o(.ARM.Collect$$rtexit$$00000002)
    __rt_exit_exit                           0x08000181   Thumb Code     0  rtexit2.o(.ARM.Collect$$rtexit$$00000004)
    Reset_Handler                            0x08000189   Thumb Code     8  startup_stm32f103xb.o(.text)
    ADC1_2_IRQHandler                        0x080001a3   Thumb Code     0  startup_stm32f103xb.o(.text)
    CAN1_RX1_IRQHandler                      0x080001a3   Thumb Code     0  startup_stm32f103xb.o(.text)
    CAN1_SCE_IRQHandler                      0x080001a3   Thumb Code     0  startup_stm32f103xb.o(.text)
    DMA1_Channel1_IRQHandler                 0x080001a3   Thumb Code     0  startup_stm32f103xb.o(.text)
    DMA1_Channel2_IRQHandler                 0x080001a3   Thumb Code     0  startup_stm32f103xb.o(.text)
    DMA1_Channel3_IRQHandler                 0x080001a3   Thumb Code     0  startup_stm32f103xb.o(.text)
    DMA1_Channel4_IRQHandler                 0x080001a3   Thumb Code     0  startup_stm32f103xb.o(.text)
    DMA1_Channel5_IRQHandler                 0x080001a3   Thumb Code     0  startup_stm32f103xb.o(.text)
    DMA1_Channel6_IRQHandler                 0x080001a3   Thumb Code     0  startup_stm32f103xb.o(.text)
    DMA1_Channel7_IRQHandler                 0x080001a3   Thumb Code     0  startup_stm32f103xb.o(.text)
    EXTI0_IRQHandler                         0x080001a3   Thumb Code     0  startup_stm32f103xb.o(.text)
    EXTI15_10_IRQHandler                     0x080001a3   Thumb Code     0  startup_stm32f103xb.o(.text)
    EXTI1_IRQHandler                         0x080001a3   Thumb Code     0  startup_stm32f103xb.o(.text)
    EXTI2_IRQHandler                         0x080001a3   Thumb Code     0  startup_stm32f103xb.o(.text)
    EXTI3_IRQHandler                         0x080001a3   Thumb Code     0  startup_stm32f103xb.o(.text)
    EXTI4_IRQHandler                         0x080001a3   Thumb Code     0  startup_stm32f103xb.o(.text)
    EXTI9_5_IRQHandler                       0x080001a3   Thumb Code     0  startup_stm32f103xb.o(.text)
    FLASH_IRQHandler                         0x080001a3   Thumb Code     0  startup_stm32f103xb.o(.text)
    I2C2_ER_IRQHandler                       0x080001a3   Thumb Code     0  startup_stm32f103xb.o(.text)
    I2C2_EV_IRQHandler                       0x080001a3   Thumb Code     0  startup_stm32f103xb.o(.text)
    PVD_IRQHandler                           0x080001a3   Thumb Code     0  startup_stm32f103xb.o(.text)
    RCC_IRQHandler                           0x080001a3   Thumb Code     0  startup_stm32f103xb.o(.text)
    RTC_Alarm_IRQHandler                     0x080001a3   Thumb Code     0  startup_stm32f103xb.o(.text)
    RTC_IRQHandler                           0x080001a3   Thumb Code     0  startup_stm32f103xb.o(.text)
    SPI1_IRQHandler                          0x080001a3   Thumb Code     0  startup_stm32f103xb.o(.text)
    SPI2_IRQHandler                          0x080001a3   Thumb Code     0  startup_stm32f103xb.o(.text)
    TAMPER_IRQHandler                        0x080001a3   Thumb Code     0  startup_stm32f103xb.o(.text)
    TIM1_BRK_IRQHandler                      0x080001a3   Thumb Code     0  startup_stm32f103xb.o(.text)
    TIM1_CC_IRQHandler                       0x080001a3   Thumb Code     0  startup_stm32f103xb.o(.text)
    TIM1_TRG_COM_IRQHandler                  0x080001a3   Thumb Code     0  startup_stm32f103xb.o(.text)
    TIM1_UP_IRQHandler                       0x080001a3   Thumb Code     0  startup_stm32f103xb.o(.text)
    TIM2_IRQHandler                          0x080001a3   Thumb Code     0  startup_stm32f103xb.o(.text)
    TIM3_IRQHandler                          0x080001a3   Thumb Code     0  startup_stm32f103xb.o(.text)
    USART1_IRQHandler                        0x080001a3   Thumb Code     0  startup_stm32f103xb.o(.text)
    USART2_IRQHandler                        0x080001a3   Thumb Code     0  startup_stm32f103xb.o(.text)
    USART3_IRQHandler                        0x080001a3   Thumb Code     0  startup_stm32f103xb.o(.text)
    USBWakeUp_IRQHandler                     0x080001a3   Thumb Code     0  startup_stm32f103xb.o(.text)
    USB_HP_CAN1_TX_IRQHandler                0x080001a3   Thumb Code     0  startup_stm32f103xb.o(.text)
    USB_LP_CAN1_RX0_IRQHandler               0x080001a3   Thumb Code     0  startup_stm32f103xb.o(.text)
    WWDG_IRQHandler                          0x080001a3   Thumb Code     0  startup_stm32f103xb.o(.text)
    __user_initial_stackheap                 0x080001a5   Thumb Code     0  startup_stm32f103xb.o(.text)
    __aeabi_memcpy                           0x080001c9   Thumb Code     0  rt_memcpy_v6.o(.text)
    __rt_memcpy                              0x080001c9   Thumb Code   138  rt_memcpy_v6.o(.text)
    _memcpy_lastbytes                        0x0800022f   Thumb Code     0  rt_memcpy_v6.o(.text)
    __aeabi_memset4                          0x08000253   Thumb Code    16  aeabi_memset4.o(.text)
    __aeabi_memset8                          0x08000253   Thumb Code     0  aeabi_memset4.o(.text)
    __aeabi_memclr4                          0x08000263   Thumb Code     0  rt_memclr_w.o(.text)
    __aeabi_memclr8                          0x08000263   Thumb Code     0  rt_memclr_w.o(.text)
    __rt_memclr_w                            0x08000263   Thumb Code     0  rt_memclr_w.o(.text)
    _memset_w                                0x08000267   Thumb Code    74  rt_memclr_w.o(.text)
    __use_two_region_memory                  0x080002b1   Thumb Code     2  heapauxi.o(.text)
    __rt_heap_escrow$2region                 0x080002b3   Thumb Code     2  heapauxi.o(.text)
    __rt_heap_expand$2region                 0x080002b5   Thumb Code     2  heapauxi.o(.text)
    __aeabi_memcpy4                          0x080002b7   Thumb Code     0  rt_memcpy_w.o(.text)
    __aeabi_memcpy8                          0x080002b7   Thumb Code     0  rt_memcpy_w.o(.text)
    __rt_memcpy_w                            0x080002b7   Thumb Code   100  rt_memcpy_w.o(.text)
    _memcpy_lastbytes_aligned                0x080002ff   Thumb Code     0  rt_memcpy_w.o(.text)
    __user_setup_stackheap                   0x0800031b   Thumb Code    74  sys_stackheap_outer.o(.text)
    exit                                     0x08000365   Thumb Code    18  exit.o(.text)
    __user_libspace                          0x08000379   Thumb Code     8  libspace.o(.text)
    __user_perproc_libspace                  0x08000379   Thumb Code     0  libspace.o(.text)
    __user_perthread_libspace                0x08000379   Thumb Code     0  libspace.o(.text)
    _sys_exit                                0x08000381   Thumb Code     8  sys_exit.o(.text)
    __I$use$semihosting                      0x0800038d   Thumb Code     0  use_no_semi.o(.text)
    __use_no_semihosting_swi                 0x0800038d   Thumb Code     2  use_no_semi.o(.text)
    __semihosting_library_function           0x0800038f   Thumb Code     0  indicate_semi.o(.text)
    BQ78350_Init                             0x08000391   Thumb Code    20  drv_bq78350.o(.text.BQ78350_Init)
    BusFault_Handler                         0x080003a5   Thumb Code     4  stm32f1xx_it.o(.text.BusFault_Handler)
    DebugMon_Handler                         0x080003a9   Thumb Code     2  stm32f1xx_it.o(.text.DebugMon_Handler)
    Error_Handler                            0x080003ad   Thumb Code    14  main.o(.text.Error_Handler)
    HAL_DMA_Abort_IT                         0x080003bd   Thumb Code   284  stm32f1xx_hal_dma.o(.text.HAL_DMA_Abort_IT)
    HAL_DMA_GetState                         0x080004d9   Thumb Code    14  stm32f1xx_hal_dma.o(.text.HAL_DMA_GetState)
    HAL_GPIO_Init                            0x080004e9   Thumb Code   798  stm32f1xx_hal_gpio.o(.text.HAL_GPIO_Init)
    HAL_GPIO_ReadPin                         0x08000809   Thumb Code    46  stm32f1xx_hal_gpio.o(.text.HAL_GPIO_ReadPin)
    HAL_GPIO_TogglePin                       0x08000839   Thumb Code    38  stm32f1xx_hal_gpio.o(.text.HAL_GPIO_TogglePin)
    HAL_GPIO_WritePin                        0x08000861   Thumb Code    46  stm32f1xx_hal_gpio.o(.text.HAL_GPIO_WritePin)
    HAL_GetTick                              0x08000891   Thumb Code    12  stm32f1xx_hal.o(.text.HAL_GetTick)
    HAL_I2C_AbortCpltCallback                0x0800089d   Thumb Code     8  stm32f1xx_hal_i2c.o(.text.HAL_I2C_AbortCpltCallback)
    HAL_I2C_AddrCallback                     0x080008a5   Thumb Code    16  stm32f1xx_hal_i2c.o(.text.HAL_I2C_AddrCallback)
    HAL_I2C_ER_IRQHandler                    0x080008b5   Thumb Code   390  stm32f1xx_hal_i2c.o(.text.HAL_I2C_ER_IRQHandler)
    HAL_I2C_EV_IRQHandler                    0x08000a3d   Thumb Code   970  stm32f1xx_hal_i2c.o(.text.HAL_I2C_EV_IRQHandler)
    HAL_I2C_ErrorCallback                    0x08000e09   Thumb Code     8  stm32f1xx_hal_i2c.o(.text.HAL_I2C_ErrorCallback)
    HAL_I2C_Init                             0x08000e11   Thumb Code   676  stm32f1xx_hal_i2c.o(.text.HAL_I2C_Init)
    HAL_I2C_ListenCpltCallback               0x080010b5   Thumb Code     8  stm32f1xx_hal_i2c.o(.text.HAL_I2C_ListenCpltCallback)
    HAL_I2C_MasterRxCpltCallback             0x080010bd   Thumb Code     8  stm32f1xx_hal_i2c.o(.text.HAL_I2C_MasterRxCpltCallback)
    HAL_I2C_MasterTxCpltCallback             0x080010c5   Thumb Code     8  stm32f1xx_hal_i2c.o(.text.HAL_I2C_MasterTxCpltCallback)
    HAL_I2C_MemRxCpltCallback                0x080010cd   Thumb Code     8  stm32f1xx_hal_i2c.o(.text.HAL_I2C_MemRxCpltCallback)
    HAL_I2C_MemTxCpltCallback                0x080010d5   Thumb Code     8  stm32f1xx_hal_i2c.o(.text.HAL_I2C_MemTxCpltCallback)
    HAL_I2C_Mem_Read                         0x080010dd   Thumb Code  1222  stm32f1xx_hal_i2c.o(.text.HAL_I2C_Mem_Read)
    HAL_I2C_MspInit                          0x080015a5   Thumb Code   166  i2c.o(.text.HAL_I2C_MspInit)
    HAL_I2C_SlaveRxCpltCallback              0x0800164d   Thumb Code     8  stm32f1xx_hal_i2c.o(.text.HAL_I2C_SlaveRxCpltCallback)
    HAL_I2C_SlaveTxCpltCallback              0x08001655   Thumb Code     8  stm32f1xx_hal_i2c.o(.text.HAL_I2C_SlaveTxCpltCallback)
    HAL_IncTick                              0x0800165d   Thumb Code    26  stm32f1xx_hal.o(.text.HAL_IncTick)
    HAL_Init                                 0x08001679   Thumb Code    38  stm32f1xx_hal.o(.text.HAL_Init)
    HAL_InitTick                             0x080016a1   Thumb Code   240  stm32f1xx_hal_timebase_tim.o(.text.HAL_InitTick)
    HAL_MspInit                              0x08001791   Thumb Code   114  stm32f1xx_hal_msp.o(.text.HAL_MspInit)
    HAL_NVIC_EnableIRQ                       0x08001805   Thumb Code    20  stm32f1xx_hal_cortex.o(.text.HAL_NVIC_EnableIRQ)
    HAL_NVIC_SetPriority                     0x08001819   Thumb Code    50  stm32f1xx_hal_cortex.o(.text.HAL_NVIC_SetPriority)
    HAL_NVIC_SetPriorityGrouping             0x0800184d   Thumb Code    16  stm32f1xx_hal_cortex.o(.text.HAL_NVIC_SetPriorityGrouping)
    HAL_RCC_ClockConfig                      0x0800185d   Thumb Code   598  stm32f1xx_hal_rcc.o(.text.HAL_RCC_ClockConfig)
    HAL_RCC_GetClockConfig                   0x08001ab5   Thumb Code    84  stm32f1xx_hal_rcc.o(.text.HAL_RCC_GetClockConfig)
    HAL_RCC_GetHCLKFreq                      0x08001b09   Thumb Code    12  stm32f1xx_hal_rcc.o(.text.HAL_RCC_GetHCLKFreq)
    HAL_RCC_GetPCLK1Freq                     0x08001b15   Thumb Code    34  stm32f1xx_hal_rcc.o(.text.HAL_RCC_GetPCLK1Freq)
    HAL_RCC_GetSysClockFreq                  0x08001b39   Thumb Code   228  stm32f1xx_hal_rcc.o(.text.HAL_RCC_GetSysClockFreq)
    HAL_RCC_OscConfig                        0x08001c1d   Thumb Code  1658  stm32f1xx_hal_rcc.o(.text.HAL_RCC_OscConfig)
    HAL_TIMEx_BreakCallback                  0x08002299   Thumb Code     8  stm32f1xx_hal_tim_ex.o(.text.HAL_TIMEx_BreakCallback)
    HAL_TIMEx_CommutCallback                 0x080022a1   Thumb Code     8  stm32f1xx_hal_tim_ex.o(.text.HAL_TIMEx_CommutCallback)
    HAL_TIM_Base_Init                        0x080022a9   Thumb Code   156  stm32f1xx_hal_tim.o(.text.HAL_TIM_Base_Init)
    HAL_TIM_Base_MspInit                     0x08002345   Thumb Code     8  stm32f1xx_hal_tim.o(.text.HAL_TIM_Base_MspInit)
    HAL_TIM_Base_Start_IT                    0x0800234d   Thumb Code   176  stm32f1xx_hal_tim.o(.text.HAL_TIM_Base_Start_IT)
    HAL_TIM_IC_CaptureCallback               0x080023fd   Thumb Code     8  stm32f1xx_hal_tim.o(.text.HAL_TIM_IC_CaptureCallback)
    HAL_TIM_IRQHandler                       0x08002405   Thumb Code   634  stm32f1xx_hal_tim.o(.text.HAL_TIM_IRQHandler)
    HAL_TIM_OC_DelayElapsedCallback          0x08002681   Thumb Code     8  stm32f1xx_hal_tim.o(.text.HAL_TIM_OC_DelayElapsedCallback)
    HAL_TIM_PWM_PulseFinishedCallback        0x08002689   Thumb Code     8  stm32f1xx_hal_tim.o(.text.HAL_TIM_PWM_PulseFinishedCallback)
    HAL_TIM_PeriodElapsedCallback            0x08002691   Thumb Code    34  main.o(.text.HAL_TIM_PeriodElapsedCallback)
    HAL_TIM_TriggerCallback                  0x080026b5   Thumb Code     8  stm32f1xx_hal_tim.o(.text.HAL_TIM_TriggerCallback)
    HardFault_Handler                        0x080026bd   Thumb Code     4  stm32f1xx_it.o(.text.HardFault_Handler)
    I2C1_ER_IRQHandler                       0x080026c1   Thumb Code    16  stm32f1xx_it.o(.text.I2C1_ER_IRQHandler)
    I2C1_EV_IRQHandler                       0x080026d1   Thumb Code    16  stm32f1xx_it.o(.text.I2C1_EV_IRQHandler)
    MX_FREERTOS_Init                         0x080040c9   Thumb Code   106  freertos.o(.text.MX_FREERTOS_Init)
    MX_GPIO_Init                             0x08004135   Thumb Code   268  gpio.o(.text.MX_GPIO_Init)
    MX_I2C1_Init                             0x08004241   Thumb Code    72  i2c.o(.text.MX_I2C1_Init)
    MemManage_Handler                        0x08004289   Thumb Code     4  stm32f1xx_it.o(.text.MemManage_Handler)
    NMI_Handler                              0x0800428d   Thumb Code     4  stm32f1xx_it.o(.text.NMI_Handler)
    PendSV_Handler                           0x08004301   Thumb Code    68  port.o(.text.PendSV_Handler)
    SVC_Handler                              0x08004381   Thumb Code    36  port.o(.text.SVC_Handler)
    SYS_SLEEP_callback                       0x080043a5   Thumb Code    30  systemstate_task.o(.text.SYS_SLEEP_callback)
    SYS_WAIT_SLEEP_callback                  0x080043c5   Thumb Code   138  systemstate_task.o(.text.SYS_WAIT_SLEEP_callback)
    SYS_WAKE_UP_callback                     0x08004451   Thumb Code   138  systemstate_task.o(.text.SYS_WAKE_UP_callback)
    SYS_WORKING_callback                     0x080044dd   Thumb Code    22  systemstate_task.o(.text.SYS_WORKING_callback)
    StartDefaultTask                         0x080044f5   Thumb Code    20  freertos.o(.text.StartDefaultTask)
    SysTick_Handler                          0x08004509   Thumb Code    60  port.o(.text.SysTick_Handler)
    SystemClock_Config                       0x08004545   Thumb Code   108  main.o(.text.SystemClock_Config)
    SystemInit                               0x080045b1   Thumb Code     2  system_stm32f1xx.o(.text.SystemInit)
    TIM4_IRQHandler                          0x080045b5   Thumb Code    16  stm32f1xx_it.o(.text.TIM4_IRQHandler)
    TIM_Base_SetConfig                       0x080045c5   Thumb Code   240  stm32f1xx_hal_tim.o(.text.TIM_Base_SetConfig)
    UsageFault_Handler                       0x080046b5   Thumb Code     4  stm32f1xx_it.o(.text.UsageFault_Handler)
    actionFun                                0x08004779   Thumb Code    90  systemstate_task.o(.text.actionFun)
    all_led_ctrl                             0x080047d5   Thumb Code    76  drv_led.o(.text.all_led_ctrl)
    bqRead_task                              0x08004821   Thumb Code   394  bqread_task.o(.text.bqRead_task)
    displayBattery                           0x080049ad   Thumb Code   238  drv_led.o(.text.displayBattery)
    do_action                                0x08004a9d   Thumb Code    50  systemstate_task.o(.text.do_action)
    eventTrigger                             0x08004ad1   Thumb Code   100  systemstate_task.o(.text.eventTrigger)
    getAbsoluteStateOfCharge                 0x08004b35   Thumb Code    76  drv_bq78350.o(.text.getAbsoluteStateOfCharge)
    getAverageTimeToEmpty                    0x08004b81   Thumb Code    76  drv_bq78350.o(.text.getAverageTimeToEmpty)
    getAverageTimeToFull                     0x08004bcd   Thumb Code    76  drv_bq78350.o(.text.getAverageTimeToFull)
    getBatteryStatus                         0x08004c19   Thumb Code   160  drv_bq78350.o(.text.getBatteryStatus)
    getChargingCurrent                       0x08004cb9   Thumb Code    74  drv_bq78350.o(.text.getChargingCurrent)
    getChargingVoltage                       0x08004d05   Thumb Code    76  drv_bq78350.o(.text.getChargingVoltage)
    getCurrent                               0x08004d51   Thumb Code    76  drv_bq78350.o(.text.getCurrent)
    getCycleCount                            0x08004d9d   Thumb Code    76  drv_bq78350.o(.text.getCycleCount)
    getDesignCapacity                        0x08004de9   Thumb Code    76  drv_bq78350.o(.text.getDesignCapacity)
    getFullChargeCapacity                    0x08004e35   Thumb Code    76  drv_bq78350.o(.text.getFullChargeCapacity)
    getGaugingStatus                         0x08004e81   Thumb Code   192  drv_bq78350.o(.text.getGaugingStatus)
    getOperationStatus                       0x08004f41   Thumb Code   300  drv_bq78350.o(.text.getOperationStatus)
    getPFAlert                               0x0800506d   Thumb Code   212  drv_bq78350.o(.text.getPFAlert)
    getPFStatus                              0x08005141   Thumb Code   232  drv_bq78350.o(.text.getPFStatus)
    getRelativeStateOfCharge                 0x08005229   Thumb Code    76  drv_bq78350.o(.text.getRelativeStateOfCharge)
    getResidualCapacity                      0x08005275   Thumb Code    76  drv_bq78350.o(.text.getResidualCapacity)
    getRunTimeToEmpty                        0x080052c1   Thumb Code    76  drv_bq78350.o(.text.getRunTimeToEmpty)
    getSafetyAlert                           0x0800530d   Thumb Code   234  drv_bq78350.o(.text.getSafetyAlert)
    getSafetyStatus                          0x080053f9   Thumb Code   234  drv_bq78350.o(.text.getSafetyStatus)
    getTemperature                           0x080054e5   Thumb Code    76  drv_bq78350.o(.text.getTemperature)
    getVoltage                               0x08005531   Thumb Code    76  drv_bq78350.o(.text.getVoltage)
    keyStateMachine                          0x08005591   Thumb Code   352  drv_key.o(.text.keyStateMachine)
    led_ctrl                                 0x080056f1   Thumb Code   122  drv_led.o(.text.led_ctrl)
    led_ctrl_num                             0x0800576d   Thumb Code   186  drv_led.o(.text.led_ctrl_num)
    main                                     0x08005829   Thumb Code    52  main.o(.text.main)
    osDelay                                  0x0800585d   Thumb Code    92  cmsis_os2.o(.text.osDelay)
    osKernelInitialize                       0x080058b9   Thumb Code   110  cmsis_os2.o(.text.osKernelInitialize)
    osKernelStart                            0x08005929   Thumb Code   118  cmsis_os2.o(.text.osKernelStart)
    osThreadNew                              0x080059a1   Thumb Code   402  cmsis_os2.o(.text.osThreadNew)
    pvPortMalloc                             0x08006961   Thumb Code   478  heap_4.o(.text.pvPortMalloc)
    pxPortInitialiseStack                    0x08006b41   Thumb Code    80  port.o(.text.pxPortInitialiseStack)
    set_power_switch                         0x08006b91   Thumb Code    48  drv_bq78350.o(.text.set_power_switch)
    sysState_task                            0x08006bc1   Thumb Code   162  systemstate_task.o(.text.sysState_task)
    uxListRemove                             0x08006c65   Thumb Code    72  list.o(.text.uxListRemove)
    vApplicationGetIdleTaskMemory            0x08006cad   Thumb Code    42  cmsis_os2.o(.text.vApplicationGetIdleTaskMemory)
    vApplicationGetTimerTaskMemory           0x08006cd9   Thumb Code    42  cmsis_os2.o(.text.vApplicationGetTimerTaskMemory)
    vListInitialise                          0x08006d05   Thumb Code    46  list.o(.text.vListInitialise)
    vListInitialiseItem                      0x08006d35   Thumb Code    14  list.o(.text.vListInitialiseItem)
    vListInsert                              0x08006d45   Thumb Code   106  list.o(.text.vListInsert)
    vListInsertEnd                           0x08006db1   Thumb Code    58  list.o(.text.vListInsertEnd)
    vPortEnterCritical                       0x08006ded   Thumb Code    86  port.o(.text.vPortEnterCritical)
    vPortExitCritical                        0x08006e45   Thumb Code    74  port.o(.text.vPortExitCritical)
    vPortFree                                0x08006e91   Thumb Code   192  heap_4.o(.text.vPortFree)
    vPortSetupTimerInterrupt                 0x08006f51   Thumb Code    68  port.o(.text.vPortSetupTimerInterrupt)
    vPortValidateInterruptPriority           0x08006f95   Thumb Code   132  port.o(.text.vPortValidateInterruptPriority)
    vQueueAddToRegistry                      0x08007019   Thumb Code    82  queue.o(.text.vQueueAddToRegistry)
    vQueueWaitForMessageRestricted           0x0800706d   Thumb Code   100  queue.o(.text.vQueueWaitForMessageRestricted)
    vTaskDelay                               0x080070d1   Thumb Code   110  tasks.o(.text.vTaskDelay)
    vTaskInternalSetTimeOutState             0x08007141   Thumb Code    36  tasks.o(.text.vTaskInternalSetTimeOutState)
    vTaskMissedYield                         0x08007165   Thumb Code    14  tasks.o(.text.vTaskMissedYield)
    vTaskPlaceOnEventList                    0x08007175   Thumb Code    66  tasks.o(.text.vTaskPlaceOnEventList)
    vTaskPlaceOnEventListRestricted          0x080071b9   Thumb Code    82  tasks.o(.text.vTaskPlaceOnEventListRestricted)
    vTaskStartScheduler                      0x0800720d   Thumb Code   224  tasks.o(.text.vTaskStartScheduler)
    vTaskSuspendAll                          0x080072ed   Thumb Code    16  tasks.o(.text.vTaskSuspendAll)
    vTaskSwitchContext                       0x080072fd   Thumb Code   198  tasks.o(.text.vTaskSwitchContext)
    xPortStartScheduler                      0x08007595   Thumb Code   230  port.o(.text.xPortStartScheduler)
    xQueueGenericCreateStatic                0x0800767d   Thumb Code   268  queue.o(.text.xQueueGenericCreateStatic)
    xQueueGenericReset                       0x08007789   Thumb Code   186  queue.o(.text.xQueueGenericReset)
    xQueueGenericSend                        0x08007845   Thumb Code   556  queue.o(.text.xQueueGenericSend)
    xQueueGenericSendFromISR                 0x08007a71   Thumb Code   326  queue.o(.text.xQueueGenericSendFromISR)
    xQueueReceive                            0x08007bb9   Thumb Code   476  queue.o(.text.xQueueReceive)
    xTaskCheckForTimeOut                     0x08007d95   Thumb Code   204  tasks.o(.text.xTaskCheckForTimeOut)
    xTaskCreate                              0x08007e61   Thumb Code   158  tasks.o(.text.xTaskCreate)
    xTaskCreateStatic                        0x08007f01   Thumb Code   204  tasks.o(.text.xTaskCreateStatic)
    xTaskGetSchedulerState                   0x08007fcd   Thumb Code    56  tasks.o(.text.xTaskGetSchedulerState)
    xTaskGetTickCount                        0x08008005   Thumb Code    20  tasks.o(.text.xTaskGetTickCount)
    xTaskIncrementTick                       0x08008019   Thumb Code   452  tasks.o(.text.xTaskIncrementTick)
    xTaskPriorityDisinherit                  0x080081dd   Thumb Code   236  tasks.o(.text.xTaskPriorityDisinherit)
    xTaskRemoveFromEventList                 0x080082c9   Thumb Code   206  tasks.o(.text.xTaskRemoveFromEventList)
    xTaskResumeAll                           0x08008399   Thumb Code   390  tasks.o(.text.xTaskResumeAll)
    xTimerCreateTimerTask                    0x08008521   Thumb Code   148  timers.o(.text.xTimerCreateTimerTask)
    xTimerGenericCommand                     0x080085b5   Thumb Code   176  timers.o(.text.xTimerGenericCommand)
    AHBPrescTable                            0x08008664   Data          16  system_stm32f1xx.o(.rodata.AHBPrescTable)
    APBPrescTable                            0x08008674   Data           8  system_stm32f1xx.o(.rodata.APBPrescTable)
    BQREAD_TASK_attributes                   0x0800867c   Data          36  freertos.o(.rodata.BQREAD_TASK_attributes)
    SysStateTask_attributes                  0x080086a0   Data          36  freertos.o(.rodata.SysStateTask_attributes)
    defaultTask_attributes                   0x080086c4   Data          36  freertos.o(.rodata.defaultTask_attributes)
    Region$$Table$$Base                      0x08008720   Number         0  anon$$obj.o(Region$$Table)
    Region$$Table$$Limit                     0x08008740   Number         0  anon$$obj.o(Region$$Table)
    SYS_SLEEP_StateTran                      0x20000000   Data          32  systemstate_task.o(.data.SYS_SLEEP_StateTran)
    SYS_WAIT_SLEEP_StateTran                 0x20000020   Data          32  systemstate_task.o(.data.SYS_WAIT_SLEEP_StateTran)
    SYS_WAKE_UP_StateTran                    0x20000040   Data          32  systemstate_task.o(.data.SYS_WAKE_UP_StateTran)
    SYS_WORKING_StateTran                    0x20000060   Data          32  systemstate_task.o(.data.SYS_WORKING_StateTran)
    SystemCoreClock                          0x20000080   Data           4  system_stm32f1xx.o(.data.SystemCoreClock)
    bq78350                                  0x20000084   Data          88  drv_bq78350.o(.data.bq78350)
    keyCfg                                   0x200000dc   Data          12  drv_key.o(.data.keyCfg)
    uwTickFreq                               0x200000e8   Data           1  stm32f1xx_hal.o(.data.uwTickFreq)
    uwTickPrio                               0x200000ec   Data           4  stm32f1xx_hal.o(.data.uwTickPrio)
    __libspace_start                         0x200000f8   Data          96  libspace.o(.bss)
    BQREAD_TASKHandle                        0x20000158   Data           4  freertos.o(.bss.BQREAD_TASKHandle)
    __temporary_stack_top$libspace           0x20000158   Data           0  libspace.o(.bss)
    SysStateTaskHandle                       0x200002bc   Data           4  freertos.o(.bss.SysStateTaskHandle)
    battery                                  0x2000051c   Data         152  drv_bq78350.o(.bss.battery)
    defaultTaskHandle                        0x200005b4   Data           4  freertos.o(.bss.defaultTaskHandle)
    fsm_evt                                  0x200005b8   Data           1  systemstate_task.o(.bss.fsm_evt)
    globalState                              0x200005b9   Data           1  systemstate_task.o(.bss.globalState)
    hi2c1                                    0x200005bc   Data          84  i2c.o(.bss.hi2c1)
    htim4                                    0x20000614   Data          72  stm32f1xx_hal_timebase_tim.o(.bss.htim4)
    led_count                                0x2000065c   Data           4  drv_led.o(.bss.led_count)
    led_sta_count                            0x20000660   Data           2  systemstate_task.o(.bss.led_sta_count)
    pxCurrentTCB                             0x20000758   Data           4  tasks.o(.bss.pxCurrentTCB)
    sta_count                                0x20000bd0   Data           2  systemstate_task.o(.bss.sta_count)
    uwTick                                   0x200017d8   Data           4  stm32f1xx_hal.o(.bss.uwTick)
    xQueueRegistry                           0x20001870   Data          64  queue.o(.bss.xQueueRegistry)



==============================================================================

Memory Map of the image

  Image Entry point : 0x080000ed

  Load Region LR_IROM1 (Base: 0x08000000, Size: 0x00008838, Max: 0x00010000, ABSOLUTE)

    Execution Region ER_IROM1 (Exec base: 0x08000000, Load base: 0x08000000, Size: 0x00008740, Max: 0x00010000, ABSOLUTE)

    Exec Addr    Load Addr    Size         Type   Attr      Idx    E Section Name        Object

    0x08000000   0x08000000   0x000000ec   Data   RO            3    RESET               startup_stm32f103xb.o
    0x080000ec   0x080000ec   0x00000008   Code   RO         1834  * !!!main             c_w.l(__main.o)
    0x080000f4   0x080000f4   0x00000034   Code   RO         2001    !!!scatter          c_w.l(__scatter.o)
    0x08000128   0x08000128   0x0000001a   Code   RO         2003    !!handler_copy      c_w.l(__scatter_copy.o)
    0x08000142   0x08000142   0x00000002   PAD
    0x08000144   0x08000144   0x0000001c   Code   RO         2005    !!handler_zi        c_w.l(__scatter_zi.o)
    0x08000160   0x08000160   0x00000002   Code   RO         1863    .ARM.Collect$$libinit$$00000000  c_w.l(libinit.o)
    0x08000162   0x08000162   0x00000000   Code   RO         1870    .ARM.Collect$$libinit$$00000002  c_w.l(libinit2.o)
    0x08000162   0x08000162   0x00000000   Code   RO         1872    .ARM.Collect$$libinit$$00000004  c_w.l(libinit2.o)
    0x08000162   0x08000162   0x00000000   Code   RO         1874    .ARM.Collect$$libinit$$00000006  c_w.l(libinit2.o)
    0x08000162   0x08000162   0x00000000   Code   RO         1877    .ARM.Collect$$libinit$$0000000C  c_w.l(libinit2.o)
    0x08000162   0x08000162   0x00000000   Code   RO         1879    .ARM.Collect$$libinit$$0000000E  c_w.l(libinit2.o)
    0x08000162   0x08000162   0x00000000   Code   RO         1881    .ARM.Collect$$libinit$$00000010  c_w.l(libinit2.o)
    0x08000162   0x08000162   0x00000000   Code   RO         1884    .ARM.Collect$$libinit$$00000013  c_w.l(libinit2.o)
    0x08000162   0x08000162   0x00000000   Code   RO         1886    .ARM.Collect$$libinit$$00000015  c_w.l(libinit2.o)
    0x08000162   0x08000162   0x00000000   Code   RO         1888    .ARM.Collect$$libinit$$00000017  c_w.l(libinit2.o)
    0x08000162   0x08000162   0x00000000   Code   RO         1890    .ARM.Collect$$libinit$$00000019  c_w.l(libinit2.o)
    0x08000162   0x08000162   0x00000000   Code   RO         1892    .ARM.Collect$$libinit$$0000001B  c_w.l(libinit2.o)
    0x08000162   0x08000162   0x00000000   Code   RO         1894    .ARM.Collect$$libinit$$0000001D  c_w.l(libinit2.o)
    0x08000162   0x08000162   0x00000000   Code   RO         1896    .ARM.Collect$$libinit$$0000001F  c_w.l(libinit2.o)
    0x08000162   0x08000162   0x00000000   Code   RO         1898    .ARM.Collect$$libinit$$00000021  c_w.l(libinit2.o)
    0x08000162   0x08000162   0x00000000   Code   RO         1900    .ARM.Collect$$libinit$$00000023  c_w.l(libinit2.o)
    0x08000162   0x08000162   0x00000000   Code   RO         1902    .ARM.Collect$$libinit$$00000025  c_w.l(libinit2.o)
    0x08000162   0x08000162   0x00000000   Code   RO         1904    .ARM.Collect$$libinit$$00000027  c_w.l(libinit2.o)
    0x08000162   0x08000162   0x00000000   Code   RO         1908    .ARM.Collect$$libinit$$0000002E  c_w.l(libinit2.o)
    0x08000162   0x08000162   0x00000000   Code   RO         1910    .ARM.Collect$$libinit$$00000030  c_w.l(libinit2.o)
    0x08000162   0x08000162   0x00000000   Code   RO         1912    .ARM.Collect$$libinit$$00000032  c_w.l(libinit2.o)
    0x08000162   0x08000162   0x00000000   Code   RO         1914    .ARM.Collect$$libinit$$00000034  c_w.l(libinit2.o)
    0x08000162   0x08000162   0x00000002   Code   RO         1915    .ARM.Collect$$libinit$$00000035  c_w.l(libinit2.o)
    0x08000164   0x08000164   0x00000002   Code   RO         1937    .ARM.Collect$$libshutdown$$00000000  c_w.l(libshutdown.o)
    0x08000166   0x08000166   0x00000000   Code   RO         1952    .ARM.Collect$$libshutdown$$00000002  c_w.l(libshutdown2.o)
    0x08000166   0x08000166   0x00000000   Code   RO         1954    .ARM.Collect$$libshutdown$$00000004  c_w.l(libshutdown2.o)
    0x08000166   0x08000166   0x00000000   Code   RO         1957    .ARM.Collect$$libshutdown$$00000007  c_w.l(libshutdown2.o)
    0x08000166   0x08000166   0x00000000   Code   RO         1960    .ARM.Collect$$libshutdown$$0000000A  c_w.l(libshutdown2.o)
    0x08000166   0x08000166   0x00000000   Code   RO         1962    .ARM.Collect$$libshutdown$$0000000C  c_w.l(libshutdown2.o)
    0x08000166   0x08000166   0x00000000   Code   RO         1965    .ARM.Collect$$libshutdown$$0000000F  c_w.l(libshutdown2.o)
    0x08000166   0x08000166   0x00000002   Code   RO         1966    .ARM.Collect$$libshutdown$$00000010  c_w.l(libshutdown2.o)
    0x08000168   0x08000168   0x00000000   Code   RO         1836    .ARM.Collect$$rtentry$$00000000  c_w.l(__rtentry.o)
    0x08000168   0x08000168   0x00000000   Code   RO         1840    .ARM.Collect$$rtentry$$00000002  c_w.l(__rtentry2.o)
    0x08000168   0x08000168   0x00000006   Code   RO         1852    .ARM.Collect$$rtentry$$00000004  c_w.l(__rtentry4.o)
    0x0800016e   0x0800016e   0x00000000   Code   RO         1842    .ARM.Collect$$rtentry$$00000009  c_w.l(__rtentry2.o)
    0x0800016e   0x0800016e   0x00000004   Code   RO         1843    .ARM.Collect$$rtentry$$0000000A  c_w.l(__rtentry2.o)
    0x08000172   0x08000172   0x00000000   Code   RO         1845    .ARM.Collect$$rtentry$$0000000C  c_w.l(__rtentry2.o)
    0x08000172   0x08000172   0x00000008   Code   RO         1846    .ARM.Collect$$rtentry$$0000000D  c_w.l(__rtentry2.o)
    0x0800017a   0x0800017a   0x00000002   Code   RO         1867    .ARM.Collect$$rtexit$$00000000  c_w.l(rtexit.o)
    0x0800017c   0x0800017c   0x00000000   Code   RO         1917    .ARM.Collect$$rtexit$$00000002  c_w.l(rtexit2.o)
    0x0800017c   0x0800017c   0x00000004   Code   RO         1918    .ARM.Collect$$rtexit$$00000003  c_w.l(rtexit2.o)
    0x08000180   0x08000180   0x00000006   Code   RO         1919    .ARM.Collect$$rtexit$$00000004  c_w.l(rtexit2.o)
    0x08000186   0x08000186   0x00000002   PAD
    0x08000188   0x08000188   0x00000040   Code   RO            4    .text               startup_stm32f103xb.o
    0x080001c8   0x080001c8   0x0000008a   Code   RO         1822    .text               c_w.l(rt_memcpy_v6.o)
    0x08000252   0x08000252   0x00000010   Code   RO         1826    .text               c_w.l(aeabi_memset4.o)
    0x08000262   0x08000262   0x0000004e   Code   RO         1830    .text               c_w.l(rt_memclr_w.o)
    0x080002b0   0x080002b0   0x00000006   Code   RO         1832    .text               c_w.l(heapauxi.o)
    0x080002b6   0x080002b6   0x00000064   Code   RO         1837    .text               c_w.l(rt_memcpy_w.o)
    0x0800031a   0x0800031a   0x0000004a   Code   RO         1854    .text               c_w.l(sys_stackheap_outer.o)
    0x08000364   0x08000364   0x00000012   Code   RO         1856    .text               c_w.l(exit.o)
    0x08000376   0x08000376   0x00000002   PAD
    0x08000378   0x08000378   0x00000008   Code   RO         1864    .text               c_w.l(libspace.o)
    0x08000380   0x08000380   0x0000000c   Code   RO         1927    .text               c_w.l(sys_exit.o)
    0x0800038c   0x0800038c   0x00000002   Code   RO         1942    .text               c_w.l(use_no_semi.o)
    0x0800038e   0x0800038e   0x00000000   Code   RO         1944    .text               c_w.l(indicate_semi.o)
    0x0800038e   0x0800038e   0x00000002   PAD
    0x08000390   0x08000390   0x00000014   Code   RO         1724    .text.BQ78350_Init  drv_bq78350.o
    0x080003a4   0x080003a4   0x00000004   Code   RO           77    .text.BusFault_Handler  stm32f1xx_it.o
    0x080003a8   0x080003a8   0x00000002   Code   RO           81    .text.DebugMon_Handler  stm32f1xx_it.o
    0x080003aa   0x080003aa   0x00000002   PAD
    0x080003ac   0x080003ac   0x0000000e   Code   RO           15    .text.Error_Handler  main.o
    0x080003ba   0x080003ba   0x00000002   PAD
    0x080003bc   0x080003bc   0x0000011c   Code   RO          280    .text.HAL_DMA_Abort_IT  stm32f1xx_hal_dma.o
    0x080004d8   0x080004d8   0x0000000e   Code   RO          290    .text.HAL_DMA_GetState  stm32f1xx_hal_dma.o
    0x080004e6   0x080004e6   0x00000002   PAD
    0x080004e8   0x080004e8   0x0000031e   Code   RO          245    .text.HAL_GPIO_Init  stm32f1xx_hal_gpio.o
    0x08000806   0x08000806   0x00000002   PAD
    0x08000808   0x08000808   0x0000002e   Code   RO          249    .text.HAL_GPIO_ReadPin  stm32f1xx_hal_gpio.o
    0x08000836   0x08000836   0x00000002   PAD
    0x08000838   0x08000838   0x00000026   Code   RO          253    .text.HAL_GPIO_TogglePin  stm32f1xx_hal_gpio.o
    0x0800085e   0x0800085e   0x00000002   PAD
    0x08000860   0x08000860   0x0000002e   Code   RO          251    .text.HAL_GPIO_WritePin  stm32f1xx_hal_gpio.o
    0x0800088e   0x0800088e   0x00000002   PAD
    0x08000890   0x08000890   0x0000000c   Code   RO          143    .text.HAL_GetTick   stm32f1xx_hal.o
    0x0800089c   0x0800089c   0x00000008   Code   RO          657    .text.HAL_I2C_AbortCpltCallback  stm32f1xx_hal_i2c.o
    0x080008a4   0x080008a4   0x00000010   Code   RO          647    .text.HAL_I2C_AddrCallback  stm32f1xx_hal_i2c.o
    0x080008b4   0x080008b4   0x00000186   Code   RO          635    .text.HAL_I2C_ER_IRQHandler  stm32f1xx_hal_i2c.o
    0x08000a3a   0x08000a3a   0x00000002   PAD
    0x08000a3c   0x08000a3c   0x000003ca   Code   RO          603    .text.HAL_I2C_EV_IRQHandler  stm32f1xx_hal_i2c.o
    0x08000e06   0x08000e06   0x00000002   PAD
    0x08000e08   0x08000e08   0x00000008   Code   RO          655    .text.HAL_I2C_ErrorCallback  stm32f1xx_hal_i2c.o
    0x08000e10   0x08000e10   0x000002a4   Code   RO          509    .text.HAL_I2C_Init  stm32f1xx_hal_i2c.o
    0x080010b4   0x080010b4   0x00000008   Code   RO          649    .text.HAL_I2C_ListenCpltCallback  stm32f1xx_hal_i2c.o
    0x080010bc   0x080010bc   0x00000008   Code   RO          641    .text.HAL_I2C_MasterRxCpltCallback  stm32f1xx_hal_i2c.o
    0x080010c4   0x080010c4   0x00000008   Code   RO          639    .text.HAL_I2C_MasterTxCpltCallback  stm32f1xx_hal_i2c.o
    0x080010cc   0x080010cc   0x00000008   Code   RO          653    .text.HAL_I2C_MemRxCpltCallback  stm32f1xx_hal_i2c.o
    0x080010d4   0x080010d4   0x00000008   Code   RO          651    .text.HAL_I2C_MemTxCpltCallback  stm32f1xx_hal_i2c.o
    0x080010dc   0x080010dc   0x000004c6   Code   RO          563    .text.HAL_I2C_Mem_Read  stm32f1xx_hal_i2c.o
    0x080015a2   0x080015a2   0x00000002   PAD
    0x080015a4   0x080015a4   0x000000a6   Code   RO           59    .text.HAL_I2C_MspInit  i2c.o
    0x0800164a   0x0800164a   0x00000002   PAD
    0x0800164c   0x0800164c   0x00000008   Code   RO          645    .text.HAL_I2C_SlaveRxCpltCallback  stm32f1xx_hal_i2c.o
    0x08001654   0x08001654   0x00000008   Code   RO          643    .text.HAL_I2C_SlaveTxCpltCallback  stm32f1xx_hal_i2c.o
    0x0800165c   0x0800165c   0x0000001a   Code   RO          141    .text.HAL_IncTick   stm32f1xx_hal.o
    0x08001676   0x08001676   0x00000002   PAD
    0x08001678   0x08001678   0x00000026   Code   RO          131    .text.HAL_Init      stm32f1xx_hal.o
    0x0800169e   0x0800169e   0x00000002   PAD
    0x080016a0   0x080016a0   0x000000f0   Code   RO          104    .text.HAL_InitTick  stm32f1xx_hal_timebase_tim.o
    0x08001790   0x08001790   0x00000072   Code   RO           96    .text.HAL_MspInit   stm32f1xx_hal_msp.o
    0x08001802   0x08001802   0x00000002   PAD
    0x08001804   0x08001804   0x00000014   Code   RO          313    .text.HAL_NVIC_EnableIRQ  stm32f1xx_hal_cortex.o
    0x08001818   0x08001818   0x00000032   Code   RO          305    .text.HAL_NVIC_SetPriority  stm32f1xx_hal_cortex.o
    0x0800184a   0x0800184a   0x00000002   PAD
    0x0800184c   0x0800184c   0x00000010   Code   RO          301    .text.HAL_NVIC_SetPriorityGrouping  stm32f1xx_hal_cortex.o
    0x0800185c   0x0800185c   0x00000256   Code   RO          197    .text.HAL_RCC_ClockConfig  stm32f1xx_hal_rcc.o
    0x08001ab2   0x08001ab2   0x00000002   PAD
    0x08001ab4   0x08001ab4   0x00000054   Code   RO          215    .text.HAL_RCC_GetClockConfig  stm32f1xx_hal_rcc.o
    0x08001b08   0x08001b08   0x0000000c   Code   RO          207    .text.HAL_RCC_GetHCLKFreq  stm32f1xx_hal_rcc.o
    0x08001b14   0x08001b14   0x00000022   Code   RO          209    .text.HAL_RCC_GetPCLK1Freq  stm32f1xx_hal_rcc.o
    0x08001b36   0x08001b36   0x00000002   PAD
    0x08001b38   0x08001b38   0x000000e4   Code   RO          199    .text.HAL_RCC_GetSysClockFreq  stm32f1xx_hal_rcc.o
    0x08001c1c   0x08001c1c   0x0000067a   Code   RO          193    .text.HAL_RCC_OscConfig  stm32f1xx_hal_rcc.o
    0x08002296   0x08002296   0x00000002   PAD
    0x08002298   0x08002298   0x00000008   Code   RO         1001    .text.HAL_TIMEx_BreakCallback  stm32f1xx_hal_tim_ex.o
    0x080022a0   0x080022a0   0x00000008   Code   RO          997    .text.HAL_TIMEx_CommutCallback  stm32f1xx_hal_tim_ex.o
    0x080022a8   0x080022a8   0x0000009c   Code   RO          678    .text.HAL_TIM_Base_Init  stm32f1xx_hal_tim.o
    0x08002344   0x08002344   0x00000008   Code   RO          680    .text.HAL_TIM_Base_MspInit  stm32f1xx_hal_tim.o
    0x0800234c   0x0800234c   0x000000b0   Code   RO          692    .text.HAL_TIM_Base_Start_IT  stm32f1xx_hal_tim.o
    0x080023fc   0x080023fc   0x00000008   Code   RO          814    .text.HAL_TIM_IC_CaptureCallback  stm32f1xx_hal_tim.o
    0x08002404   0x08002404   0x0000027a   Code   RO          812    .text.HAL_TIM_IRQHandler  stm32f1xx_hal_tim.o
    0x0800267e   0x0800267e   0x00000002   PAD
    0x08002680   0x08002680   0x00000008   Code   RO          816    .text.HAL_TIM_OC_DelayElapsedCallback  stm32f1xx_hal_tim.o
    0x08002688   0x08002688   0x00000008   Code   RO          818    .text.HAL_TIM_PWM_PulseFinishedCallback  stm32f1xx_hal_tim.o
    0x08002690   0x08002690   0x00000022   Code   RO           17    .text.HAL_TIM_PeriodElapsedCallback  main.o
    0x080026b2   0x080026b2   0x00000002   PAD
    0x080026b4   0x080026b4   0x00000008   Code   RO          822    .text.HAL_TIM_TriggerCallback  stm32f1xx_hal_tim.o
    0x080026bc   0x080026bc   0x00000004   Code   RO           73    .text.HardFault_Handler  stm32f1xx_it.o
    0x080026c0   0x080026c0   0x00000010   Code   RO           87    .text.I2C1_ER_IRQHandler  stm32f1xx_it.o
    0x080026d0   0x080026d0   0x00000010   Code   RO           85    .text.I2C1_EV_IRQHandler  stm32f1xx_it.o
    0x080026e0   0x080026e0   0x00000034   Code   RO          605    .text.I2C_ConvertOtherXferOptions  stm32f1xx_hal_i2c.o
    0x08002714   0x08002714   0x00000156   Code   RO          589    .text.I2C_DMAAbort  stm32f1xx_hal_i2c.o
    0x0800286a   0x0800286a   0x00000002   PAD
    0x0800286c   0x0800286c   0x0000027a   Code   RO          601    .text.I2C_ITError   stm32f1xx_hal_i2c.o
    0x08002ae6   0x08002ae6   0x00000002   PAD
    0x08002ae8   0x08002ae8   0x00000064   Code   RO          669    .text.I2C_IsAcknowledgeFailed  stm32f1xx_hal_i2c.o
    0x08002b4c   0x08002b4c   0x0000019e   Code   RO          621    .text.I2C_MasterReceive_BTF  stm32f1xx_hal_i2c.o
    0x08002cea   0x08002cea   0x00000002   PAD
    0x08002cec   0x08002cec   0x0000013c   Code   RO          619    .text.I2C_MasterReceive_RXNE  stm32f1xx_hal_i2c.o
    0x08002e28   0x08002e28   0x000000de   Code   RO          615    .text.I2C_MasterTransmit_BTF  stm32f1xx_hal_i2c.o
    0x08002f06   0x08002f06   0x00000002   PAD
    0x08002f08   0x08002f08   0x0000013e   Code   RO          613    .text.I2C_MasterTransmit_TXE  stm32f1xx_hal_i2c.o
    0x08003046   0x08003046   0x00000002   PAD
    0x08003048   0x08003048   0x00000046   Code   RO          609    .text.I2C_Master_ADD10  stm32f1xx_hal_i2c.o
    0x0800308e   0x0800308e   0x00000002   PAD
    0x08003090   0x08003090   0x00000358   Code   RO          611    .text.I2C_Master_ADDR  stm32f1xx_hal_i2c.o
    0x080033e8   0x080033e8   0x000000f0   Code   RO          607    .text.I2C_Master_SB  stm32f1xx_hal_i2c.o
    0x080034d8   0x080034d8   0x00000122   Code   RO          617    .text.I2C_MemoryTransmit_TXE_BTF  stm32f1xx_hal_i2c.o
    0x080035fa   0x080035fa   0x00000002   PAD
    0x080035fc   0x080035fc   0x000001e2   Code   RO          565    .text.I2C_RequestMemoryRead  stm32f1xx_hal_i2c.o
    0x080037de   0x080037de   0x00000002   PAD
    0x080037e0   0x080037e0   0x0000002e   Code   RO          633    .text.I2C_SlaveReceive_BTF  stm32f1xx_hal_i2c.o
    0x0800380e   0x0800380e   0x00000002   PAD
    0x08003810   0x08003810   0x0000006e   Code   RO          631    .text.I2C_SlaveReceive_RXNE  stm32f1xx_hal_i2c.o
    0x0800387e   0x0800387e   0x00000002   PAD
    0x08003880   0x08003880   0x0000002c   Code   RO          629    .text.I2C_SlaveTransmit_BTF  stm32f1xx_hal_i2c.o
    0x080038ac   0x080038ac   0x0000006c   Code   RO          627    .text.I2C_SlaveTransmit_TXE  stm32f1xx_hal_i2c.o
    0x08003918   0x08003918   0x000000ae   Code   RO          623    .text.I2C_Slave_ADDR  stm32f1xx_hal_i2c.o
    0x080039c6   0x080039c6   0x00000002   PAD
    0x080039c8   0x080039c8   0x000000de   Code   RO          637    .text.I2C_Slave_AF  stm32f1xx_hal_i2c.o
    0x08003aa6   0x08003aa6   0x00000002   PAD
    0x08003aa8   0x08003aa8   0x0000024a   Code   RO          625    .text.I2C_Slave_STOPF  stm32f1xx_hal_i2c.o
    0x08003cf2   0x08003cf2   0x00000002   PAD
    0x08003cf4   0x08003cf4   0x000000be   Code   RO          519    .text.I2C_WaitOnFlagUntilTimeout  stm32f1xx_hal_i2c.o
    0x08003db2   0x08003db2   0x00000002   PAD
    0x08003db4   0x08003db4   0x00000110   Code   RO          667    .text.I2C_WaitOnMasterAddressFlagUntilTimeout  stm32f1xx_hal_i2c.o
    0x08003ec4   0x08003ec4   0x000000c6   Code   RO          531    .text.I2C_WaitOnRXNEFlagUntilTimeout  stm32f1xx_hal_i2c.o
    0x08003f8a   0x08003f8a   0x00000002   PAD
    0x08003f8c   0x08003f8c   0x00000078   Code   RO          665    .text.I2C_WaitOnSTOPRequestThroughIT  stm32f1xx_hal_i2c.o
    0x08004004   0x08004004   0x00000094   Code   RO          523    .text.I2C_WaitOnTXEFlagUntilTimeout  stm32f1xx_hal_i2c.o
    0x08004098   0x08004098   0x00000030   Code   RO         1741    .text.KEY_GetAction_PressOrRelease  drv_key.o
    0x080040c8   0x080040c8   0x0000006a   Code   RO           35    .text.MX_FREERTOS_Init  freertos.o
    0x08004132   0x08004132   0x00000002   PAD
    0x08004134   0x08004134   0x0000010c   Code   RO           27    .text.MX_GPIO_Init  gpio.o
    0x08004240   0x08004240   0x00000048   Code   RO           57    .text.MX_I2C1_Init  i2c.o
    0x08004288   0x08004288   0x00000004   Code   RO           75    .text.MemManage_Handler  stm32f1xx_it.o
    0x0800428c   0x0800428c   0x00000004   Code   RO           71    .text.NMI_Handler   stm32f1xx_it.o
    0x08004290   0x08004290   0x0000006c   Code   RO          311    .text.NVIC_EncodePriority  stm32f1xx_hal_cortex.o
    0x080042fc   0x080042fc   0x00000004   PAD
    0x08004300   0x08004300   0x00000044   Code   RO         1632    .text.PendSV_Handler  port.o
    0x08004344   0x08004344   0x0000003a   Code   RO          195    .text.RCC_Delay     stm32f1xx_hal_rcc.o
    0x0800437e   0x0800437e   0x00000002   PAD
    0x08004380   0x08004380   0x00000024   Code   RO         1618    .text.SVC_Handler   port.o
    0x080043a4   0x080043a4   0x0000001e   Code   RO         1785    .text.SYS_SLEEP_callback  systemstate_task.o
    0x080043c2   0x080043c2   0x00000002   PAD
    0x080043c4   0x080043c4   0x0000008a   Code   RO         1791    .text.SYS_WAIT_SLEEP_callback  systemstate_task.o
    0x0800444e   0x0800444e   0x00000002   PAD
    0x08004450   0x08004450   0x0000008a   Code   RO         1787    .text.SYS_WAKE_UP_callback  systemstate_task.o
    0x080044da   0x080044da   0x00000002   PAD
    0x080044dc   0x080044dc   0x00000016   Code   RO         1789    .text.SYS_WORKING_callback  systemstate_task.o
    0x080044f2   0x080044f2   0x00000002   PAD
    0x080044f4   0x080044f4   0x00000014   Code   RO           37    .text.StartDefaultTask  freertos.o
    0x08004508   0x08004508   0x0000003c   Code   RO         1634    .text.SysTick_Handler  port.o
    0x08004544   0x08004544   0x0000006c   Code   RO           13    .text.SystemClock_Config  main.o
    0x080045b0   0x080045b0   0x00000002   Code   RO         1014    .text.SystemInit    system_stm32f1xx.o
    0x080045b2   0x080045b2   0x00000002   PAD
    0x080045b4   0x080045b4   0x00000010   Code   RO           83    .text.TIM4_IRQHandler  stm32f1xx_it.o
    0x080045c4   0x080045c4   0x000000f0   Code   RO          682    .text.TIM_Base_SetConfig  stm32f1xx_hal_tim.o
    0x080046b4   0x080046b4   0x00000004   Code   RO           79    .text.UsageFault_Handler  stm32f1xx_it.o
    0x080046b8   0x080046b8   0x00000030   Code   RO          315    .text.__NVIC_EnableIRQ  stm32f1xx_hal_cortex.o
    0x080046e8   0x080046e8   0x00000010   Code   RO          307    .text.__NVIC_GetPriorityGrouping  stm32f1xx_hal_cortex.o
    0x080046f8   0x080046f8   0x00000042   Code   RO          309    .text.__NVIC_SetPriority  stm32f1xx_hal_cortex.o
    0x0800473a   0x0800473a   0x00000002   PAD
    0x0800473c   0x0800473c   0x0000003c   Code   RO          303    .text.__NVIC_SetPriorityGrouping  stm32f1xx_hal_cortex.o
    0x08004778   0x08004778   0x0000005a   Code   RO         1777    .text.actionFun     systemstate_task.o
    0x080047d2   0x080047d2   0x00000002   PAD
    0x080047d4   0x080047d4   0x0000004c   Code   RO         1648    .text.all_led_ctrl  drv_led.o
    0x08004820   0x08004820   0x0000018a   Code   RO         1769    .text.bqRead_task   bqread_task.o
    0x080049aa   0x080049aa   0x00000002   PAD
    0x080049ac   0x080049ac   0x000000ee   Code   RO         1654    .text.displayBattery  drv_led.o
    0x08004a9a   0x08004a9a   0x00000002   PAD
    0x08004a9c   0x08004a9c   0x00000032   Code   RO         1783    .text.do_action     systemstate_task.o
    0x08004ace   0x08004ace   0x00000002   PAD
    0x08004ad0   0x08004ad0   0x00000064   Code   RO         1781    .text.eventTrigger  systemstate_task.o
    0x08004b34   0x08004b34   0x0000004c   Code   RO         1690    .text.getAbsoluteStateOfCharge  drv_bq78350.o
    0x08004b80   0x08004b80   0x0000004c   Code   RO         1696    .text.getAverageTimeToEmpty  drv_bq78350.o
    0x08004bcc   0x08004bcc   0x0000004c   Code   RO         1698    .text.getAverageTimeToFull  drv_bq78350.o
    0x08004c18   0x08004c18   0x000000a0   Code   RO         1704    .text.getBatteryStatus  drv_bq78350.o
    0x08004cb8   0x08004cb8   0x0000004a   Code   RO         1700    .text.getChargingCurrent  drv_bq78350.o
    0x08004d02   0x08004d02   0x00000002   PAD
    0x08004d04   0x08004d04   0x0000004c   Code   RO         1702    .text.getChargingVoltage  drv_bq78350.o
    0x08004d50   0x08004d50   0x0000004c   Code   RO         1682    .text.getCurrent    drv_bq78350.o
    0x08004d9c   0x08004d9c   0x0000004c   Code   RO         1706    .text.getCycleCount  drv_bq78350.o
    0x08004de8   0x08004de8   0x0000004c   Code   RO         1708    .text.getDesignCapacity  drv_bq78350.o
    0x08004e34   0x08004e34   0x0000004c   Code   RO         1692    .text.getFullChargeCapacity  drv_bq78350.o
    0x08004e80   0x08004e80   0x000000c0   Code   RO         1720    .text.getGaugingStatus  drv_bq78350.o
    0x08004f40   0x08004f40   0x0000012c   Code   RO         1710    .text.getOperationStatus  drv_bq78350.o
    0x0800506c   0x0800506c   0x000000d4   Code   RO         1716    .text.getPFAlert    drv_bq78350.o
    0x08005140   0x08005140   0x000000e8   Code   RO         1718    .text.getPFStatus   drv_bq78350.o
    0x08005228   0x08005228   0x0000004c   Code   RO         1688    .text.getRelativeStateOfCharge  drv_bq78350.o
    0x08005274   0x08005274   0x0000004c   Code   RO         1686    .text.getResidualCapacity  drv_bq78350.o
    0x080052c0   0x080052c0   0x0000004c   Code   RO         1694    .text.getRunTimeToEmpty  drv_bq78350.o
    0x0800530c   0x0800530c   0x000000ea   Code   RO         1712    .text.getSafetyAlert  drv_bq78350.o
    0x080053f6   0x080053f6   0x00000002   PAD
    0x080053f8   0x080053f8   0x000000ea   Code   RO         1714    .text.getSafetyStatus  drv_bq78350.o
    0x080054e2   0x080054e2   0x00000002   PAD
    0x080054e4   0x080054e4   0x0000004c   Code   RO         1684    .text.getTemperature  drv_bq78350.o
    0x08005530   0x08005530   0x0000004c   Code   RO         1680    .text.getVoltage    drv_bq78350.o
    0x0800557c   0x0800557c   0x00000012   Code   RO         1737    .text.keyReadPin    drv_key.o
    0x0800558e   0x0800558e   0x00000002   PAD
    0x08005590   0x08005590   0x00000160   Code   RO         1739    .text.keyStateMachine  drv_key.o
    0x080056f0   0x080056f0   0x0000007a   Code   RO         1650    .text.led_ctrl      drv_led.o
    0x0800576a   0x0800576a   0x00000002   PAD
    0x0800576c   0x0800576c   0x000000ba   Code   RO         1652    .text.led_ctrl_num  drv_led.o
    0x08005826   0x08005826   0x00000002   PAD
    0x08005828   0x08005828   0x00000034   Code   RO           11    .text.main          main.o
    0x0800585c   0x0800585c   0x0000005c   Code   RO         1502    .text.osDelay       cmsis_os2.o
    0x080058b8   0x080058b8   0x0000006e   Code   RO         1442    .text.osKernelInitialize  cmsis_os2.o
    0x08005926   0x08005926   0x00000002   PAD
    0x08005928   0x08005928   0x00000076   Code   RO         1448    .text.osKernelStart  cmsis_os2.o
    0x0800599e   0x0800599e   0x00000002   PAD
    0x080059a0   0x080059a0   0x00000192   Code   RO         1464    .text.osThreadNew   cmsis_os2.o
    0x08005b32   0x08005b32   0x00000002   PAD
    0x08005b34   0x08005b34   0x000000d4   Code   RO         1244    .text.prvAddCurrentTaskToDelayedList  tasks.o
    0x08005c08   0x08005c08   0x00000122   Code   RO         1230    .text.prvAddNewTaskToReadyList  tasks.o
    0x08005d2a   0x08005d2a   0x00000002   PAD
    0x08005d2c   0x08005d2c   0x000000a2   Code   RO         1377    .text.prvCheckForValidListAndQueue  timers.o
    0x08005dce   0x08005dce   0x00000002   PAD
    0x08005dd0   0x08005dd0   0x0000005a   Code   RO         1344    .text.prvCheckTasksWaitingTermination  tasks.o
    0x08005e2a   0x08005e2a   0x00000002   PAD
    0x08005e2c   0x08005e2c   0x00000042   Code   RO         1125    .text.prvCopyDataFromQueue  queue.o
    0x08005e6e   0x08005e6e   0x00000002   PAD
    0x08005e70   0x08005e70   0x000000cc   Code   RO         1113    .text.prvCopyDataToQueue  queue.o
    0x08005f3c   0x08005f3c   0x0000005e   Code   RO         1236    .text.prvDeleteTCB  tasks.o
    0x08005f9a   0x08005f9a   0x00000002   PAD
    0x08005f9c   0x08005f9c   0x00000040   Code   RO         1411    .text.prvGetNextExpireTime  timers.o
    0x08005fdc   0x08005fdc   0x000000bc   Code   RO         1589    .text.prvHeapInit   heap_4.o
    0x08006098   0x08006098   0x00000038   Code   RO         1270    .text.prvIdleTask   tasks.o
    0x080060d0   0x080060d0   0x00000048   Code   RO         1087    .text.prvInitialiseNewQueue  queue.o
    0x08006118   0x08006118   0x00000110   Code   RO         1228    .text.prvInitialiseNewTask  tasks.o
    0x08006228   0x08006228   0x0000008e   Code   RO         1342    .text.prvInitialiseTaskLists  tasks.o
    0x080062b6   0x080062b6   0x00000002   PAD
    0x080062b8   0x080062b8   0x000000c6   Code   RO         1591    .text.prvInsertBlockIntoFreeList  heap_4.o
    0x0800637e   0x0800637e   0x00000002   PAD
    0x08006380   0x08006380   0x00000086   Code   RO         1423    .text.prvInsertTimerInActiveList  timers.o
    0x08006406   0x08006406   0x00000002   PAD
    0x08006408   0x08006408   0x00000028   Code   RO         1127    .text.prvIsQueueEmpty  queue.o
    0x08006430   0x08006430   0x0000002e   Code   RO         1115    .text.prvIsQueueFull  queue.o
    0x0800645e   0x0800645e   0x00000002   PAD
    0x08006460   0x08006460   0x00000020   Code   RO         1624    .text.prvPortStartFirstTask  port.o
    0x08006480   0x08006480   0x0000007c   Code   RO         1419    .text.prvProcessExpiredTimer  timers.o
    0x080064fc   0x080064fc   0x00000150   Code   RO         1415    .text.prvProcessReceivedCommands  timers.o
    0x0800664c   0x0800664c   0x0000009a   Code   RO         1413    .text.prvProcessTimerOrBlockTask  timers.o
    0x080066e6   0x080066e6   0x00000002   PAD
    0x080066e8   0x080066e8   0x00000046   Code   RO         1238    .text.prvResetNextTaskUnblockTime  tasks.o
    0x0800672e   0x0800672e   0x00000002   PAD
    0x08006730   0x08006730   0x00000044   Code   RO         1417    .text.prvSampleTimeNow  timers.o
    0x08006774   0x08006774   0x000000d0   Code   RO         1421    .text.prvSwitchTimerLists  timers.o
    0x08006844   0x08006844   0x0000004c   Code   RO         1616    .text.prvTaskExitError  port.o
    0x08006890   0x08006890   0x0000001e   Code   RO         1379    .text.prvTimerTask  timers.o
    0x080068ae   0x080068ae   0x00000002   PAD
    0x080068b0   0x080068b0   0x000000ae   Code   RO         1117    .text.prvUnlockQueue  queue.o
    0x0800695e   0x0800695e   0x00000002   PAD
    0x08006960   0x08006960   0x000001de   Code   RO         1587    .text.pvPortMalloc  heap_4.o
    0x08006b3e   0x08006b3e   0x00000002   PAD
    0x08006b40   0x08006b40   0x00000050   Code   RO         1614    .text.pxPortInitialiseStack  port.o
    0x08006b90   0x08006b90   0x00000030   Code   RO         1722    .text.set_power_switch  drv_bq78350.o
    0x08006bc0   0x08006bc0   0x000000a2   Code   RO         1779    .text.sysState_task  systemstate_task.o
    0x08006c62   0x08006c62   0x00000002   PAD
    0x08006c64   0x08006c64   0x00000048   Code   RO         1074    .text.uxListRemove  list.o
    0x08006cac   0x08006cac   0x0000002a   Code   RO         1570    .text.vApplicationGetIdleTaskMemory  cmsis_os2.o
    0x08006cd6   0x08006cd6   0x00000002   PAD
    0x08006cd8   0x08006cd8   0x0000002a   Code   RO         1572    .text.vApplicationGetTimerTaskMemory  cmsis_os2.o
    0x08006d02   0x08006d02   0x00000002   PAD
    0x08006d04   0x08006d04   0x0000002e   Code   RO         1066    .text.vListInitialise  list.o
    0x08006d32   0x08006d32   0x00000002   PAD
    0x08006d34   0x08006d34   0x0000000e   Code   RO         1068    .text.vListInitialiseItem  list.o
    0x08006d42   0x08006d42   0x00000002   PAD
    0x08006d44   0x08006d44   0x0000006a   Code   RO         1072    .text.vListInsert   list.o
    0x08006dae   0x08006dae   0x00000002   PAD
    0x08006db0   0x08006db0   0x0000003a   Code   RO         1070    .text.vListInsertEnd  list.o
    0x08006dea   0x08006dea   0x00000002   PAD
    0x08006dec   0x08006dec   0x00000056   Code   RO         1628    .text.vPortEnterCritical  port.o
    0x08006e42   0x08006e42   0x00000002   PAD
    0x08006e44   0x08006e44   0x0000004a   Code   RO         1630    .text.vPortExitCritical  port.o
    0x08006e8e   0x08006e8e   0x00000002   PAD
    0x08006e90   0x08006e90   0x000000c0   Code   RO         1593    .text.vPortFree     heap_4.o
    0x08006f50   0x08006f50   0x00000044   Code   RO         1622    .text.vPortSetupTimerInterrupt  port.o
    0x08006f94   0x08006f94   0x00000084   Code   RO         1636    .text.vPortValidateInterruptPriority  port.o
    0x08007018   0x08007018   0x00000052   Code   RO         1157    .text.vQueueAddToRegistry  queue.o
    0x0800706a   0x0800706a   0x00000002   PAD
    0x0800706c   0x0800706c   0x00000064   Code   RO         1161    .text.vQueueWaitForMessageRestricted  queue.o
    0x080070d0   0x080070d0   0x0000006e   Code   RO         1248    .text.vTaskDelay    tasks.o
    0x0800713e   0x0800713e   0x00000002   PAD
    0x08007140   0x08007140   0x00000024   Code   RO         1300    .text.vTaskInternalSetTimeOutState  tasks.o
    0x08007164   0x08007164   0x0000000e   Code   RO         1304    .text.vTaskMissedYield  tasks.o
    0x08007172   0x08007172   0x00000002   PAD
    0x08007174   0x08007174   0x00000042   Code   RO         1288    .text.vTaskPlaceOnEventList  tasks.o
    0x080071b6   0x080071b6   0x00000002   PAD
    0x080071b8   0x080071b8   0x00000052   Code   RO         1292    .text.vTaskPlaceOnEventListRestricted  tasks.o
    0x0800720a   0x0800720a   0x00000002   PAD
    0x0800720c   0x0800720c   0x000000e0   Code   RO         1268    .text.vTaskStartScheduler  tasks.o
    0x080072ec   0x080072ec   0x00000010   Code   RO         1242    .text.vTaskSuspendAll  tasks.o
    0x080072fc   0x080072fc   0x000000c6   Code   RO         1260    .text.vTaskSwitchContext  tasks.o
    0x080073c2   0x080073c2   0x00000002   PAD
    0x080073c4   0x080073c4   0x0000004e   Code   RO         1670    .text.vol_0_1       drv_led.o
    0x08007412   0x08007412   0x00000002   PAD
    0x08007414   0x08007414   0x0000002a   Code   RO         1668    .text.vol_1_2       drv_led.o
    0x0800743e   0x0800743e   0x00000002   PAD
    0x08007440   0x08007440   0x0000004e   Code   RO         1666    .text.vol_2_3       drv_led.o
    0x0800748e   0x0800748e   0x00000002   PAD
    0x08007490   0x08007490   0x0000002c   Code   RO         1664    .text.vol_3_4       drv_led.o
    0x080074bc   0x080074bc   0x0000004e   Code   RO         1662    .text.vol_4_5       drv_led.o
    0x0800750a   0x0800750a   0x00000002   PAD
    0x0800750c   0x0800750c   0x0000002c   Code   RO         1660    .text.vol_5_6       drv_led.o
    0x08007538   0x08007538   0x0000004e   Code   RO         1658    .text.vol_6_7       drv_led.o
    0x08007586   0x08007586   0x00000002   PAD
    0x08007588   0x08007588   0x0000000a   Code   RO         1656    .text.vol_7_8       drv_led.o
    0x08007592   0x08007592   0x00000002   PAD
    0x08007594   0x08007594   0x000000e6   Code   RO         1620    .text.xPortStartScheduler  port.o
    0x0800767a   0x0800767a   0x00000002   PAD
    0x0800767c   0x0800767c   0x0000010c   Code   RO         1085    .text.xQueueGenericCreateStatic  queue.o
    0x08007788   0x08007788   0x000000ba   Code   RO         1083    .text.xQueueGenericReset  queue.o
    0x08007842   0x08007842   0x00000002   PAD
    0x08007844   0x08007844   0x0000022c   Code   RO         1103    .text.xQueueGenericSend  queue.o
    0x08007a70   0x08007a70   0x00000146   Code   RO         1119    .text.xQueueGenericSendFromISR  queue.o
    0x08007bb6   0x08007bb6   0x00000002   PAD
    0x08007bb8   0x08007bb8   0x000001dc   Code   RO         1123    .text.xQueueReceive  queue.o
    0x08007d94   0x08007d94   0x000000cc   Code   RO         1302    .text.xTaskCheckForTimeOut  tasks.o
    0x08007e60   0x08007e60   0x0000009e   Code   RO         1232    .text.xTaskCreate   tasks.o
    0x08007efe   0x08007efe   0x00000002   PAD
    0x08007f00   0x08007f00   0x000000cc   Code   RO         1226    .text.xTaskCreateStatic  tasks.o
    0x08007fcc   0x08007fcc   0x00000038   Code   RO         1318    .text.xTaskGetSchedulerState  tasks.o
    0x08008004   0x08008004   0x00000014   Code   RO         1276    .text.xTaskGetTickCount  tasks.o
    0x08008018   0x08008018   0x000001c4   Code   RO         1274    .text.xTaskIncrementTick  tasks.o
    0x080081dc   0x080081dc   0x000000ec   Code   RO         1322    .text.xTaskPriorityDisinherit  tasks.o
    0x080082c8   0x080082c8   0x000000ce   Code   RO         1294    .text.xTaskRemoveFromEventList  tasks.o
    0x08008396   0x08008396   0x00000002   PAD
    0x08008398   0x08008398   0x00000186   Code   RO         1246    .text.xTaskResumeAll  tasks.o
    0x0800851e   0x0800851e   0x00000002   PAD
    0x08008520   0x08008520   0x00000094   Code   RO         1375    .text.xTimerCreateTimerTask  timers.o
    0x080085b4   0x080085b4   0x000000b0   Code   RO         1387    .text.xTimerGenericCommand  timers.o
    0x08008664   0x08008664   0x00000010   Data   RO         1019    .rodata.AHBPrescTable  system_stm32f1xx.o
    0x08008674   0x08008674   0x00000008   Data   RO         1020    .rodata.APBPrescTable  system_stm32f1xx.o
    0x0800867c   0x0800867c   0x00000024   Data   RO           45    .rodata.BQREAD_TASK_attributes  freertos.o
    0x080086a0   0x080086a0   0x00000024   Data   RO           46    .rodata.SysStateTask_attributes  freertos.o
    0x080086c4   0x080086c4   0x00000024   Data   RO           44    .rodata.defaultTask_attributes  freertos.o
    0x080086e8   0x080086e8   0x00000025   Data   RO           43    .rodata.str1.1      freertos.o
    0x0800870d   0x0800870d   0x00000005   Data   RO         1360    .rodata.str1.1      tasks.o
    0x08008712   0x08008712   0x0000000d   Data   RO         1426    .rodata.str1.1      timers.o
    0x0800871f   0x0800871f   0x00000001   PAD
    0x08008720   0x08008720   0x00000020   Data   RO         2000    Region$$Table       anon$$obj.o


    Execution Region RW_IRAM1 (Exec base: 0x20000000, Load base: 0x08008740, Size: 0x00001ef8, Max: 0x00005000, ABSOLUTE)

    Exec Addr    Load Addr    Size         Type   Attr      Idx    E Section Name        Object

    0x20000000   0x08008740   0x00000020   Data   RW         1796    .data.SYS_SLEEP_StateTran  systemstate_task.o
    0x20000020   0x08008760   0x00000020   Data   RW         1799    .data.SYS_WAIT_SLEEP_StateTran  systemstate_task.o
    0x20000040   0x08008780   0x00000020   Data   RW         1797    .data.SYS_WAKE_UP_StateTran  systemstate_task.o
    0x20000060   0x080087a0   0x00000020   Data   RW         1798    .data.SYS_WORKING_StateTran  systemstate_task.o
    0x20000080   0x080087c0   0x00000004   Data   RW         1018    .data.SystemCoreClock  system_stm32f1xx.o
    0x20000084   0x080087c4   0x00000058   Data   RW         1726    .data.bq78350       drv_bq78350.o
    0x200000dc   0x0800881c   0x0000000c   Data   RW         1743    .data.keyCfg        drv_key.o
    0x200000e8   0x08008828   0x00000001   Data   RW          182    .data.uwTickFreq    stm32f1xx_hal.o
    0x200000e9   0x08008829   0x00000003   PAD
    0x200000ec   0x0800882c   0x00000004   Data   RW          181    .data.uwTickPrio    stm32f1xx_hal.o
    0x200000f0   0x08008830   0x00000004   Data   RW         1640    .data.uxCriticalNesting  port.o
    0x200000f4   0x08008834   0x00000004   PAD
    0x200000f8        -       0x00000060   Zero   RW         1865    .bss                c_w.l(libspace.o)
    0x20000158        -       0x00000004   Zero   RW           48    .bss.BQREAD_TASKHandle  freertos.o
    0x2000015c        -       0x00000100   Zero   RW         1577    .bss.Idle_Stack     cmsis_os2.o
    0x2000025c        -       0x0000005c   Zero   RW         1576    .bss.Idle_TCB       cmsis_os2.o
    0x200002b8        -       0x00000004   Zero   RW         1574    .bss.KernelState    cmsis_os2.o
    0x200002bc        -       0x00000004   Zero   RW           49    .bss.SysStateTaskHandle  freertos.o
    0x200002c0        -       0x00000200   Zero   RW         1579    .bss.Timer_Stack    cmsis_os2.o
    0x200004c0        -       0x0000005c   Zero   RW         1578    .bss.Timer_TCB      cmsis_os2.o
    0x2000051c        -       0x00000098   Zero   RW         1728    .bss.battery        drv_bq78350.o
    0x200005b4        -       0x00000004   Zero   RW           47    .bss.defaultTaskHandle  freertos.o
    0x200005b8        -       0x00000001   Zero   RW         1800    .bss.fsm_evt        systemstate_task.o
    0x200005b9        -       0x00000001   Zero   RW         1793    .bss.globalState    systemstate_task.o
    0x200005ba   0x08008834   0x00000002   PAD
    0x200005bc        -       0x00000054   Zero   RW           63    .bss.hi2c1          i2c.o
    0x20000610        -       0x00000004   Zero   RW         1727    .bss.hi2cx          drv_bq78350.o
    0x20000614        -       0x00000048   Zero   RW          110    .bss.htim4          stm32f1xx_hal_timebase_tim.o
    0x2000065c        -       0x00000004   Zero   RW         1672    .bss.led_count      drv_led.o
    0x20000660        -       0x00000002   Zero   RW         1795    .bss.led_sta_count  systemstate_task.o
    0x20000662        -       0x000000a0   Zero   RW         1434    .bss.prvCheckForValidListAndQueue.ucStaticTimerQueueStorage  timers.o
    0x20000702   0x08008834   0x00000002   PAD
    0x20000704        -       0x00000050   Zero   RW         1433    .bss.prvCheckForValidListAndQueue.xStaticTimerQueue  timers.o
    0x20000754        -       0x00000004   Zero   RW         1430    .bss.prvSampleTimeNow.xLastTime  timers.o
    0x20000758        -       0x00000004   Zero   RW         1346    .bss.pxCurrentTCB   tasks.o
    0x2000075c        -       0x00000004   Zero   RW         1428    .bss.pxCurrentTimerList  timers.o
    0x20000760        -       0x00000004   Zero   RW         1354    .bss.pxDelayedTaskList  tasks.o
    0x20000764        -       0x00000004   Zero   RW         1601    .bss.pxEnd          heap_4.o
    0x20000768        -       0x00000004   Zero   RW         1355    .bss.pxOverflowDelayedTaskList  tasks.o
    0x2000076c        -       0x00000004   Zero   RW         1429    .bss.pxOverflowTimerList  timers.o
    0x20000770        -       0x00000460   Zero   RW         1357    .bss.pxReadyTasksLists  tasks.o
    0x20000bd0        -       0x00000002   Zero   RW         1794    .bss.sta_count      systemstate_task.o
    0x20000bd2        -       0x00000c00   Zero   RW         1606    .bss.ucHeap         heap_4.o
    0x200017d2        -       0x00000001   Zero   RW         1638    .bss.ucMaxSysCallPriority  port.o
    0x200017d3   0x08008834   0x00000001   PAD
    0x200017d4        -       0x00000004   Zero   RW         1639    .bss.ulMaxPRIGROUPValue  port.o
    0x200017d8        -       0x00000004   Zero   RW          183    .bss.uwTick         stm32f1xx_hal.o
    0x200017dc        -       0x00000004   Zero   RW         1350    .bss.uxCurrentNumberOfTasks  tasks.o
    0x200017e0        -       0x00000004   Zero   RW         1349    .bss.uxDeletedTasksWaitingCleanUp  tasks.o
    0x200017e4        -       0x00000004   Zero   RW         1364    .bss.uxPendedTicks  tasks.o
    0x200017e8        -       0x00000004   Zero   RW         1352    .bss.uxSchedulerSuspended  tasks.o
    0x200017ec        -       0x00000004   Zero   RW         1347    .bss.uxTaskNumber   tasks.o
    0x200017f0        -       0x00000004   Zero   RW         1358    .bss.uxTopReadyPriority  tasks.o
    0x200017f4        -       0x00000014   Zero   RW         1431    .bss.xActiveTimerList1  timers.o
    0x20001808        -       0x00000014   Zero   RW         1432    .bss.xActiveTimerList2  timers.o
    0x2000181c        -       0x00000004   Zero   RW         1602    .bss.xBlockAllocatedBit  heap_4.o
    0x20001820        -       0x00000014   Zero   RW         1366    .bss.xDelayedTaskList1  tasks.o
    0x20001834        -       0x00000014   Zero   RW         1367    .bss.xDelayedTaskList2  tasks.o
    0x20001848        -       0x00000004   Zero   RW         1603    .bss.xFreeBytesRemaining  heap_4.o
    0x2000184c        -       0x00000004   Zero   RW         1361    .bss.xIdleTaskHandle  tasks.o
    0x20001850        -       0x00000004   Zero   RW         1605    .bss.xMinimumEverFreeBytesRemaining  heap_4.o
    0x20001854        -       0x00000004   Zero   RW         1362    .bss.xNextTaskUnblockTime  tasks.o
    0x20001858        -       0x00000004   Zero   RW         1365    .bss.xNumOfOverflows  tasks.o
    0x2000185c        -       0x00000014   Zero   RW         1359    .bss.xPendingReadyList  tasks.o
    0x20001870        -       0x00000040   Zero   RW         1163    .bss.xQueueRegistry  queue.o
    0x200018b0        -       0x00000004   Zero   RW         1351    .bss.xSchedulerRunning  tasks.o
    0x200018b4        -       0x00000008   Zero   RW         1604    .bss.xStart         heap_4.o
    0x200018bc        -       0x00000014   Zero   RW         1356    .bss.xSuspendedTaskList  tasks.o
    0x200018d0        -       0x00000014   Zero   RW         1348    .bss.xTasksWaitingTermination  tasks.o
    0x200018e4        -       0x00000004   Zero   RW         1353    .bss.xTickCount     tasks.o
    0x200018e8        -       0x00000004   Zero   RW         1425    .bss.xTimerQueue    timers.o
    0x200018ec        -       0x00000004   Zero   RW         1427    .bss.xTimerTaskHandle  timers.o
    0x200018f0        -       0x00000004   Zero   RW         1363    .bss.xYieldPending  tasks.o
    0x200018f4   0x08008834   0x00000004   PAD
    0x200018f8        -       0x00000200   Zero   RW            2    HEAP                startup_stm32f103xb.o
    0x20001af8        -       0x00000400   Zero   RW            1    STACK               startup_stm32f103xb.o


==============================================================================

Image component sizes


      Code (inc. data)   RO Data    RW Data    ZI Data      Debug   Object Name

       394          0          0          0          0        630   bqread_task.o
       806          0          0          0        956      31304   cmsis_os2.o
      2694          0          0         88        156      12458   drv_bq78350.o
       418          6          0         12          0       1897   drv_key.o
      1074          8          0          0          4       2499   drv_led.o
       126          0        145          0         12       3086   freertos.o
       268          0          0          0          0       1529   gpio.o
      1056          0          0          0       3096       3559   heap_4.o
       238          0          0          0         84       5331   i2c.o
       296          0          0          0          0       2193   list.o
       208          0          0          0          0       4519   main.o
       942         12          0          4          5       3598   port.o
      2596          0          0          0         64      16872   queue.o
        64         26        236          0       1536        780   startup_stm32f103xb.o
        76          0          0          5          4       5544   stm32f1xx_hal.o
       384          0          0          0          0       7495   stm32f1xx_hal_cortex.o
       298          0          0          0          0       6250   stm32f1xx_hal_dma.o
       928          0          0          0          0       4197   stm32f1xx_hal_gpio.o
      9900          0          0          0          0      36985   stm32f1xx_hal_i2c.o
       114          0          0          0          0       2285   stm32f1xx_hal_msp.o
      2672          0          0          0          0       7379   stm32f1xx_hal_rcc.o
      1246          0          0          0          0      34486   stm32f1xx_hal_tim.o
        16          0          0          0          0      14717   stm32f1xx_hal_tim_ex.o
       240          0          0          0         72       5663   stm32f1xx_hal_timebase_tim.o
        70          0          0          0          0       1034   stm32f1xx_it.o
         2          0         24          4          0       1554   system_stm32f1xx.o
       730          8          0        128          6       2750   systemstate_task.o
      3898          0          5          0       1280      23380   tasks.o
      1604         10         13          0        300      10921   timers.o

    ----------------------------------------------------------------------
     33556         70        456        244       7588     254895   Object Totals
         0          0         32          0          0          0   (incl. Generated)
       198          0          1          3         13          0   (incl. Padding)

    ----------------------------------------------------------------------

      Code (inc. data)   RO Data    RW Data    ZI Data      Debug   Library Member Name

         8          0          0          0          0         68   __main.o
         0          0          0          0          0          0   __rtentry.o
        12          0          0          0          0          0   __rtentry2.o
         6          0          0          0          0          0   __rtentry4.o
        52          8          0          0          0          0   __scatter.o
        26          0          0          0          0          0   __scatter_copy.o
        28          0          0          0          0          0   __scatter_zi.o
        16          0          0          0          0         68   aeabi_memset4.o
        18          0          0          0          0         80   exit.o
         6          0          0          0          0        152   heapauxi.o
         0          0          0          0          0          0   indicate_semi.o
         2          0          0          0          0          0   libinit.o
         2          0          0          0          0          0   libinit2.o
         2          0          0          0          0          0   libshutdown.o
         2          0          0          0          0          0   libshutdown2.o
         8          4          0          0         96         68   libspace.o
        78          0          0          0          0         80   rt_memclr_w.o
       138          0          0          0          0         68   rt_memcpy_v6.o
       100          0          0          0          0         80   rt_memcpy_w.o
         2          0          0          0          0          0   rtexit.o
        10          0          0          0          0          0   rtexit2.o
        12          4          0          0          0         68   sys_exit.o
        74          0          0          0          0         80   sys_stackheap_outer.o
         2          0          0          0          0         68   use_no_semi.o

    ----------------------------------------------------------------------
       612         16          0          0         96        880   Library Totals
         8          0          0          0          0          0   (incl. Padding)

    ----------------------------------------------------------------------

      Code (inc. data)   RO Data    RW Data    ZI Data      Debug   Library Name

       604         16          0          0         96        880   c_w.l

    ----------------------------------------------------------------------
       612         16          0          0         96        880   Library Totals

    ----------------------------------------------------------------------

==============================================================================


      Code (inc. data)   RO Data    RW Data    ZI Data      Debug   

     34168         86        456        244       7684     254919   Grand Totals
     34168         86        456        244       7684     254919   ELF Image Totals
     34168         86        456        244          0          0   ROM Totals

==============================================================================

    Total RO  Size (Code + RO Data)                34624 (  33.81kB)
    Total RW  Size (RW Data + ZI Data)              7928 (   7.74kB)
    Total ROM Size (Code + RO Data + RW Data)      34868 (  34.05kB)

==============================================================================

