<!doctype html public "-//w3c//dtd html 4.0 transitional//en">
<html><head>
<title>Static Call Graph - [BMS\BMS.axf]</title></head>
<body><HR>
<H1>Static Call Graph for image BMS\BMS.axf</H1><HR>
<BR><P>#&#060CALLGRAPH&#062# ARM Linker, 6190004: Last Updated: Sat Sep  9 13:37:53 2023
<BR><P>
<H3>Maximum Stack Usage =        348 bytes + Unknown(Functions without stacksize, Cycles, Untraceable Function Pointers)</H3><H3>
Call chain for Maximum Stack Depth:</H3>
prvTimerTask &rArr; prvProcessReceivedCommands &rArr; prvSampleTimeNow &rArr; prvSwitchTimerLists &rArr; xTimerGenericCommand &rArr; xQueueGenericSend &rArr; prvCopyDataToQueue &rArr; xTaskPriorityDisinherit &rArr; vListInsertEnd
<P>
<H3>
Functions with no stack information
</H3><UL>
 <LI><a href="#[6a]">__user_initial_stackheap</a>
</UL>
</UL>
<P>
<H3>
Mutually Recursive functions
</H3> <LI><a href="#[1c]">ADC1_2_IRQHandler</a>&nbsp;&nbsp;&nbsp;&rArr;&nbsp;&nbsp;&nbsp;<a href="#[1c]">ADC1_2_IRQHandler</a><BR>
</UL>
<P>
<H3>
Function Pointers
</H3><UL>
 <LI><a href="#[1c]">ADC1_2_IRQHandler</a> from startup_stm32f103xb.o(.text) referenced from startup_stm32f103xb.o(RESET)
 <LI><a href="#[4]">BusFault_Handler</a> from stm32f1xx_it.o(.text.BusFault_Handler) referenced from startup_stm32f103xb.o(RESET)
 <LI><a href="#[1f]">CAN1_RX1_IRQHandler</a> from startup_stm32f103xb.o(.text) referenced from startup_stm32f103xb.o(RESET)
 <LI><a href="#[20]">CAN1_SCE_IRQHandler</a> from startup_stm32f103xb.o(.text) referenced from startup_stm32f103xb.o(RESET)
 <LI><a href="#[15]">DMA1_Channel1_IRQHandler</a> from startup_stm32f103xb.o(.text) referenced from startup_stm32f103xb.o(RESET)
 <LI><a href="#[16]">DMA1_Channel2_IRQHandler</a> from startup_stm32f103xb.o(.text) referenced from startup_stm32f103xb.o(RESET)
 <LI><a href="#[17]">DMA1_Channel3_IRQHandler</a> from startup_stm32f103xb.o(.text) referenced from startup_stm32f103xb.o(RESET)
 <LI><a href="#[18]">DMA1_Channel4_IRQHandler</a> from startup_stm32f103xb.o(.text) referenced from startup_stm32f103xb.o(RESET)
 <LI><a href="#[19]">DMA1_Channel5_IRQHandler</a> from startup_stm32f103xb.o(.text) referenced from startup_stm32f103xb.o(RESET)
 <LI><a href="#[1a]">DMA1_Channel6_IRQHandler</a> from startup_stm32f103xb.o(.text) referenced from startup_stm32f103xb.o(RESET)
 <LI><a href="#[1b]">DMA1_Channel7_IRQHandler</a> from startup_stm32f103xb.o(.text) referenced from startup_stm32f103xb.o(RESET)
 <LI><a href="#[7]">DebugMon_Handler</a> from stm32f1xx_it.o(.text.DebugMon_Handler) referenced from startup_stm32f103xb.o(RESET)
 <LI><a href="#[10]">EXTI0_IRQHandler</a> from startup_stm32f103xb.o(.text) referenced from startup_stm32f103xb.o(RESET)
 <LI><a href="#[32]">EXTI15_10_IRQHandler</a> from startup_stm32f103xb.o(.text) referenced from startup_stm32f103xb.o(RESET)
 <LI><a href="#[11]">EXTI1_IRQHandler</a> from startup_stm32f103xb.o(.text) referenced from startup_stm32f103xb.o(RESET)
 <LI><a href="#[12]">EXTI2_IRQHandler</a> from startup_stm32f103xb.o(.text) referenced from startup_stm32f103xb.o(RESET)
 <LI><a href="#[13]">EXTI3_IRQHandler</a> from startup_stm32f103xb.o(.text) referenced from startup_stm32f103xb.o(RESET)
 <LI><a href="#[14]">EXTI4_IRQHandler</a> from startup_stm32f103xb.o(.text) referenced from startup_stm32f103xb.o(RESET)
 <LI><a href="#[21]">EXTI9_5_IRQHandler</a> from startup_stm32f103xb.o(.text) referenced from startup_stm32f103xb.o(RESET)
 <LI><a href="#[e]">FLASH_IRQHandler</a> from startup_stm32f103xb.o(.text) referenced from startup_stm32f103xb.o(RESET)
 <LI><a href="#[2]">HardFault_Handler</a> from stm32f1xx_it.o(.text.HardFault_Handler) referenced from startup_stm32f103xb.o(RESET)
 <LI><a href="#[2a]">I2C1_ER_IRQHandler</a> from stm32f1xx_it.o(.text.I2C1_ER_IRQHandler) referenced from startup_stm32f103xb.o(RESET)
 <LI><a href="#[29]">I2C1_EV_IRQHandler</a> from stm32f1xx_it.o(.text.I2C1_EV_IRQHandler) referenced from startup_stm32f103xb.o(RESET)
 <LI><a href="#[2c]">I2C2_ER_IRQHandler</a> from startup_stm32f103xb.o(.text) referenced from startup_stm32f103xb.o(RESET)
 <LI><a href="#[2b]">I2C2_EV_IRQHandler</a> from startup_stm32f103xb.o(.text) referenced from startup_stm32f103xb.o(RESET)
 <LI><a href="#[37]">I2C_DMAAbort</a> from stm32f1xx_hal_i2c.o(.text.I2C_DMAAbort) referenced 4 times from stm32f1xx_hal_i2c.o(.text.I2C_ITError)
 <LI><a href="#[37]">I2C_DMAAbort</a> from stm32f1xx_hal_i2c.o(.text.I2C_DMAAbort) referenced 4 times from stm32f1xx_hal_i2c.o(.text.I2C_Slave_STOPF)
 <LI><a href="#[3]">MemManage_Handler</a> from stm32f1xx_it.o(.text.MemManage_Handler) referenced from startup_stm32f103xb.o(RESET)
 <LI><a href="#[1]">NMI_Handler</a> from stm32f1xx_it.o(.text.NMI_Handler) referenced from startup_stm32f103xb.o(RESET)
 <LI><a href="#[b]">PVD_IRQHandler</a> from startup_stm32f103xb.o(.text) referenced from startup_stm32f103xb.o(RESET)
 <LI><a href="#[8]">PendSV_Handler</a> from port.o(.text.PendSV_Handler) referenced from startup_stm32f103xb.o(RESET)
 <LI><a href="#[f]">RCC_IRQHandler</a> from startup_stm32f103xb.o(.text) referenced from startup_stm32f103xb.o(RESET)
 <LI><a href="#[33]">RTC_Alarm_IRQHandler</a> from startup_stm32f103xb.o(.text) referenced from startup_stm32f103xb.o(RESET)
 <LI><a href="#[d]">RTC_IRQHandler</a> from startup_stm32f103xb.o(.text) referenced from startup_stm32f103xb.o(RESET)
 <LI><a href="#[0]">Reset_Handler</a> from startup_stm32f103xb.o(.text) referenced from startup_stm32f103xb.o(RESET)
 <LI><a href="#[2d]">SPI1_IRQHandler</a> from startup_stm32f103xb.o(.text) referenced from startup_stm32f103xb.o(RESET)
 <LI><a href="#[2e]">SPI2_IRQHandler</a> from startup_stm32f103xb.o(.text) referenced from startup_stm32f103xb.o(RESET)
 <LI><a href="#[6]">SVC_Handler</a> from port.o(.text.SVC_Handler) referenced from startup_stm32f103xb.o(RESET)
 <LI><a href="#[38]">StartDefaultTask</a> from freertos.o(.text.StartDefaultTask) referenced 2 times from freertos.o(.text.MX_FREERTOS_Init)
 <LI><a href="#[9]">SysTick_Handler</a> from port.o(.text.SysTick_Handler) referenced from startup_stm32f103xb.o(RESET)
 <LI><a href="#[35]">SystemInit</a> from system_stm32f1xx.o(.text.SystemInit) referenced from startup_stm32f103xb.o(.text)
 <LI><a href="#[c]">TAMPER_IRQHandler</a> from startup_stm32f103xb.o(.text) referenced from startup_stm32f103xb.o(RESET)
 <LI><a href="#[22]">TIM1_BRK_IRQHandler</a> from startup_stm32f103xb.o(.text) referenced from startup_stm32f103xb.o(RESET)
 <LI><a href="#[25]">TIM1_CC_IRQHandler</a> from startup_stm32f103xb.o(.text) referenced from startup_stm32f103xb.o(RESET)
 <LI><a href="#[24]">TIM1_TRG_COM_IRQHandler</a> from startup_stm32f103xb.o(.text) referenced from startup_stm32f103xb.o(RESET)
 <LI><a href="#[23]">TIM1_UP_IRQHandler</a> from startup_stm32f103xb.o(.text) referenced from startup_stm32f103xb.o(RESET)
 <LI><a href="#[26]">TIM2_IRQHandler</a> from startup_stm32f103xb.o(.text) referenced from startup_stm32f103xb.o(RESET)
 <LI><a href="#[27]">TIM3_IRQHandler</a> from startup_stm32f103xb.o(.text) referenced from startup_stm32f103xb.o(RESET)
 <LI><a href="#[28]">TIM4_IRQHandler</a> from stm32f1xx_it.o(.text.TIM4_IRQHandler) referenced from startup_stm32f103xb.o(RESET)
 <LI><a href="#[2f]">USART1_IRQHandler</a> from startup_stm32f103xb.o(.text) referenced from startup_stm32f103xb.o(RESET)
 <LI><a href="#[30]">USART2_IRQHandler</a> from startup_stm32f103xb.o(.text) referenced from startup_stm32f103xb.o(RESET)
 <LI><a href="#[31]">USART3_IRQHandler</a> from startup_stm32f103xb.o(.text) referenced from startup_stm32f103xb.o(RESET)
 <LI><a href="#[34]">USBWakeUp_IRQHandler</a> from startup_stm32f103xb.o(.text) referenced from startup_stm32f103xb.o(RESET)
 <LI><a href="#[1d]">USB_HP_CAN1_TX_IRQHandler</a> from startup_stm32f103xb.o(.text) referenced from startup_stm32f103xb.o(RESET)
 <LI><a href="#[1e]">USB_LP_CAN1_RX0_IRQHandler</a> from startup_stm32f103xb.o(.text) referenced from startup_stm32f103xb.o(RESET)
 <LI><a href="#[5]">UsageFault_Handler</a> from stm32f1xx_it.o(.text.UsageFault_Handler) referenced from startup_stm32f103xb.o(RESET)
 <LI><a href="#[a]">WWDG_IRQHandler</a> from startup_stm32f103xb.o(.text) referenced from startup_stm32f103xb.o(RESET)
 <LI><a href="#[36]">__main</a> from __main.o(!!!main) referenced from startup_stm32f103xb.o(.text)
 <LI><a href="#[3e]">actionFun</a> from systemstate_task.o(.text.actionFun) referenced 4 times from systemstate_task.o(.data.SYS_SLEEP_StateTran)
 <LI><a href="#[3e]">actionFun</a> from systemstate_task.o(.text.actionFun) referenced 4 times from systemstate_task.o(.data.SYS_WAIT_SLEEP_StateTran)
 <LI><a href="#[3e]">actionFun</a> from systemstate_task.o(.text.actionFun) referenced 4 times from systemstate_task.o(.data.SYS_WAKE_UP_StateTran)
 <LI><a href="#[3e]">actionFun</a> from systemstate_task.o(.text.actionFun) referenced 4 times from systemstate_task.o(.data.SYS_WORKING_StateTran)
 <LI><a href="#[39]">bqRead_task</a> from bqread_task.o(.text.bqRead_task) referenced 2 times from freertos.o(.text.MX_FREERTOS_Init)
 <LI><a href="#[44]">getAbsoluteStateOfCharge</a> from drv_bq78350.o(.text.getAbsoluteStateOfCharge) referenced from drv_bq78350.o(.data.bq78350)
 <LI><a href="#[47]">getAverageTimeToEmpty</a> from drv_bq78350.o(.text.getAverageTimeToEmpty) referenced from drv_bq78350.o(.data.bq78350)
 <LI><a href="#[48]">getAverageTimeToFull</a> from drv_bq78350.o(.text.getAverageTimeToFull) referenced from drv_bq78350.o(.data.bq78350)
 <LI><a href="#[4b]">getBatteryStatus</a> from drv_bq78350.o(.text.getBatteryStatus) referenced from drv_bq78350.o(.data.bq78350)
 <LI><a href="#[49]">getChargingCurrent</a> from drv_bq78350.o(.text.getChargingCurrent) referenced from drv_bq78350.o(.data.bq78350)
 <LI><a href="#[4a]">getChargingVoltage</a> from drv_bq78350.o(.text.getChargingVoltage) referenced from drv_bq78350.o(.data.bq78350)
 <LI><a href="#[40]">getCurrent</a> from drv_bq78350.o(.text.getCurrent) referenced from drv_bq78350.o(.data.bq78350)
 <LI><a href="#[4c]">getCycleCount</a> from drv_bq78350.o(.text.getCycleCount) referenced from drv_bq78350.o(.data.bq78350)
 <LI><a href="#[4d]">getDesignCapacity</a> from drv_bq78350.o(.text.getDesignCapacity) referenced from drv_bq78350.o(.data.bq78350)
 <LI><a href="#[45]">getFullChargeCapacity</a> from drv_bq78350.o(.text.getFullChargeCapacity) referenced from drv_bq78350.o(.data.bq78350)
 <LI><a href="#[53]">getGaugingStatus</a> from drv_bq78350.o(.text.getGaugingStatus) referenced from drv_bq78350.o(.data.bq78350)
 <LI><a href="#[4e]">getOperationStatus</a> from drv_bq78350.o(.text.getOperationStatus) referenced from drv_bq78350.o(.data.bq78350)
 <LI><a href="#[51]">getPFAlert</a> from drv_bq78350.o(.text.getPFAlert) referenced from drv_bq78350.o(.data.bq78350)
 <LI><a href="#[52]">getPFStatus</a> from drv_bq78350.o(.text.getPFStatus) referenced from drv_bq78350.o(.data.bq78350)
 <LI><a href="#[43]">getRelativeStateOfCharge</a> from drv_bq78350.o(.text.getRelativeStateOfCharge) referenced from drv_bq78350.o(.data.bq78350)
 <LI><a href="#[42]">getResidualCapacity</a> from drv_bq78350.o(.text.getResidualCapacity) referenced from drv_bq78350.o(.data.bq78350)
 <LI><a href="#[46]">getRunTimeToEmpty</a> from drv_bq78350.o(.text.getRunTimeToEmpty) referenced from drv_bq78350.o(.data.bq78350)
 <LI><a href="#[4f]">getSafetyAlert</a> from drv_bq78350.o(.text.getSafetyAlert) referenced from drv_bq78350.o(.data.bq78350)
 <LI><a href="#[50]">getSafetyStatus</a> from drv_bq78350.o(.text.getSafetyStatus) referenced from drv_bq78350.o(.data.bq78350)
 <LI><a href="#[41]">getTemperature</a> from drv_bq78350.o(.text.getTemperature) referenced from drv_bq78350.o(.data.bq78350)
 <LI><a href="#[3f]">getVoltage</a> from drv_bq78350.o(.text.getVoltage) referenced from drv_bq78350.o(.data.bq78350)
 <LI><a href="#[55]">keyReadPin</a> from drv_key.o(.text.keyReadPin) referenced from drv_key.o(.data.keyCfg)
 <LI><a href="#[3c]">prvIdleTask</a> from tasks.o(.text.prvIdleTask) referenced 2 times from tasks.o(.text.vTaskStartScheduler)
 <LI><a href="#[3b]">prvTaskExitError</a> from port.o(.text.prvTaskExitError) referenced 2 times from port.o(.text.pxPortInitialiseStack)
 <LI><a href="#[3d]">prvTimerTask</a> from timers.o(.text.prvTimerTask) referenced 2 times from timers.o(.text.xTimerCreateTimerTask)
 <LI><a href="#[54]">set_power_switch</a> from drv_bq78350.o(.text.set_power_switch) referenced from drv_bq78350.o(.data.bq78350)
 <LI><a href="#[3a]">sysState_task</a> from systemstate_task.o(.text.sysState_task) referenced 2 times from freertos.o(.text.MX_FREERTOS_Init)
</UL>
<P>
<H3>
Global Symbols
</H3>
<P><STRONG><a name="[36]"></a>__main</STRONG> (Thumb, 8 bytes, Stack size 0 bytes, __main.o(!!!main))
<BR><BR>[Calls]<UL><LI><a href="#[57]">&gt;&gt;</a>&nbsp;&nbsp;&nbsp;__rt_entry
<LI><a href="#[56]">&gt;&gt;</a>&nbsp;&nbsp;&nbsp;__scatterload
</UL>
<BR>[Address Reference Count : 1]<UL><LI> startup_stm32f103xb.o(.text)
</UL>
<P><STRONG><a name="[56]"></a>__scatterload</STRONG> (Thumb, 0 bytes, Stack size unknown bytes, __scatter.o(!!!scatter))
<BR><BR>[Called By]<UL><LI><a href="#[36]">&gt;&gt;</a>&nbsp;&nbsp;&nbsp;__main
</UL>

<P><STRONG><a name="[58]"></a>__scatterload_rt2</STRONG> (Thumb, 44 bytes, Stack size unknown bytes, __scatter.o(!!!scatter), UNUSED)
<BR><BR>[Calls]<UL><LI><a href="#[57]">&gt;&gt;</a>&nbsp;&nbsp;&nbsp;__rt_entry
</UL>

<P><STRONG><a name="[11a]"></a>__scatterload_rt2_thumb_only</STRONG> (Thumb, 0 bytes, Stack size unknown bytes, __scatter.o(!!!scatter), UNUSED)

<P><STRONG><a name="[11b]"></a>__scatterload_null</STRONG> (Thumb, 0 bytes, Stack size unknown bytes, __scatter.o(!!!scatter), UNUSED)

<P><STRONG><a name="[59]"></a>__scatterload_copy</STRONG> (Thumb, 26 bytes, Stack size unknown bytes, __scatter_copy.o(!!handler_copy), UNUSED)
<BR><BR>[Calls]<UL><LI><a href="#[59]">&gt;&gt;</a>&nbsp;&nbsp;&nbsp;__scatterload_copy
</UL>
<BR>[Called By]<UL><LI><a href="#[59]">&gt;&gt;</a>&nbsp;&nbsp;&nbsp;__scatterload_copy
</UL>

<P><STRONG><a name="[11c]"></a>__scatterload_zeroinit</STRONG> (Thumb, 28 bytes, Stack size unknown bytes, __scatter_zi.o(!!handler_zi), UNUSED)

<P><STRONG><a name="[5d]"></a>__rt_lib_init</STRONG> (Thumb, 0 bytes, Stack size unknown bytes, libinit.o(.ARM.Collect$$libinit$$00000000))
<BR><BR>[Called By]<UL><LI><a href="#[5c]">&gt;&gt;</a>&nbsp;&nbsp;&nbsp;__rt_entry_li
</UL>

<P><STRONG><a name="[11d]"></a>__rt_lib_init_alloca_1</STRONG> (Thumb, 0 bytes, Stack size unknown bytes, libinit2.o(.ARM.Collect$$libinit$$00000030))

<P><STRONG><a name="[11e]"></a>__rt_lib_init_argv_1</STRONG> (Thumb, 0 bytes, Stack size unknown bytes, libinit2.o(.ARM.Collect$$libinit$$0000002E))

<P><STRONG><a name="[11f]"></a>__rt_lib_init_atexit_1</STRONG> (Thumb, 0 bytes, Stack size unknown bytes, libinit2.o(.ARM.Collect$$libinit$$0000001D))

<P><STRONG><a name="[120]"></a>__rt_lib_init_clock_1</STRONG> (Thumb, 0 bytes, Stack size unknown bytes, libinit2.o(.ARM.Collect$$libinit$$00000023))

<P><STRONG><a name="[121]"></a>__rt_lib_init_cpp_1</STRONG> (Thumb, 0 bytes, Stack size unknown bytes, libinit2.o(.ARM.Collect$$libinit$$00000034))

<P><STRONG><a name="[122]"></a>__rt_lib_init_exceptions_1</STRONG> (Thumb, 0 bytes, Stack size unknown bytes, libinit2.o(.ARM.Collect$$libinit$$00000032))

<P><STRONG><a name="[123]"></a>__rt_lib_init_fp_1</STRONG> (Thumb, 0 bytes, Stack size unknown bytes, libinit2.o(.ARM.Collect$$libinit$$00000002))

<P><STRONG><a name="[124]"></a>__rt_lib_init_fp_trap_1</STRONG> (Thumb, 0 bytes, Stack size unknown bytes, libinit2.o(.ARM.Collect$$libinit$$00000021))

<P><STRONG><a name="[125]"></a>__rt_lib_init_getenv_1</STRONG> (Thumb, 0 bytes, Stack size unknown bytes, libinit2.o(.ARM.Collect$$libinit$$00000025))

<P><STRONG><a name="[126]"></a>__rt_lib_init_heap_1</STRONG> (Thumb, 0 bytes, Stack size unknown bytes, libinit2.o(.ARM.Collect$$libinit$$0000000C))

<P><STRONG><a name="[127]"></a>__rt_lib_init_lc_collate_1</STRONG> (Thumb, 0 bytes, Stack size unknown bytes, libinit2.o(.ARM.Collect$$libinit$$00000013))

<P><STRONG><a name="[128]"></a>__rt_lib_init_lc_ctype_1</STRONG> (Thumb, 0 bytes, Stack size unknown bytes, libinit2.o(.ARM.Collect$$libinit$$00000015))

<P><STRONG><a name="[129]"></a>__rt_lib_init_lc_monetary_1</STRONG> (Thumb, 0 bytes, Stack size unknown bytes, libinit2.o(.ARM.Collect$$libinit$$00000017))

<P><STRONG><a name="[12a]"></a>__rt_lib_init_lc_numeric_1</STRONG> (Thumb, 0 bytes, Stack size unknown bytes, libinit2.o(.ARM.Collect$$libinit$$00000019))

<P><STRONG><a name="[12b]"></a>__rt_lib_init_lc_time_1</STRONG> (Thumb, 0 bytes, Stack size unknown bytes, libinit2.o(.ARM.Collect$$libinit$$0000001B))

<P><STRONG><a name="[12c]"></a>__rt_lib_init_preinit_1</STRONG> (Thumb, 0 bytes, Stack size unknown bytes, libinit2.o(.ARM.Collect$$libinit$$00000006))

<P><STRONG><a name="[12d]"></a>__rt_lib_init_rand_1</STRONG> (Thumb, 0 bytes, Stack size unknown bytes, libinit2.o(.ARM.Collect$$libinit$$00000010))

<P><STRONG><a name="[12e]"></a>__rt_lib_init_relocate_pie_1</STRONG> (Thumb, 0 bytes, Stack size unknown bytes, libinit2.o(.ARM.Collect$$libinit$$00000004))

<P><STRONG><a name="[12f]"></a>__rt_lib_init_return</STRONG> (Thumb, 0 bytes, Stack size unknown bytes, libinit2.o(.ARM.Collect$$libinit$$00000035))

<P><STRONG><a name="[130]"></a>__rt_lib_init_signal_1</STRONG> (Thumb, 0 bytes, Stack size unknown bytes, libinit2.o(.ARM.Collect$$libinit$$0000001F))

<P><STRONG><a name="[131]"></a>__rt_lib_init_stdio_1</STRONG> (Thumb, 0 bytes, Stack size unknown bytes, libinit2.o(.ARM.Collect$$libinit$$00000027))

<P><STRONG><a name="[132]"></a>__rt_lib_init_user_alloc_1</STRONG> (Thumb, 0 bytes, Stack size unknown bytes, libinit2.o(.ARM.Collect$$libinit$$0000000E))

<P><STRONG><a name="[62]"></a>__rt_lib_shutdown</STRONG> (Thumb, 0 bytes, Stack size unknown bytes, libshutdown.o(.ARM.Collect$$libshutdown$$00000000))
<BR><BR>[Called By]<UL><LI><a href="#[61]">&gt;&gt;</a>&nbsp;&nbsp;&nbsp;__rt_exit_ls
</UL>

<P><STRONG><a name="[133]"></a>__rt_lib_shutdown_cpp_1</STRONG> (Thumb, 0 bytes, Stack size unknown bytes, libshutdown2.o(.ARM.Collect$$libshutdown$$00000002))

<P><STRONG><a name="[134]"></a>__rt_lib_shutdown_fp_trap_1</STRONG> (Thumb, 0 bytes, Stack size unknown bytes, libshutdown2.o(.ARM.Collect$$libshutdown$$00000007))

<P><STRONG><a name="[135]"></a>__rt_lib_shutdown_heap_1</STRONG> (Thumb, 0 bytes, Stack size unknown bytes, libshutdown2.o(.ARM.Collect$$libshutdown$$0000000F))

<P><STRONG><a name="[136]"></a>__rt_lib_shutdown_return</STRONG> (Thumb, 0 bytes, Stack size unknown bytes, libshutdown2.o(.ARM.Collect$$libshutdown$$00000010))

<P><STRONG><a name="[137]"></a>__rt_lib_shutdown_signal_1</STRONG> (Thumb, 0 bytes, Stack size unknown bytes, libshutdown2.o(.ARM.Collect$$libshutdown$$0000000A))

<P><STRONG><a name="[138]"></a>__rt_lib_shutdown_stdio_1</STRONG> (Thumb, 0 bytes, Stack size unknown bytes, libshutdown2.o(.ARM.Collect$$libshutdown$$00000004))

<P><STRONG><a name="[139]"></a>__rt_lib_shutdown_user_alloc_1</STRONG> (Thumb, 0 bytes, Stack size unknown bytes, libshutdown2.o(.ARM.Collect$$libshutdown$$0000000C))

<P><STRONG><a name="[57]"></a>__rt_entry</STRONG> (Thumb, 0 bytes, Stack size unknown bytes, __rtentry.o(.ARM.Collect$$rtentry$$00000000))
<BR><BR>[Called By]<UL><LI><a href="#[36]">&gt;&gt;</a>&nbsp;&nbsp;&nbsp;__main
<LI><a href="#[58]">&gt;&gt;</a>&nbsp;&nbsp;&nbsp;__scatterload_rt2
</UL>

<P><STRONG><a name="[13a]"></a>__rt_entry_presh_1</STRONG> (Thumb, 0 bytes, Stack size unknown bytes, __rtentry2.o(.ARM.Collect$$rtentry$$00000002))

<P><STRONG><a name="[5a]"></a>__rt_entry_sh</STRONG> (Thumb, 0 bytes, Stack size unknown bytes, __rtentry4.o(.ARM.Collect$$rtentry$$00000004))
<BR><BR>[Stack]<UL><LI>Max Depth = 8 + Unknown Stack Size
<LI>Call Chain = __rt_entry_sh &rArr; __user_setup_stackheap
</UL>
<BR>[Calls]<UL><LI><a href="#[5b]">&gt;&gt;</a>&nbsp;&nbsp;&nbsp;__user_setup_stackheap
</UL>

<P><STRONG><a name="[5c]"></a>__rt_entry_li</STRONG> (Thumb, 0 bytes, Stack size unknown bytes, __rtentry2.o(.ARM.Collect$$rtentry$$0000000A))
<BR><BR>[Calls]<UL><LI><a href="#[5d]">&gt;&gt;</a>&nbsp;&nbsp;&nbsp;__rt_lib_init
</UL>

<P><STRONG><a name="[13b]"></a>__rt_entry_postsh_1</STRONG> (Thumb, 0 bytes, Stack size unknown bytes, __rtentry2.o(.ARM.Collect$$rtentry$$00000009))

<P><STRONG><a name="[5e]"></a>__rt_entry_main</STRONG> (Thumb, 0 bytes, Stack size unknown bytes, __rtentry2.o(.ARM.Collect$$rtentry$$0000000D))
<BR><BR>[Stack]<UL><LI>Max Depth = 316 + Unknown Stack Size
<LI>Call Chain = __rt_entry_main &rArr; main &rArr; osKernelStart &rArr; vTaskStartScheduler &rArr; xTimerCreateTimerTask &rArr; prvCheckForValidListAndQueue &rArr; xQueueGenericCreateStatic &rArr; prvInitialiseNewQueue &rArr; xQueueGenericReset &rArr; xTaskRemoveFromEventList &rArr; vListInsertEnd
</UL>
<BR>[Calls]<UL><LI><a href="#[5f]">&gt;&gt;</a>&nbsp;&nbsp;&nbsp;main
<LI><a href="#[60]">&gt;&gt;</a>&nbsp;&nbsp;&nbsp;exit
</UL>

<P><STRONG><a name="[13c]"></a>__rt_entry_postli_1</STRONG> (Thumb, 0 bytes, Stack size unknown bytes, __rtentry2.o(.ARM.Collect$$rtentry$$0000000C))

<P><STRONG><a name="[6b]"></a>__rt_exit</STRONG> (Thumb, 0 bytes, Stack size unknown bytes, rtexit.o(.ARM.Collect$$rtexit$$00000000))
<BR><BR>[Called By]<UL><LI><a href="#[60]">&gt;&gt;</a>&nbsp;&nbsp;&nbsp;exit
</UL>

<P><STRONG><a name="[61]"></a>__rt_exit_ls</STRONG> (Thumb, 0 bytes, Stack size unknown bytes, rtexit2.o(.ARM.Collect$$rtexit$$00000003))
<BR><BR>[Calls]<UL><LI><a href="#[62]">&gt;&gt;</a>&nbsp;&nbsp;&nbsp;__rt_lib_shutdown
</UL>

<P><STRONG><a name="[13d]"></a>__rt_exit_prels_1</STRONG> (Thumb, 0 bytes, Stack size unknown bytes, rtexit2.o(.ARM.Collect$$rtexit$$00000002))

<P><STRONG><a name="[63]"></a>__rt_exit_exit</STRONG> (Thumb, 0 bytes, Stack size unknown bytes, rtexit2.o(.ARM.Collect$$rtexit$$00000004))
<BR><BR>[Calls]<UL><LI><a href="#[64]">&gt;&gt;</a>&nbsp;&nbsp;&nbsp;_sys_exit
</UL>

<P><STRONG><a name="[0]"></a>Reset_Handler</STRONG> (Thumb, 8 bytes, Stack size 0 bytes, startup_stm32f103xb.o(.text))
<BR>[Address Reference Count : 1]<UL><LI> startup_stm32f103xb.o(RESET)
</UL>
<P><STRONG><a name="[1c]"></a>ADC1_2_IRQHandler</STRONG> (Thumb, 0 bytes, Stack size 0 bytes, startup_stm32f103xb.o(.text))
<BR><BR>[Calls]<UL><LI><a href="#[1c]">&gt;&gt;</a>&nbsp;&nbsp;&nbsp;ADC1_2_IRQHandler
</UL>
<BR>[Called By]<UL><LI><a href="#[1c]">&gt;&gt;</a>&nbsp;&nbsp;&nbsp;ADC1_2_IRQHandler
</UL>
<BR>[Address Reference Count : 1]<UL><LI> startup_stm32f103xb.o(RESET)
</UL>
<P><STRONG><a name="[1f]"></a>CAN1_RX1_IRQHandler</STRONG> (Thumb, 0 bytes, Stack size 0 bytes, startup_stm32f103xb.o(.text))
<BR>[Address Reference Count : 1]<UL><LI> startup_stm32f103xb.o(RESET)
</UL>
<P><STRONG><a name="[20]"></a>CAN1_SCE_IRQHandler</STRONG> (Thumb, 0 bytes, Stack size 0 bytes, startup_stm32f103xb.o(.text))
<BR>[Address Reference Count : 1]<UL><LI> startup_stm32f103xb.o(RESET)
</UL>
<P><STRONG><a name="[15]"></a>DMA1_Channel1_IRQHandler</STRONG> (Thumb, 0 bytes, Stack size 0 bytes, startup_stm32f103xb.o(.text))
<BR>[Address Reference Count : 1]<UL><LI> startup_stm32f103xb.o(RESET)
</UL>
<P><STRONG><a name="[16]"></a>DMA1_Channel2_IRQHandler</STRONG> (Thumb, 0 bytes, Stack size 0 bytes, startup_stm32f103xb.o(.text))
<BR>[Address Reference Count : 1]<UL><LI> startup_stm32f103xb.o(RESET)
</UL>
<P><STRONG><a name="[17]"></a>DMA1_Channel3_IRQHandler</STRONG> (Thumb, 0 bytes, Stack size 0 bytes, startup_stm32f103xb.o(.text))
<BR>[Address Reference Count : 1]<UL><LI> startup_stm32f103xb.o(RESET)
</UL>
<P><STRONG><a name="[18]"></a>DMA1_Channel4_IRQHandler</STRONG> (Thumb, 0 bytes, Stack size 0 bytes, startup_stm32f103xb.o(.text))
<BR>[Address Reference Count : 1]<UL><LI> startup_stm32f103xb.o(RESET)
</UL>
<P><STRONG><a name="[19]"></a>DMA1_Channel5_IRQHandler</STRONG> (Thumb, 0 bytes, Stack size 0 bytes, startup_stm32f103xb.o(.text))
<BR>[Address Reference Count : 1]<UL><LI> startup_stm32f103xb.o(RESET)
</UL>
<P><STRONG><a name="[1a]"></a>DMA1_Channel6_IRQHandler</STRONG> (Thumb, 0 bytes, Stack size 0 bytes, startup_stm32f103xb.o(.text))
<BR>[Address Reference Count : 1]<UL><LI> startup_stm32f103xb.o(RESET)
</UL>
<P><STRONG><a name="[1b]"></a>DMA1_Channel7_IRQHandler</STRONG> (Thumb, 0 bytes, Stack size 0 bytes, startup_stm32f103xb.o(.text))
<BR>[Address Reference Count : 1]<UL><LI> startup_stm32f103xb.o(RESET)
</UL>
<P><STRONG><a name="[10]"></a>EXTI0_IRQHandler</STRONG> (Thumb, 0 bytes, Stack size 0 bytes, startup_stm32f103xb.o(.text))
<BR>[Address Reference Count : 1]<UL><LI> startup_stm32f103xb.o(RESET)
</UL>
<P><STRONG><a name="[32]"></a>EXTI15_10_IRQHandler</STRONG> (Thumb, 0 bytes, Stack size 0 bytes, startup_stm32f103xb.o(.text))
<BR>[Address Reference Count : 1]<UL><LI> startup_stm32f103xb.o(RESET)
</UL>
<P><STRONG><a name="[11]"></a>EXTI1_IRQHandler</STRONG> (Thumb, 0 bytes, Stack size 0 bytes, startup_stm32f103xb.o(.text))
<BR>[Address Reference Count : 1]<UL><LI> startup_stm32f103xb.o(RESET)
</UL>
<P><STRONG><a name="[12]"></a>EXTI2_IRQHandler</STRONG> (Thumb, 0 bytes, Stack size 0 bytes, startup_stm32f103xb.o(.text))
<BR>[Address Reference Count : 1]<UL><LI> startup_stm32f103xb.o(RESET)
</UL>
<P><STRONG><a name="[13]"></a>EXTI3_IRQHandler</STRONG> (Thumb, 0 bytes, Stack size 0 bytes, startup_stm32f103xb.o(.text))
<BR>[Address Reference Count : 1]<UL><LI> startup_stm32f103xb.o(RESET)
</UL>
<P><STRONG><a name="[14]"></a>EXTI4_IRQHandler</STRONG> (Thumb, 0 bytes, Stack size 0 bytes, startup_stm32f103xb.o(.text))
<BR>[Address Reference Count : 1]<UL><LI> startup_stm32f103xb.o(RESET)
</UL>
<P><STRONG><a name="[21]"></a>EXTI9_5_IRQHandler</STRONG> (Thumb, 0 bytes, Stack size 0 bytes, startup_stm32f103xb.o(.text))
<BR>[Address Reference Count : 1]<UL><LI> startup_stm32f103xb.o(RESET)
</UL>
<P><STRONG><a name="[e]"></a>FLASH_IRQHandler</STRONG> (Thumb, 0 bytes, Stack size 0 bytes, startup_stm32f103xb.o(.text))
<BR>[Address Reference Count : 1]<UL><LI> startup_stm32f103xb.o(RESET)
</UL>
<P><STRONG><a name="[2c]"></a>I2C2_ER_IRQHandler</STRONG> (Thumb, 0 bytes, Stack size 0 bytes, startup_stm32f103xb.o(.text))
<BR>[Address Reference Count : 1]<UL><LI> startup_stm32f103xb.o(RESET)
</UL>
<P><STRONG><a name="[2b]"></a>I2C2_EV_IRQHandler</STRONG> (Thumb, 0 bytes, Stack size 0 bytes, startup_stm32f103xb.o(.text))
<BR>[Address Reference Count : 1]<UL><LI> startup_stm32f103xb.o(RESET)
</UL>
<P><STRONG><a name="[b]"></a>PVD_IRQHandler</STRONG> (Thumb, 0 bytes, Stack size 0 bytes, startup_stm32f103xb.o(.text))
<BR>[Address Reference Count : 1]<UL><LI> startup_stm32f103xb.o(RESET)
</UL>
<P><STRONG><a name="[f]"></a>RCC_IRQHandler</STRONG> (Thumb, 0 bytes, Stack size 0 bytes, startup_stm32f103xb.o(.text))
<BR>[Address Reference Count : 1]<UL><LI> startup_stm32f103xb.o(RESET)
</UL>
<P><STRONG><a name="[33]"></a>RTC_Alarm_IRQHandler</STRONG> (Thumb, 0 bytes, Stack size 0 bytes, startup_stm32f103xb.o(.text))
<BR>[Address Reference Count : 1]<UL><LI> startup_stm32f103xb.o(RESET)
</UL>
<P><STRONG><a name="[d]"></a>RTC_IRQHandler</STRONG> (Thumb, 0 bytes, Stack size 0 bytes, startup_stm32f103xb.o(.text))
<BR>[Address Reference Count : 1]<UL><LI> startup_stm32f103xb.o(RESET)
</UL>
<P><STRONG><a name="[2d]"></a>SPI1_IRQHandler</STRONG> (Thumb, 0 bytes, Stack size 0 bytes, startup_stm32f103xb.o(.text))
<BR>[Address Reference Count : 1]<UL><LI> startup_stm32f103xb.o(RESET)
</UL>
<P><STRONG><a name="[2e]"></a>SPI2_IRQHandler</STRONG> (Thumb, 0 bytes, Stack size 0 bytes, startup_stm32f103xb.o(.text))
<BR>[Address Reference Count : 1]<UL><LI> startup_stm32f103xb.o(RESET)
</UL>
<P><STRONG><a name="[c]"></a>TAMPER_IRQHandler</STRONG> (Thumb, 0 bytes, Stack size 0 bytes, startup_stm32f103xb.o(.text))
<BR>[Address Reference Count : 1]<UL><LI> startup_stm32f103xb.o(RESET)
</UL>
<P><STRONG><a name="[22]"></a>TIM1_BRK_IRQHandler</STRONG> (Thumb, 0 bytes, Stack size 0 bytes, startup_stm32f103xb.o(.text))
<BR>[Address Reference Count : 1]<UL><LI> startup_stm32f103xb.o(RESET)
</UL>
<P><STRONG><a name="[25]"></a>TIM1_CC_IRQHandler</STRONG> (Thumb, 0 bytes, Stack size 0 bytes, startup_stm32f103xb.o(.text))
<BR>[Address Reference Count : 1]<UL><LI> startup_stm32f103xb.o(RESET)
</UL>
<P><STRONG><a name="[24]"></a>TIM1_TRG_COM_IRQHandler</STRONG> (Thumb, 0 bytes, Stack size 0 bytes, startup_stm32f103xb.o(.text))
<BR>[Address Reference Count : 1]<UL><LI> startup_stm32f103xb.o(RESET)
</UL>
<P><STRONG><a name="[23]"></a>TIM1_UP_IRQHandler</STRONG> (Thumb, 0 bytes, Stack size 0 bytes, startup_stm32f103xb.o(.text))
<BR>[Address Reference Count : 1]<UL><LI> startup_stm32f103xb.o(RESET)
</UL>
<P><STRONG><a name="[26]"></a>TIM2_IRQHandler</STRONG> (Thumb, 0 bytes, Stack size 0 bytes, startup_stm32f103xb.o(.text))
<BR>[Address Reference Count : 1]<UL><LI> startup_stm32f103xb.o(RESET)
</UL>
<P><STRONG><a name="[27]"></a>TIM3_IRQHandler</STRONG> (Thumb, 0 bytes, Stack size 0 bytes, startup_stm32f103xb.o(.text))
<BR>[Address Reference Count : 1]<UL><LI> startup_stm32f103xb.o(RESET)
</UL>
<P><STRONG><a name="[2f]"></a>USART1_IRQHandler</STRONG> (Thumb, 0 bytes, Stack size 0 bytes, startup_stm32f103xb.o(.text))
<BR>[Address Reference Count : 1]<UL><LI> startup_stm32f103xb.o(RESET)
</UL>
<P><STRONG><a name="[30]"></a>USART2_IRQHandler</STRONG> (Thumb, 0 bytes, Stack size 0 bytes, startup_stm32f103xb.o(.text))
<BR>[Address Reference Count : 1]<UL><LI> startup_stm32f103xb.o(RESET)
</UL>
<P><STRONG><a name="[31]"></a>USART3_IRQHandler</STRONG> (Thumb, 0 bytes, Stack size 0 bytes, startup_stm32f103xb.o(.text))
<BR>[Address Reference Count : 1]<UL><LI> startup_stm32f103xb.o(RESET)
</UL>
<P><STRONG><a name="[34]"></a>USBWakeUp_IRQHandler</STRONG> (Thumb, 0 bytes, Stack size 0 bytes, startup_stm32f103xb.o(.text))
<BR>[Address Reference Count : 1]<UL><LI> startup_stm32f103xb.o(RESET)
</UL>
<P><STRONG><a name="[1d]"></a>USB_HP_CAN1_TX_IRQHandler</STRONG> (Thumb, 0 bytes, Stack size 0 bytes, startup_stm32f103xb.o(.text))
<BR>[Address Reference Count : 1]<UL><LI> startup_stm32f103xb.o(RESET)
</UL>
<P><STRONG><a name="[1e]"></a>USB_LP_CAN1_RX0_IRQHandler</STRONG> (Thumb, 0 bytes, Stack size 0 bytes, startup_stm32f103xb.o(.text))
<BR>[Address Reference Count : 1]<UL><LI> startup_stm32f103xb.o(RESET)
</UL>
<P><STRONG><a name="[a]"></a>WWDG_IRQHandler</STRONG> (Thumb, 0 bytes, Stack size 0 bytes, startup_stm32f103xb.o(.text))
<BR>[Address Reference Count : 1]<UL><LI> startup_stm32f103xb.o(RESET)
</UL>
<P><STRONG><a name="[6a]"></a>__user_initial_stackheap</STRONG> (Thumb, 0 bytes, Stack size unknown bytes, startup_stm32f103xb.o(.text))
<BR><BR>[Called By]<UL><LI><a href="#[5b]">&gt;&gt;</a>&nbsp;&nbsp;&nbsp;__user_setup_stackheap
</UL>

<P><STRONG><a name="[c9]"></a>__aeabi_memcpy</STRONG> (Thumb, 0 bytes, Stack size 0 bytes, rt_memcpy_v6.o(.text))
<BR><BR>[Called By]<UL><LI><a href="#[39]">&gt;&gt;</a>&nbsp;&nbsp;&nbsp;bqRead_task
<LI><a href="#[ea]">&gt;&gt;</a>&nbsp;&nbsp;&nbsp;prvCopyDataFromQueue
<LI><a href="#[eb]">&gt;&gt;</a>&nbsp;&nbsp;&nbsp;prvCopyDataToQueue
</UL>

<P><STRONG><a name="[65]"></a>__rt_memcpy</STRONG> (Thumb, 138 bytes, Stack size 0 bytes, rt_memcpy_v6.o(.text), UNUSED)
<BR><BR>[Calls]<UL><LI><a href="#[66]">&gt;&gt;</a>&nbsp;&nbsp;&nbsp;__aeabi_memcpy4
</UL>

<P><STRONG><a name="[13e]"></a>_memcpy_lastbytes</STRONG> (Thumb, 0 bytes, Stack size unknown bytes, rt_memcpy_v6.o(.text), UNUSED)

<P><STRONG><a name="[67]"></a>__aeabi_memset4</STRONG> (Thumb, 16 bytes, Stack size 0 bytes, aeabi_memset4.o(.text))
<BR><BR>[Stack]<UL><LI>Max Depth = 4<LI>Call Chain = __aeabi_memset4 &rArr; _memset_w
</UL>
<BR>[Calls]<UL><LI><a href="#[68]">&gt;&gt;</a>&nbsp;&nbsp;&nbsp;_memset_w
</UL>
<BR>[Called By]<UL><LI><a href="#[f0]">&gt;&gt;</a>&nbsp;&nbsp;&nbsp;prvInitialiseNewTask
</UL>

<P><STRONG><a name="[13f]"></a>__aeabi_memset8</STRONG> (Thumb, 0 bytes, Stack size 0 bytes, aeabi_memset4.o(.text), UNUSED)

<P><STRONG><a name="[c8]"></a>__aeabi_memclr4</STRONG> (Thumb, 0 bytes, Stack size unknown bytes, rt_memclr_w.o(.text))
<BR><BR>[Called By]<UL><LI><a href="#[c7]">&gt;&gt;</a>&nbsp;&nbsp;&nbsp;SystemClock_Config
</UL>

<P><STRONG><a name="[140]"></a>__aeabi_memclr8</STRONG> (Thumb, 0 bytes, Stack size unknown bytes, rt_memclr_w.o(.text), UNUSED)

<P><STRONG><a name="[141]"></a>__rt_memclr_w</STRONG> (Thumb, 0 bytes, Stack size unknown bytes, rt_memclr_w.o(.text), UNUSED)

<P><STRONG><a name="[68]"></a>_memset_w</STRONG> (Thumb, 74 bytes, Stack size 4 bytes, rt_memclr_w.o(.text))
<BR><BR>[Stack]<UL><LI>Max Depth = 4<LI>Call Chain = _memset_w
</UL>
<BR>[Called By]<UL><LI><a href="#[67]">&gt;&gt;</a>&nbsp;&nbsp;&nbsp;__aeabi_memset4
</UL>

<P><STRONG><a name="[142]"></a>__use_two_region_memory</STRONG> (Thumb, 2 bytes, Stack size 0 bytes, heapauxi.o(.text), UNUSED)

<P><STRONG><a name="[143]"></a>__rt_heap_escrow$2region</STRONG> (Thumb, 2 bytes, Stack size 0 bytes, heapauxi.o(.text), UNUSED)

<P><STRONG><a name="[144]"></a>__rt_heap_expand$2region</STRONG> (Thumb, 2 bytes, Stack size 0 bytes, heapauxi.o(.text), UNUSED)

<P><STRONG><a name="[66]"></a>__aeabi_memcpy4</STRONG> (Thumb, 0 bytes, Stack size 8 bytes, rt_memcpy_w.o(.text), UNUSED)
<BR><BR>[Called By]<UL><LI><a href="#[65]">&gt;&gt;</a>&nbsp;&nbsp;&nbsp;__rt_memcpy
</UL>

<P><STRONG><a name="[145]"></a>__aeabi_memcpy8</STRONG> (Thumb, 0 bytes, Stack size 8 bytes, rt_memcpy_w.o(.text), UNUSED)

<P><STRONG><a name="[146]"></a>__rt_memcpy_w</STRONG> (Thumb, 100 bytes, Stack size 8 bytes, rt_memcpy_w.o(.text), UNUSED)

<P><STRONG><a name="[147]"></a>_memcpy_lastbytes_aligned</STRONG> (Thumb, 0 bytes, Stack size unknown bytes, rt_memcpy_w.o(.text), UNUSED)

<P><STRONG><a name="[5b]"></a>__user_setup_stackheap</STRONG> (Thumb, 74 bytes, Stack size 8 bytes, sys_stackheap_outer.o(.text))
<BR><BR>[Stack]<UL><LI>Max Depth = 8 + Unknown Stack Size
<LI>Call Chain = __user_setup_stackheap
</UL>
<BR>[Calls]<UL><LI><a href="#[6a]">&gt;&gt;</a>&nbsp;&nbsp;&nbsp;__user_initial_stackheap
<LI><a href="#[69]">&gt;&gt;</a>&nbsp;&nbsp;&nbsp;__user_perproc_libspace
</UL>
<BR>[Called By]<UL><LI><a href="#[5a]">&gt;&gt;</a>&nbsp;&nbsp;&nbsp;__rt_entry_sh
</UL>

<P><STRONG><a name="[60]"></a>exit</STRONG> (Thumb, 18 bytes, Stack size 8 bytes, exit.o(.text))
<BR><BR>[Stack]<UL><LI>Max Depth = 8 + Unknown Stack Size
<LI>Call Chain = exit
</UL>
<BR>[Calls]<UL><LI><a href="#[6b]">&gt;&gt;</a>&nbsp;&nbsp;&nbsp;__rt_exit
</UL>
<BR>[Called By]<UL><LI><a href="#[5e]">&gt;&gt;</a>&nbsp;&nbsp;&nbsp;__rt_entry_main
</UL>

<P><STRONG><a name="[148]"></a>__user_libspace</STRONG> (Thumb, 8 bytes, Stack size 0 bytes, libspace.o(.text), UNUSED)

<P><STRONG><a name="[69]"></a>__user_perproc_libspace</STRONG> (Thumb, 0 bytes, Stack size 0 bytes, libspace.o(.text))
<BR><BR>[Called By]<UL><LI><a href="#[5b]">&gt;&gt;</a>&nbsp;&nbsp;&nbsp;__user_setup_stackheap
</UL>

<P><STRONG><a name="[149]"></a>__user_perthread_libspace</STRONG> (Thumb, 0 bytes, Stack size 0 bytes, libspace.o(.text), UNUSED)

<P><STRONG><a name="[64]"></a>_sys_exit</STRONG> (Thumb, 8 bytes, Stack size 0 bytes, sys_exit.o(.text))
<BR><BR>[Called By]<UL><LI><a href="#[63]">&gt;&gt;</a>&nbsp;&nbsp;&nbsp;__rt_exit_exit
</UL>

<P><STRONG><a name="[14a]"></a>__I$use$semihosting</STRONG> (Thumb, 0 bytes, Stack size 0 bytes, use_no_semi.o(.text), UNUSED)

<P><STRONG><a name="[14b]"></a>__use_no_semihosting_swi</STRONG> (Thumb, 2 bytes, Stack size 0 bytes, use_no_semi.o(.text), UNUSED)

<P><STRONG><a name="[14c]"></a>__semihosting_library_function</STRONG> (Thumb, 0 bytes, Stack size unknown bytes, indicate_semi.o(.text), UNUSED)

<P><STRONG><a name="[d5]"></a>BQ78350_Init</STRONG> (Thumb, 20 bytes, Stack size 4 bytes, drv_bq78350.o(.text.BQ78350_Init))
<BR><BR>[Stack]<UL><LI>Max Depth = 4<LI>Call Chain = BQ78350_Init
</UL>
<BR>[Called By]<UL><LI><a href="#[5f]">&gt;&gt;</a>&nbsp;&nbsp;&nbsp;main
</UL>

<P><STRONG><a name="[4]"></a>BusFault_Handler</STRONG> (Thumb, 4 bytes, Stack size 0 bytes, stm32f1xx_it.o(.text.BusFault_Handler))
<BR>[Address Reference Count : 1]<UL><LI> startup_stm32f103xb.o(RESET)
</UL>
<P><STRONG><a name="[7]"></a>DebugMon_Handler</STRONG> (Thumb, 2 bytes, Stack size 0 bytes, stm32f1xx_it.o(.text.DebugMon_Handler))
<BR>[Address Reference Count : 1]<UL><LI> startup_stm32f103xb.o(RESET)
</UL>
<P><STRONG><a name="[bb]"></a>Error_Handler</STRONG> (Thumb, 14 bytes, Stack size 4 bytes, main.o(.text.Error_Handler))
<BR><BR>[Stack]<UL><LI>Max Depth = 4<LI>Call Chain = Error_Handler
</UL>
<BR>[Called By]<UL><LI><a href="#[ba]">&gt;&gt;</a>&nbsp;&nbsp;&nbsp;MX_I2C1_Init
<LI><a href="#[c7]">&gt;&gt;</a>&nbsp;&nbsp;&nbsp;SystemClock_Config
</UL>

<P><STRONG><a name="[a8]"></a>HAL_DMA_Abort_IT</STRONG> (Thumb, 284 bytes, Stack size 40 bytes, stm32f1xx_hal_dma.o(.text.HAL_DMA_Abort_IT))
<BR><BR>[Stack]<UL><LI>Max Depth = 40<LI>Call Chain = HAL_DMA_Abort_IT
</UL>
<BR>[Called By]<UL><LI><a href="#[7a]">&gt;&gt;</a>&nbsp;&nbsp;&nbsp;I2C_Slave_STOPF
<LI><a href="#[6e]">&gt;&gt;</a>&nbsp;&nbsp;&nbsp;I2C_ITError
</UL>

<P><STRONG><a name="[b4]"></a>HAL_DMA_GetState</STRONG> (Thumb, 14 bytes, Stack size 4 bytes, stm32f1xx_hal_dma.o(.text.HAL_DMA_GetState))
<BR><BR>[Stack]<UL><LI>Max Depth = 4<LI>Call Chain = HAL_DMA_GetState
</UL>
<BR>[Called By]<UL><LI><a href="#[7a]">&gt;&gt;</a>&nbsp;&nbsp;&nbsp;I2C_Slave_STOPF
</UL>

<P><STRONG><a name="[87]"></a>HAL_GPIO_Init</STRONG> (Thumb, 798 bytes, Stack size 64 bytes, stm32f1xx_hal_gpio.o(.text.HAL_GPIO_Init))
<BR><BR>[Stack]<UL><LI>Max Depth = 64<LI>Call Chain = HAL_GPIO_Init
</UL>
<BR>[Called By]<UL><LI><a href="#[80]">&gt;&gt;</a>&nbsp;&nbsp;&nbsp;HAL_I2C_MspInit
<LI><a href="#[b8]">&gt;&gt;</a>&nbsp;&nbsp;&nbsp;MX_GPIO_Init
</UL>

<P><STRONG><a name="[d2]"></a>HAL_GPIO_ReadPin</STRONG> (Thumb, 46 bytes, Stack size 8 bytes, stm32f1xx_hal_gpio.o(.text.HAL_GPIO_ReadPin))
<BR><BR>[Stack]<UL><LI>Max Depth = 8<LI>Call Chain = HAL_GPIO_ReadPin
</UL>
<BR>[Called By]<UL><LI><a href="#[55]">&gt;&gt;</a>&nbsp;&nbsp;&nbsp;keyReadPin
</UL>

<P><STRONG><a name="[10f]"></a>HAL_GPIO_TogglePin</STRONG> (Thumb, 38 bytes, Stack size 12 bytes, stm32f1xx_hal_gpio.o(.text.HAL_GPIO_TogglePin))
<BR><BR>[Stack]<UL><LI>Max Depth = 12<LI>Call Chain = HAL_GPIO_TogglePin
</UL>
<BR>[Called By]<UL><LI><a href="#[d1]">&gt;&gt;</a>&nbsp;&nbsp;&nbsp;vol_0_1
<LI><a href="#[cf]">&gt;&gt;</a>&nbsp;&nbsp;&nbsp;vol_2_3
<LI><a href="#[cd]">&gt;&gt;</a>&nbsp;&nbsp;&nbsp;vol_4_5
<LI><a href="#[cb]">&gt;&gt;</a>&nbsp;&nbsp;&nbsp;vol_6_7
</UL>

<P><STRONG><a name="[b9]"></a>HAL_GPIO_WritePin</STRONG> (Thumb, 46 bytes, Stack size 8 bytes, stm32f1xx_hal_gpio.o(.text.HAL_GPIO_WritePin))
<BR><BR>[Stack]<UL><LI>Max Depth = 8<LI>Call Chain = HAL_GPIO_WritePin
</UL>
<BR>[Called By]<UL><LI><a href="#[b8]">&gt;&gt;</a>&nbsp;&nbsp;&nbsp;MX_GPIO_Init
<LI><a href="#[54]">&gt;&gt;</a>&nbsp;&nbsp;&nbsp;set_power_switch
<LI><a href="#[d4]">&gt;&gt;</a>&nbsp;&nbsp;&nbsp;led_ctrl
<LI><a href="#[be]">&gt;&gt;</a>&nbsp;&nbsp;&nbsp;all_led_ctrl
</UL>

<P><STRONG><a name="[83]"></a>HAL_GetTick</STRONG> (Thumb, 12 bytes, Stack size 0 bytes, stm32f1xx_hal.o(.text.HAL_GetTick))
<BR><BR>[Called By]<UL><LI><a href="#[82]">&gt;&gt;</a>&nbsp;&nbsp;&nbsp;HAL_I2C_Mem_Read
<LI><a href="#[86]">&gt;&gt;</a>&nbsp;&nbsp;&nbsp;I2C_WaitOnRXNEFlagUntilTimeout
<LI><a href="#[af]">&gt;&gt;</a>&nbsp;&nbsp;&nbsp;I2C_WaitOnMasterAddressFlagUntilTimeout
<LI><a href="#[b0]">&gt;&gt;</a>&nbsp;&nbsp;&nbsp;I2C_WaitOnTXEFlagUntilTimeout
<LI><a href="#[84]">&gt;&gt;</a>&nbsp;&nbsp;&nbsp;I2C_WaitOnFlagUntilTimeout
<LI><a href="#[96]">&gt;&gt;</a>&nbsp;&nbsp;&nbsp;HAL_RCC_ClockConfig
<LI><a href="#[99]">&gt;&gt;</a>&nbsp;&nbsp;&nbsp;HAL_RCC_OscConfig
</UL>

<P><STRONG><a name="[a6]"></a>HAL_I2C_AbortCpltCallback</STRONG> (Thumb, 8 bytes, Stack size 4 bytes, stm32f1xx_hal_i2c.o(.text.HAL_I2C_AbortCpltCallback))
<BR><BR>[Stack]<UL><LI>Max Depth = 4<LI>Call Chain = HAL_I2C_AbortCpltCallback
</UL>
<BR>[Called By]<UL><LI><a href="#[6e]">&gt;&gt;</a>&nbsp;&nbsp;&nbsp;I2C_ITError
<LI><a href="#[37]">&gt;&gt;</a>&nbsp;&nbsp;&nbsp;I2C_DMAAbort
</UL>

<P><STRONG><a name="[b3]"></a>HAL_I2C_AddrCallback</STRONG> (Thumb, 16 bytes, Stack size 8 bytes, stm32f1xx_hal_i2c.o(.text.HAL_I2C_AddrCallback))
<BR><BR>[Stack]<UL><LI>Max Depth = 8<LI>Call Chain = HAL_I2C_AddrCallback
</UL>
<BR>[Called By]<UL><LI><a href="#[79]">&gt;&gt;</a>&nbsp;&nbsp;&nbsp;I2C_Slave_ADDR
</UL>

<P><STRONG><a name="[6c]"></a>HAL_I2C_ER_IRQHandler</STRONG> (Thumb, 390 bytes, Stack size 48 bytes, stm32f1xx_hal_i2c.o(.text.HAL_I2C_ER_IRQHandler))
<BR><BR>[Stack]<UL><LI>Max Depth = 112<LI>Call Chain = HAL_I2C_ER_IRQHandler &rArr; I2C_ITError &rArr; HAL_DMA_Abort_IT
</UL>
<BR>[Calls]<UL><LI><a href="#[6d]">&gt;&gt;</a>&nbsp;&nbsp;&nbsp;I2C_Slave_AF
<LI><a href="#[6e]">&gt;&gt;</a>&nbsp;&nbsp;&nbsp;I2C_ITError
</UL>
<BR>[Called By]<UL><LI><a href="#[2a]">&gt;&gt;</a>&nbsp;&nbsp;&nbsp;I2C1_ER_IRQHandler
</UL>

<P><STRONG><a name="[6f]"></a>HAL_I2C_EV_IRQHandler</STRONG> (Thumb, 970 bytes, Stack size 40 bytes, stm32f1xx_hal_i2c.o(.text.HAL_I2C_EV_IRQHandler))
<BR><BR>[Stack]<UL><LI>Max Depth = 128<LI>Call Chain = HAL_I2C_EV_IRQHandler &rArr; I2C_Slave_STOPF &rArr; I2C_ITError &rArr; HAL_DMA_Abort_IT
</UL>
<BR>[Calls]<UL><LI><a href="#[7e]">&gt;&gt;</a>&nbsp;&nbsp;&nbsp;I2C_SlaveReceive_BTF
<LI><a href="#[7d]">&gt;&gt;</a>&nbsp;&nbsp;&nbsp;I2C_SlaveReceive_RXNE
<LI><a href="#[7c]">&gt;&gt;</a>&nbsp;&nbsp;&nbsp;I2C_SlaveTransmit_BTF
<LI><a href="#[7b]">&gt;&gt;</a>&nbsp;&nbsp;&nbsp;I2C_SlaveTransmit_TXE
<LI><a href="#[7a]">&gt;&gt;</a>&nbsp;&nbsp;&nbsp;I2C_Slave_STOPF
<LI><a href="#[79]">&gt;&gt;</a>&nbsp;&nbsp;&nbsp;I2C_Slave_ADDR
<LI><a href="#[78]">&gt;&gt;</a>&nbsp;&nbsp;&nbsp;I2C_MasterReceive_BTF
<LI><a href="#[77]">&gt;&gt;</a>&nbsp;&nbsp;&nbsp;I2C_MasterReceive_RXNE
<LI><a href="#[76]">&gt;&gt;</a>&nbsp;&nbsp;&nbsp;I2C_MemoryTransmit_TXE_BTF
<LI><a href="#[75]">&gt;&gt;</a>&nbsp;&nbsp;&nbsp;I2C_MasterTransmit_BTF
<LI><a href="#[74]">&gt;&gt;</a>&nbsp;&nbsp;&nbsp;I2C_MasterTransmit_TXE
<LI><a href="#[73]">&gt;&gt;</a>&nbsp;&nbsp;&nbsp;I2C_Master_ADDR
<LI><a href="#[72]">&gt;&gt;</a>&nbsp;&nbsp;&nbsp;I2C_Master_ADD10
<LI><a href="#[71]">&gt;&gt;</a>&nbsp;&nbsp;&nbsp;I2C_Master_SB
<LI><a href="#[70]">&gt;&gt;</a>&nbsp;&nbsp;&nbsp;I2C_ConvertOtherXferOptions
</UL>
<BR>[Called By]<UL><LI><a href="#[29]">&gt;&gt;</a>&nbsp;&nbsp;&nbsp;I2C1_EV_IRQHandler
</UL>

<P><STRONG><a name="[a7]"></a>HAL_I2C_ErrorCallback</STRONG> (Thumb, 8 bytes, Stack size 4 bytes, stm32f1xx_hal_i2c.o(.text.HAL_I2C_ErrorCallback))
<BR><BR>[Stack]<UL><LI>Max Depth = 4<LI>Call Chain = HAL_I2C_ErrorCallback
</UL>
<BR>[Called By]<UL><LI><a href="#[77]">&gt;&gt;</a>&nbsp;&nbsp;&nbsp;I2C_MasterReceive_RXNE
<LI><a href="#[6e]">&gt;&gt;</a>&nbsp;&nbsp;&nbsp;I2C_ITError
<LI><a href="#[37]">&gt;&gt;</a>&nbsp;&nbsp;&nbsp;I2C_DMAAbort
</UL>

<P><STRONG><a name="[7f]"></a>HAL_I2C_Init</STRONG> (Thumb, 676 bytes, Stack size 64 bytes, stm32f1xx_hal_i2c.o(.text.HAL_I2C_Init))
<BR><BR>[Stack]<UL><LI>Max Depth = 184<LI>Call Chain = HAL_I2C_Init &rArr; HAL_I2C_MspInit &rArr; HAL_NVIC_SetPriority &rArr; NVIC_EncodePriority
</UL>
<BR>[Calls]<UL><LI><a href="#[81]">&gt;&gt;</a>&nbsp;&nbsp;&nbsp;HAL_RCC_GetPCLK1Freq
<LI><a href="#[80]">&gt;&gt;</a>&nbsp;&nbsp;&nbsp;HAL_I2C_MspInit
</UL>
<BR>[Called By]<UL><LI><a href="#[ba]">&gt;&gt;</a>&nbsp;&nbsp;&nbsp;MX_I2C1_Init
</UL>

<P><STRONG><a name="[a9]"></a>HAL_I2C_ListenCpltCallback</STRONG> (Thumb, 8 bytes, Stack size 4 bytes, stm32f1xx_hal_i2c.o(.text.HAL_I2C_ListenCpltCallback))
<BR><BR>[Stack]<UL><LI>Max Depth = 4<LI>Call Chain = HAL_I2C_ListenCpltCallback
</UL>
<BR>[Called By]<UL><LI><a href="#[6d]">&gt;&gt;</a>&nbsp;&nbsp;&nbsp;I2C_Slave_AF
<LI><a href="#[7a]">&gt;&gt;</a>&nbsp;&nbsp;&nbsp;I2C_Slave_STOPF
<LI><a href="#[6e]">&gt;&gt;</a>&nbsp;&nbsp;&nbsp;I2C_ITError
</UL>

<P><STRONG><a name="[ab]"></a>HAL_I2C_MasterRxCpltCallback</STRONG> (Thumb, 8 bytes, Stack size 4 bytes, stm32f1xx_hal_i2c.o(.text.HAL_I2C_MasterRxCpltCallback))
<BR><BR>[Stack]<UL><LI>Max Depth = 4<LI>Call Chain = HAL_I2C_MasterRxCpltCallback
</UL>
<BR>[Called By]<UL><LI><a href="#[78]">&gt;&gt;</a>&nbsp;&nbsp;&nbsp;I2C_MasterReceive_BTF
<LI><a href="#[77]">&gt;&gt;</a>&nbsp;&nbsp;&nbsp;I2C_MasterReceive_RXNE
</UL>

<P><STRONG><a name="[ad]"></a>HAL_I2C_MasterTxCpltCallback</STRONG> (Thumb, 8 bytes, Stack size 4 bytes, stm32f1xx_hal_i2c.o(.text.HAL_I2C_MasterTxCpltCallback))
<BR><BR>[Stack]<UL><LI>Max Depth = 4<LI>Call Chain = HAL_I2C_MasterTxCpltCallback
</UL>
<BR>[Called By]<UL><LI><a href="#[75]">&gt;&gt;</a>&nbsp;&nbsp;&nbsp;I2C_MasterTransmit_BTF
<LI><a href="#[74]">&gt;&gt;</a>&nbsp;&nbsp;&nbsp;I2C_MasterTransmit_TXE
</UL>

<P><STRONG><a name="[aa]"></a>HAL_I2C_MemRxCpltCallback</STRONG> (Thumb, 8 bytes, Stack size 4 bytes, stm32f1xx_hal_i2c.o(.text.HAL_I2C_MemRxCpltCallback))
<BR><BR>[Stack]<UL><LI>Max Depth = 4<LI>Call Chain = HAL_I2C_MemRxCpltCallback
</UL>
<BR>[Called By]<UL><LI><a href="#[78]">&gt;&gt;</a>&nbsp;&nbsp;&nbsp;I2C_MasterReceive_BTF
<LI><a href="#[77]">&gt;&gt;</a>&nbsp;&nbsp;&nbsp;I2C_MasterReceive_RXNE
</UL>

<P><STRONG><a name="[ae]"></a>HAL_I2C_MemTxCpltCallback</STRONG> (Thumb, 8 bytes, Stack size 4 bytes, stm32f1xx_hal_i2c.o(.text.HAL_I2C_MemTxCpltCallback))
<BR><BR>[Stack]<UL><LI>Max Depth = 4<LI>Call Chain = HAL_I2C_MemTxCpltCallback
</UL>
<BR>[Called By]<UL><LI><a href="#[76]">&gt;&gt;</a>&nbsp;&nbsp;&nbsp;I2C_MemoryTransmit_TXE_BTF
<LI><a href="#[75]">&gt;&gt;</a>&nbsp;&nbsp;&nbsp;I2C_MasterTransmit_BTF
<LI><a href="#[74]">&gt;&gt;</a>&nbsp;&nbsp;&nbsp;I2C_MasterTransmit_TXE
</UL>

<P><STRONG><a name="[82]"></a>HAL_I2C_Mem_Read</STRONG> (Thumb, 1222 bytes, Stack size 72 bytes, stm32f1xx_hal_i2c.o(.text.HAL_I2C_Mem_Read))
<BR><BR>[Stack]<UL><LI>Max Depth = 136<LI>Call Chain = HAL_I2C_Mem_Read &rArr; I2C_RequestMemoryRead &rArr; I2C_WaitOnMasterAddressFlagUntilTimeout
</UL>
<BR>[Calls]<UL><LI><a href="#[85]">&gt;&gt;</a>&nbsp;&nbsp;&nbsp;I2C_RequestMemoryRead
<LI><a href="#[86]">&gt;&gt;</a>&nbsp;&nbsp;&nbsp;I2C_WaitOnRXNEFlagUntilTimeout
<LI><a href="#[84]">&gt;&gt;</a>&nbsp;&nbsp;&nbsp;I2C_WaitOnFlagUntilTimeout
<LI><a href="#[83]">&gt;&gt;</a>&nbsp;&nbsp;&nbsp;HAL_GetTick
</UL>
<BR>[Called By]<UL><LI><a href="#[53]">&gt;&gt;</a>&nbsp;&nbsp;&nbsp;getGaugingStatus
<LI><a href="#[52]">&gt;&gt;</a>&nbsp;&nbsp;&nbsp;getPFStatus
<LI><a href="#[51]">&gt;&gt;</a>&nbsp;&nbsp;&nbsp;getPFAlert
<LI><a href="#[50]">&gt;&gt;</a>&nbsp;&nbsp;&nbsp;getSafetyStatus
<LI><a href="#[4f]">&gt;&gt;</a>&nbsp;&nbsp;&nbsp;getSafetyAlert
<LI><a href="#[4e]">&gt;&gt;</a>&nbsp;&nbsp;&nbsp;getOperationStatus
<LI><a href="#[4d]">&gt;&gt;</a>&nbsp;&nbsp;&nbsp;getDesignCapacity
<LI><a href="#[4c]">&gt;&gt;</a>&nbsp;&nbsp;&nbsp;getCycleCount
<LI><a href="#[4b]">&gt;&gt;</a>&nbsp;&nbsp;&nbsp;getBatteryStatus
<LI><a href="#[4a]">&gt;&gt;</a>&nbsp;&nbsp;&nbsp;getChargingVoltage
<LI><a href="#[49]">&gt;&gt;</a>&nbsp;&nbsp;&nbsp;getChargingCurrent
<LI><a href="#[48]">&gt;&gt;</a>&nbsp;&nbsp;&nbsp;getAverageTimeToFull
<LI><a href="#[47]">&gt;&gt;</a>&nbsp;&nbsp;&nbsp;getAverageTimeToEmpty
<LI><a href="#[46]">&gt;&gt;</a>&nbsp;&nbsp;&nbsp;getRunTimeToEmpty
<LI><a href="#[45]">&gt;&gt;</a>&nbsp;&nbsp;&nbsp;getFullChargeCapacity
<LI><a href="#[44]">&gt;&gt;</a>&nbsp;&nbsp;&nbsp;getAbsoluteStateOfCharge
<LI><a href="#[43]">&gt;&gt;</a>&nbsp;&nbsp;&nbsp;getRelativeStateOfCharge
<LI><a href="#[42]">&gt;&gt;</a>&nbsp;&nbsp;&nbsp;getResidualCapacity
<LI><a href="#[41]">&gt;&gt;</a>&nbsp;&nbsp;&nbsp;getTemperature
<LI><a href="#[40]">&gt;&gt;</a>&nbsp;&nbsp;&nbsp;getCurrent
<LI><a href="#[3f]">&gt;&gt;</a>&nbsp;&nbsp;&nbsp;getVoltage
</UL>

<P><STRONG><a name="[80]"></a>HAL_I2C_MspInit</STRONG> (Thumb, 166 bytes, Stack size 56 bytes, i2c.o(.text.HAL_I2C_MspInit))
<BR><BR>[Stack]<UL><LI>Max Depth = 120<LI>Call Chain = HAL_I2C_MspInit &rArr; HAL_NVIC_SetPriority &rArr; NVIC_EncodePriority
</UL>
<BR>[Calls]<UL><LI><a href="#[89]">&gt;&gt;</a>&nbsp;&nbsp;&nbsp;HAL_NVIC_EnableIRQ
<LI><a href="#[88]">&gt;&gt;</a>&nbsp;&nbsp;&nbsp;HAL_NVIC_SetPriority
<LI><a href="#[87]">&gt;&gt;</a>&nbsp;&nbsp;&nbsp;HAL_GPIO_Init
</UL>
<BR>[Called By]<UL><LI><a href="#[7f]">&gt;&gt;</a>&nbsp;&nbsp;&nbsp;HAL_I2C_Init
</UL>

<P><STRONG><a name="[b1]"></a>HAL_I2C_SlaveRxCpltCallback</STRONG> (Thumb, 8 bytes, Stack size 4 bytes, stm32f1xx_hal_i2c.o(.text.HAL_I2C_SlaveRxCpltCallback))
<BR><BR>[Stack]<UL><LI>Max Depth = 4<LI>Call Chain = HAL_I2C_SlaveRxCpltCallback
</UL>
<BR>[Called By]<UL><LI><a href="#[7d]">&gt;&gt;</a>&nbsp;&nbsp;&nbsp;I2C_SlaveReceive_RXNE
<LI><a href="#[7a]">&gt;&gt;</a>&nbsp;&nbsp;&nbsp;I2C_Slave_STOPF
</UL>

<P><STRONG><a name="[b2]"></a>HAL_I2C_SlaveTxCpltCallback</STRONG> (Thumb, 8 bytes, Stack size 4 bytes, stm32f1xx_hal_i2c.o(.text.HAL_I2C_SlaveTxCpltCallback))
<BR><BR>[Stack]<UL><LI>Max Depth = 4<LI>Call Chain = HAL_I2C_SlaveTxCpltCallback
</UL>
<BR>[Called By]<UL><LI><a href="#[6d]">&gt;&gt;</a>&nbsp;&nbsp;&nbsp;I2C_Slave_AF
<LI><a href="#[7b]">&gt;&gt;</a>&nbsp;&nbsp;&nbsp;I2C_SlaveTransmit_TXE
</UL>

<P><STRONG><a name="[a5]"></a>HAL_IncTick</STRONG> (Thumb, 26 bytes, Stack size 0 bytes, stm32f1xx_hal.o(.text.HAL_IncTick))
<BR><BR>[Called By]<UL><LI><a href="#[a1]">&gt;&gt;</a>&nbsp;&nbsp;&nbsp;HAL_TIM_PeriodElapsedCallback
</UL>

<P><STRONG><a name="[8a]"></a>HAL_Init</STRONG> (Thumb, 38 bytes, Stack size 8 bytes, stm32f1xx_hal.o(.text.HAL_Init))
<BR><BR>[Stack]<UL><LI>Max Depth = 128<LI>Call Chain = HAL_Init &rArr; HAL_InitTick &rArr; HAL_NVIC_SetPriority &rArr; NVIC_EncodePriority
</UL>
<BR>[Calls]<UL><LI><a href="#[8b]">&gt;&gt;</a>&nbsp;&nbsp;&nbsp;HAL_NVIC_SetPriorityGrouping
<LI><a href="#[8c]">&gt;&gt;</a>&nbsp;&nbsp;&nbsp;HAL_InitTick
<LI><a href="#[8d]">&gt;&gt;</a>&nbsp;&nbsp;&nbsp;HAL_MspInit
</UL>
<BR>[Called By]<UL><LI><a href="#[5f]">&gt;&gt;</a>&nbsp;&nbsp;&nbsp;main
</UL>

<P><STRONG><a name="[8c]"></a>HAL_InitTick</STRONG> (Thumb, 240 bytes, Stack size 56 bytes, stm32f1xx_hal_timebase_tim.o(.text.HAL_InitTick))
<BR><BR>[Stack]<UL><LI>Max Depth = 120<LI>Call Chain = HAL_InitTick &rArr; HAL_NVIC_SetPriority &rArr; NVIC_EncodePriority
</UL>
<BR>[Calls]<UL><LI><a href="#[90]">&gt;&gt;</a>&nbsp;&nbsp;&nbsp;HAL_TIM_Base_Start_IT
<LI><a href="#[8f]">&gt;&gt;</a>&nbsp;&nbsp;&nbsp;HAL_TIM_Base_Init
<LI><a href="#[81]">&gt;&gt;</a>&nbsp;&nbsp;&nbsp;HAL_RCC_GetPCLK1Freq
<LI><a href="#[8e]">&gt;&gt;</a>&nbsp;&nbsp;&nbsp;HAL_RCC_GetClockConfig
<LI><a href="#[89]">&gt;&gt;</a>&nbsp;&nbsp;&nbsp;HAL_NVIC_EnableIRQ
<LI><a href="#[88]">&gt;&gt;</a>&nbsp;&nbsp;&nbsp;HAL_NVIC_SetPriority
</UL>
<BR>[Called By]<UL><LI><a href="#[96]">&gt;&gt;</a>&nbsp;&nbsp;&nbsp;HAL_RCC_ClockConfig
<LI><a href="#[8a]">&gt;&gt;</a>&nbsp;&nbsp;&nbsp;HAL_Init
</UL>

<P><STRONG><a name="[8d]"></a>HAL_MspInit</STRONG> (Thumb, 114 bytes, Stack size 24 bytes, stm32f1xx_hal_msp.o(.text.HAL_MspInit))
<BR><BR>[Stack]<UL><LI>Max Depth = 88<LI>Call Chain = HAL_MspInit &rArr; HAL_NVIC_SetPriority &rArr; NVIC_EncodePriority
</UL>
<BR>[Calls]<UL><LI><a href="#[88]">&gt;&gt;</a>&nbsp;&nbsp;&nbsp;HAL_NVIC_SetPriority
</UL>
<BR>[Called By]<UL><LI><a href="#[8a]">&gt;&gt;</a>&nbsp;&nbsp;&nbsp;HAL_Init
</UL>

<P><STRONG><a name="[89]"></a>HAL_NVIC_EnableIRQ</STRONG> (Thumb, 20 bytes, Stack size 16 bytes, stm32f1xx_hal_cortex.o(.text.HAL_NVIC_EnableIRQ))
<BR><BR>[Stack]<UL><LI>Max Depth = 20<LI>Call Chain = HAL_NVIC_EnableIRQ &rArr; __NVIC_EnableIRQ
</UL>
<BR>[Calls]<UL><LI><a href="#[91]">&gt;&gt;</a>&nbsp;&nbsp;&nbsp;__NVIC_EnableIRQ
</UL>
<BR>[Called By]<UL><LI><a href="#[8c]">&gt;&gt;</a>&nbsp;&nbsp;&nbsp;HAL_InitTick
<LI><a href="#[80]">&gt;&gt;</a>&nbsp;&nbsp;&nbsp;HAL_I2C_MspInit
</UL>

<P><STRONG><a name="[88]"></a>HAL_NVIC_SetPriority</STRONG> (Thumb, 50 bytes, Stack size 32 bytes, stm32f1xx_hal_cortex.o(.text.HAL_NVIC_SetPriority))
<BR><BR>[Stack]<UL><LI>Max Depth = 64<LI>Call Chain = HAL_NVIC_SetPriority &rArr; NVIC_EncodePriority
</UL>
<BR>[Calls]<UL><LI><a href="#[94]">&gt;&gt;</a>&nbsp;&nbsp;&nbsp;__NVIC_SetPriority
<LI><a href="#[93]">&gt;&gt;</a>&nbsp;&nbsp;&nbsp;NVIC_EncodePriority
<LI><a href="#[92]">&gt;&gt;</a>&nbsp;&nbsp;&nbsp;__NVIC_GetPriorityGrouping
</UL>
<BR>[Called By]<UL><LI><a href="#[8c]">&gt;&gt;</a>&nbsp;&nbsp;&nbsp;HAL_InitTick
<LI><a href="#[8d]">&gt;&gt;</a>&nbsp;&nbsp;&nbsp;HAL_MspInit
<LI><a href="#[80]">&gt;&gt;</a>&nbsp;&nbsp;&nbsp;HAL_I2C_MspInit
</UL>

<P><STRONG><a name="[8b]"></a>HAL_NVIC_SetPriorityGrouping</STRONG> (Thumb, 16 bytes, Stack size 16 bytes, stm32f1xx_hal_cortex.o(.text.HAL_NVIC_SetPriorityGrouping))
<BR><BR>[Stack]<UL><LI>Max Depth = 28<LI>Call Chain = HAL_NVIC_SetPriorityGrouping &rArr; __NVIC_SetPriorityGrouping
</UL>
<BR>[Calls]<UL><LI><a href="#[95]">&gt;&gt;</a>&nbsp;&nbsp;&nbsp;__NVIC_SetPriorityGrouping
</UL>
<BR>[Called By]<UL><LI><a href="#[8a]">&gt;&gt;</a>&nbsp;&nbsp;&nbsp;HAL_Init
</UL>

<P><STRONG><a name="[96]"></a>HAL_RCC_ClockConfig</STRONG> (Thumb, 598 bytes, Stack size 24 bytes, stm32f1xx_hal_rcc.o(.text.HAL_RCC_ClockConfig))
<BR><BR>[Stack]<UL><LI>Max Depth = 144<LI>Call Chain = HAL_RCC_ClockConfig &rArr; HAL_InitTick &rArr; HAL_NVIC_SetPriority &rArr; NVIC_EncodePriority
</UL>
<BR>[Calls]<UL><LI><a href="#[97]">&gt;&gt;</a>&nbsp;&nbsp;&nbsp;HAL_RCC_GetSysClockFreq
<LI><a href="#[83]">&gt;&gt;</a>&nbsp;&nbsp;&nbsp;HAL_GetTick
<LI><a href="#[8c]">&gt;&gt;</a>&nbsp;&nbsp;&nbsp;HAL_InitTick
</UL>
<BR>[Called By]<UL><LI><a href="#[c7]">&gt;&gt;</a>&nbsp;&nbsp;&nbsp;SystemClock_Config
</UL>

<P><STRONG><a name="[8e]"></a>HAL_RCC_GetClockConfig</STRONG> (Thumb, 84 bytes, Stack size 8 bytes, stm32f1xx_hal_rcc.o(.text.HAL_RCC_GetClockConfig))
<BR><BR>[Stack]<UL><LI>Max Depth = 8<LI>Call Chain = HAL_RCC_GetClockConfig
</UL>
<BR>[Called By]<UL><LI><a href="#[8c]">&gt;&gt;</a>&nbsp;&nbsp;&nbsp;HAL_InitTick
</UL>

<P><STRONG><a name="[98]"></a>HAL_RCC_GetHCLKFreq</STRONG> (Thumb, 12 bytes, Stack size 0 bytes, stm32f1xx_hal_rcc.o(.text.HAL_RCC_GetHCLKFreq))
<BR><BR>[Called By]<UL><LI><a href="#[81]">&gt;&gt;</a>&nbsp;&nbsp;&nbsp;HAL_RCC_GetPCLK1Freq
</UL>

<P><STRONG><a name="[81]"></a>HAL_RCC_GetPCLK1Freq</STRONG> (Thumb, 34 bytes, Stack size 8 bytes, stm32f1xx_hal_rcc.o(.text.HAL_RCC_GetPCLK1Freq))
<BR><BR>[Stack]<UL><LI>Max Depth = 8<LI>Call Chain = HAL_RCC_GetPCLK1Freq
</UL>
<BR>[Calls]<UL><LI><a href="#[98]">&gt;&gt;</a>&nbsp;&nbsp;&nbsp;HAL_RCC_GetHCLKFreq
</UL>
<BR>[Called By]<UL><LI><a href="#[8c]">&gt;&gt;</a>&nbsp;&nbsp;&nbsp;HAL_InitTick
<LI><a href="#[7f]">&gt;&gt;</a>&nbsp;&nbsp;&nbsp;HAL_I2C_Init
</UL>

<P><STRONG><a name="[97]"></a>HAL_RCC_GetSysClockFreq</STRONG> (Thumb, 228 bytes, Stack size 44 bytes, stm32f1xx_hal_rcc.o(.text.HAL_RCC_GetSysClockFreq))
<BR><BR>[Stack]<UL><LI>Max Depth = 44<LI>Call Chain = HAL_RCC_GetSysClockFreq
</UL>
<BR>[Called By]<UL><LI><a href="#[96]">&gt;&gt;</a>&nbsp;&nbsp;&nbsp;HAL_RCC_ClockConfig
</UL>

<P><STRONG><a name="[99]"></a>HAL_RCC_OscConfig</STRONG> (Thumb, 1658 bytes, Stack size 32 bytes, stm32f1xx_hal_rcc.o(.text.HAL_RCC_OscConfig))
<BR><BR>[Stack]<UL><LI>Max Depth = 40<LI>Call Chain = HAL_RCC_OscConfig &rArr; RCC_Delay
</UL>
<BR>[Calls]<UL><LI><a href="#[9a]">&gt;&gt;</a>&nbsp;&nbsp;&nbsp;RCC_Delay
<LI><a href="#[83]">&gt;&gt;</a>&nbsp;&nbsp;&nbsp;HAL_GetTick
</UL>
<BR>[Called By]<UL><LI><a href="#[c7]">&gt;&gt;</a>&nbsp;&nbsp;&nbsp;SystemClock_Config
</UL>

<P><STRONG><a name="[a2]"></a>HAL_TIMEx_BreakCallback</STRONG> (Thumb, 8 bytes, Stack size 4 bytes, stm32f1xx_hal_tim_ex.o(.text.HAL_TIMEx_BreakCallback))
<BR><BR>[Stack]<UL><LI>Max Depth = 4<LI>Call Chain = HAL_TIMEx_BreakCallback
</UL>
<BR>[Called By]<UL><LI><a href="#[9d]">&gt;&gt;</a>&nbsp;&nbsp;&nbsp;HAL_TIM_IRQHandler
</UL>

<P><STRONG><a name="[a4]"></a>HAL_TIMEx_CommutCallback</STRONG> (Thumb, 8 bytes, Stack size 4 bytes, stm32f1xx_hal_tim_ex.o(.text.HAL_TIMEx_CommutCallback))
<BR><BR>[Stack]<UL><LI>Max Depth = 4<LI>Call Chain = HAL_TIMEx_CommutCallback
</UL>
<BR>[Called By]<UL><LI><a href="#[9d]">&gt;&gt;</a>&nbsp;&nbsp;&nbsp;HAL_TIM_IRQHandler
</UL>

<P><STRONG><a name="[8f]"></a>HAL_TIM_Base_Init</STRONG> (Thumb, 156 bytes, Stack size 16 bytes, stm32f1xx_hal_tim.o(.text.HAL_TIM_Base_Init))
<BR><BR>[Stack]<UL><LI>Max Depth = 28<LI>Call Chain = HAL_TIM_Base_Init &rArr; TIM_Base_SetConfig
</UL>
<BR>[Calls]<UL><LI><a href="#[9c]">&gt;&gt;</a>&nbsp;&nbsp;&nbsp;TIM_Base_SetConfig
<LI><a href="#[9b]">&gt;&gt;</a>&nbsp;&nbsp;&nbsp;HAL_TIM_Base_MspInit
</UL>
<BR>[Called By]<UL><LI><a href="#[8c]">&gt;&gt;</a>&nbsp;&nbsp;&nbsp;HAL_InitTick
</UL>

<P><STRONG><a name="[9b]"></a>HAL_TIM_Base_MspInit</STRONG> (Thumb, 8 bytes, Stack size 4 bytes, stm32f1xx_hal_tim.o(.text.HAL_TIM_Base_MspInit))
<BR><BR>[Stack]<UL><LI>Max Depth = 4<LI>Call Chain = HAL_TIM_Base_MspInit
</UL>
<BR>[Called By]<UL><LI><a href="#[8f]">&gt;&gt;</a>&nbsp;&nbsp;&nbsp;HAL_TIM_Base_Init
</UL>

<P><STRONG><a name="[90]"></a>HAL_TIM_Base_Start_IT</STRONG> (Thumb, 176 bytes, Stack size 12 bytes, stm32f1xx_hal_tim.o(.text.HAL_TIM_Base_Start_IT))
<BR><BR>[Stack]<UL><LI>Max Depth = 12<LI>Call Chain = HAL_TIM_Base_Start_IT
</UL>
<BR>[Called By]<UL><LI><a href="#[8c]">&gt;&gt;</a>&nbsp;&nbsp;&nbsp;HAL_InitTick
</UL>

<P><STRONG><a name="[9e]"></a>HAL_TIM_IC_CaptureCallback</STRONG> (Thumb, 8 bytes, Stack size 4 bytes, stm32f1xx_hal_tim.o(.text.HAL_TIM_IC_CaptureCallback))
<BR><BR>[Stack]<UL><LI>Max Depth = 4<LI>Call Chain = HAL_TIM_IC_CaptureCallback
</UL>
<BR>[Called By]<UL><LI><a href="#[9d]">&gt;&gt;</a>&nbsp;&nbsp;&nbsp;HAL_TIM_IRQHandler
</UL>

<P><STRONG><a name="[9d]"></a>HAL_TIM_IRQHandler</STRONG> (Thumb, 634 bytes, Stack size 16 bytes, stm32f1xx_hal_tim.o(.text.HAL_TIM_IRQHandler))
<BR><BR>[Stack]<UL><LI>Max Depth = 32<LI>Call Chain = HAL_TIM_IRQHandler &rArr; HAL_TIM_PeriodElapsedCallback
</UL>
<BR>[Calls]<UL><LI><a href="#[a4]">&gt;&gt;</a>&nbsp;&nbsp;&nbsp;HAL_TIMEx_CommutCallback
<LI><a href="#[a3]">&gt;&gt;</a>&nbsp;&nbsp;&nbsp;HAL_TIM_TriggerCallback
<LI><a href="#[a2]">&gt;&gt;</a>&nbsp;&nbsp;&nbsp;HAL_TIMEx_BreakCallback
<LI><a href="#[9f]">&gt;&gt;</a>&nbsp;&nbsp;&nbsp;HAL_TIM_OC_DelayElapsedCallback
<LI><a href="#[9e]">&gt;&gt;</a>&nbsp;&nbsp;&nbsp;HAL_TIM_IC_CaptureCallback
<LI><a href="#[a0]">&gt;&gt;</a>&nbsp;&nbsp;&nbsp;HAL_TIM_PWM_PulseFinishedCallback
<LI><a href="#[a1]">&gt;&gt;</a>&nbsp;&nbsp;&nbsp;HAL_TIM_PeriodElapsedCallback
</UL>
<BR>[Called By]<UL><LI><a href="#[28]">&gt;&gt;</a>&nbsp;&nbsp;&nbsp;TIM4_IRQHandler
</UL>

<P><STRONG><a name="[9f]"></a>HAL_TIM_OC_DelayElapsedCallback</STRONG> (Thumb, 8 bytes, Stack size 4 bytes, stm32f1xx_hal_tim.o(.text.HAL_TIM_OC_DelayElapsedCallback))
<BR><BR>[Stack]<UL><LI>Max Depth = 4<LI>Call Chain = HAL_TIM_OC_DelayElapsedCallback
</UL>
<BR>[Called By]<UL><LI><a href="#[9d]">&gt;&gt;</a>&nbsp;&nbsp;&nbsp;HAL_TIM_IRQHandler
</UL>

<P><STRONG><a name="[a0]"></a>HAL_TIM_PWM_PulseFinishedCallback</STRONG> (Thumb, 8 bytes, Stack size 4 bytes, stm32f1xx_hal_tim.o(.text.HAL_TIM_PWM_PulseFinishedCallback))
<BR><BR>[Stack]<UL><LI>Max Depth = 4<LI>Call Chain = HAL_TIM_PWM_PulseFinishedCallback
</UL>
<BR>[Called By]<UL><LI><a href="#[9d]">&gt;&gt;</a>&nbsp;&nbsp;&nbsp;HAL_TIM_IRQHandler
</UL>

<P><STRONG><a name="[a1]"></a>HAL_TIM_PeriodElapsedCallback</STRONG> (Thumb, 34 bytes, Stack size 16 bytes, main.o(.text.HAL_TIM_PeriodElapsedCallback))
<BR><BR>[Stack]<UL><LI>Max Depth = 16<LI>Call Chain = HAL_TIM_PeriodElapsedCallback
</UL>
<BR>[Calls]<UL><LI><a href="#[a5]">&gt;&gt;</a>&nbsp;&nbsp;&nbsp;HAL_IncTick
</UL>
<BR>[Called By]<UL><LI><a href="#[9d]">&gt;&gt;</a>&nbsp;&nbsp;&nbsp;HAL_TIM_IRQHandler
</UL>

<P><STRONG><a name="[a3]"></a>HAL_TIM_TriggerCallback</STRONG> (Thumb, 8 bytes, Stack size 4 bytes, stm32f1xx_hal_tim.o(.text.HAL_TIM_TriggerCallback))
<BR><BR>[Stack]<UL><LI>Max Depth = 4<LI>Call Chain = HAL_TIM_TriggerCallback
</UL>
<BR>[Called By]<UL><LI><a href="#[9d]">&gt;&gt;</a>&nbsp;&nbsp;&nbsp;HAL_TIM_IRQHandler
</UL>

<P><STRONG><a name="[2]"></a>HardFault_Handler</STRONG> (Thumb, 4 bytes, Stack size 0 bytes, stm32f1xx_it.o(.text.HardFault_Handler))
<BR>[Address Reference Count : 1]<UL><LI> startup_stm32f103xb.o(RESET)
</UL>
<P><STRONG><a name="[2a]"></a>I2C1_ER_IRQHandler</STRONG> (Thumb, 16 bytes, Stack size 8 bytes, stm32f1xx_it.o(.text.I2C1_ER_IRQHandler))
<BR><BR>[Stack]<UL><LI>Max Depth = 120<LI>Call Chain = I2C1_ER_IRQHandler &rArr; HAL_I2C_ER_IRQHandler &rArr; I2C_ITError &rArr; HAL_DMA_Abort_IT
</UL>
<BR>[Calls]<UL><LI><a href="#[6c]">&gt;&gt;</a>&nbsp;&nbsp;&nbsp;HAL_I2C_ER_IRQHandler
</UL>
<BR>[Address Reference Count : 1]<UL><LI> startup_stm32f103xb.o(RESET)
</UL>
<P><STRONG><a name="[29]"></a>I2C1_EV_IRQHandler</STRONG> (Thumb, 16 bytes, Stack size 8 bytes, stm32f1xx_it.o(.text.I2C1_EV_IRQHandler))
<BR><BR>[Stack]<UL><LI>Max Depth = 136<LI>Call Chain = I2C1_EV_IRQHandler &rArr; HAL_I2C_EV_IRQHandler &rArr; I2C_Slave_STOPF &rArr; I2C_ITError &rArr; HAL_DMA_Abort_IT
</UL>
<BR>[Calls]<UL><LI><a href="#[6f]">&gt;&gt;</a>&nbsp;&nbsp;&nbsp;HAL_I2C_EV_IRQHandler
</UL>
<BR>[Address Reference Count : 1]<UL><LI> startup_stm32f103xb.o(RESET)
</UL>
<P><STRONG><a name="[b6]"></a>MX_FREERTOS_Init</STRONG> (Thumb, 106 bytes, Stack size 16 bytes, freertos.o(.text.MX_FREERTOS_Init))
<BR><BR>[Stack]<UL><LI>Max Depth = 276<LI>Call Chain = MX_FREERTOS_Init &rArr; osThreadNew &rArr; xTaskCreate &rArr; pvPortMalloc &rArr; xTaskResumeAll &rArr; xTaskIncrementTick &rArr; vListInsertEnd
</UL>
<BR>[Calls]<UL><LI><a href="#[b7]">&gt;&gt;</a>&nbsp;&nbsp;&nbsp;osThreadNew
</UL>
<BR>[Called By]<UL><LI><a href="#[5f]">&gt;&gt;</a>&nbsp;&nbsp;&nbsp;main
</UL>

<P><STRONG><a name="[b8]"></a>MX_GPIO_Init</STRONG> (Thumb, 268 bytes, Stack size 72 bytes, gpio.o(.text.MX_GPIO_Init))
<BR><BR>[Stack]<UL><LI>Max Depth = 136<LI>Call Chain = MX_GPIO_Init &rArr; HAL_GPIO_Init
</UL>
<BR>[Calls]<UL><LI><a href="#[87]">&gt;&gt;</a>&nbsp;&nbsp;&nbsp;HAL_GPIO_Init
<LI><a href="#[b9]">&gt;&gt;</a>&nbsp;&nbsp;&nbsp;HAL_GPIO_WritePin
</UL>
<BR>[Called By]<UL><LI><a href="#[5f]">&gt;&gt;</a>&nbsp;&nbsp;&nbsp;main
</UL>

<P><STRONG><a name="[ba]"></a>MX_I2C1_Init</STRONG> (Thumb, 72 bytes, Stack size 16 bytes, i2c.o(.text.MX_I2C1_Init))
<BR><BR>[Stack]<UL><LI>Max Depth = 200<LI>Call Chain = MX_I2C1_Init &rArr; HAL_I2C_Init &rArr; HAL_I2C_MspInit &rArr; HAL_NVIC_SetPriority &rArr; NVIC_EncodePriority
</UL>
<BR>[Calls]<UL><LI><a href="#[7f]">&gt;&gt;</a>&nbsp;&nbsp;&nbsp;HAL_I2C_Init
<LI><a href="#[bb]">&gt;&gt;</a>&nbsp;&nbsp;&nbsp;Error_Handler
</UL>
<BR>[Called By]<UL><LI><a href="#[5f]">&gt;&gt;</a>&nbsp;&nbsp;&nbsp;main
</UL>

<P><STRONG><a name="[3]"></a>MemManage_Handler</STRONG> (Thumb, 4 bytes, Stack size 0 bytes, stm32f1xx_it.o(.text.MemManage_Handler))
<BR>[Address Reference Count : 1]<UL><LI> startup_stm32f103xb.o(RESET)
</UL>
<P><STRONG><a name="[1]"></a>NMI_Handler</STRONG> (Thumb, 4 bytes, Stack size 0 bytes, stm32f1xx_it.o(.text.NMI_Handler))
<BR>[Address Reference Count : 1]<UL><LI> startup_stm32f103xb.o(RESET)
</UL>
<P><STRONG><a name="[8]"></a>PendSV_Handler</STRONG> (Thumb, 68 bytes, Stack size 0 bytes, port.o(.text.PendSV_Handler))
<BR><BR>[Stack]<UL><LI>Max Depth = 12<LI>Call Chain = PendSV_Handler &rArr; vTaskSwitchContext
</UL>
<BR>[Calls]<UL><LI><a href="#[bc]">&gt;&gt;</a>&nbsp;&nbsp;&nbsp;vTaskSwitchContext
</UL>
<BR>[Address Reference Count : 1]<UL><LI> startup_stm32f103xb.o(RESET)
</UL>
<P><STRONG><a name="[6]"></a>SVC_Handler</STRONG> (Thumb, 36 bytes, Stack size 0 bytes, port.o(.text.SVC_Handler))
<BR>[Address Reference Count : 1]<UL><LI> startup_stm32f103xb.o(RESET)
</UL>
<P><STRONG><a name="[bd]"></a>SYS_SLEEP_callback</STRONG> (Thumb, 30 bytes, Stack size 16 bytes, systemstate_task.o(.text.SYS_SLEEP_callback))
<BR><BR>[Stack]<UL><LI>Max Depth = 48<LI>Call Chain = SYS_SLEEP_callback &rArr; all_led_ctrl &rArr; HAL_GPIO_WritePin
</UL>
<BR>[Calls]<UL><LI><a href="#[be]">&gt;&gt;</a>&nbsp;&nbsp;&nbsp;all_led_ctrl
</UL>
<BR>[Called By]<UL><LI><a href="#[3e]">&gt;&gt;</a>&nbsp;&nbsp;&nbsp;actionFun
</UL>

<P><STRONG><a name="[bf]"></a>SYS_WAIT_SLEEP_callback</STRONG> (Thumb, 138 bytes, Stack size 16 bytes, systemstate_task.o(.text.SYS_WAIT_SLEEP_callback))
<BR><BR>[Stack]<UL><LI>Max Depth = 80<LI>Call Chain = SYS_WAIT_SLEEP_callback &rArr; led_ctrl_num &rArr; led_ctrl &rArr; HAL_GPIO_WritePin
</UL>
<BR>[Calls]<UL><LI><a href="#[c0]">&gt;&gt;</a>&nbsp;&nbsp;&nbsp;led_ctrl_num
<LI><a href="#[be]">&gt;&gt;</a>&nbsp;&nbsp;&nbsp;all_led_ctrl
</UL>
<BR>[Called By]<UL><LI><a href="#[3e]">&gt;&gt;</a>&nbsp;&nbsp;&nbsp;actionFun
</UL>

<P><STRONG><a name="[c1]"></a>SYS_WAKE_UP_callback</STRONG> (Thumb, 138 bytes, Stack size 16 bytes, systemstate_task.o(.text.SYS_WAKE_UP_callback))
<BR><BR>[Stack]<UL><LI>Max Depth = 80<LI>Call Chain = SYS_WAKE_UP_callback &rArr; led_ctrl_num &rArr; led_ctrl &rArr; HAL_GPIO_WritePin
</UL>
<BR>[Calls]<UL><LI><a href="#[c2]">&gt;&gt;</a>&nbsp;&nbsp;&nbsp;displayBattery
<LI><a href="#[c0]">&gt;&gt;</a>&nbsp;&nbsp;&nbsp;led_ctrl_num
</UL>
<BR>[Called By]<UL><LI><a href="#[3e]">&gt;&gt;</a>&nbsp;&nbsp;&nbsp;actionFun
</UL>

<P><STRONG><a name="[c3]"></a>SYS_WORKING_callback</STRONG> (Thumb, 22 bytes, Stack size 8 bytes, systemstate_task.o(.text.SYS_WORKING_callback))
<BR><BR>[Stack]<UL><LI>Max Depth = 56<LI>Call Chain = SYS_WORKING_callback &rArr; displayBattery &rArr; vol_0_1 &rArr; led_ctrl &rArr; HAL_GPIO_WritePin
</UL>
<BR>[Calls]<UL><LI><a href="#[c2]">&gt;&gt;</a>&nbsp;&nbsp;&nbsp;displayBattery
</UL>
<BR>[Called By]<UL><LI><a href="#[3e]">&gt;&gt;</a>&nbsp;&nbsp;&nbsp;actionFun
</UL>

<P><STRONG><a name="[38]"></a>StartDefaultTask</STRONG> (Thumb, 20 bytes, Stack size 16 bytes, freertos.o(.text.StartDefaultTask))
<BR><BR>[Stack]<UL><LI>Max Depth = 140<LI>Call Chain = StartDefaultTask &rArr; osDelay &rArr; vTaskDelay &rArr; xTaskResumeAll &rArr; xTaskIncrementTick &rArr; vListInsertEnd
</UL>
<BR>[Calls]<UL><LI><a href="#[c5]">&gt;&gt;</a>&nbsp;&nbsp;&nbsp;osDelay
<LI><a href="#[c4]">&gt;&gt;</a>&nbsp;&nbsp;&nbsp;keyStateMachine
</UL>
<BR>[Address Reference Count : 1]<UL><LI> freertos.o(.text.MX_FREERTOS_Init)
</UL>
<P><STRONG><a name="[9]"></a>SysTick_Handler</STRONG> (Thumb, 60 bytes, Stack size 16 bytes, port.o(.text.SysTick_Handler))
<BR><BR>[Stack]<UL><LI>Max Depth = 60<LI>Call Chain = SysTick_Handler &rArr; xTaskIncrementTick &rArr; vListInsertEnd
</UL>
<BR>[Calls]<UL><LI><a href="#[c6]">&gt;&gt;</a>&nbsp;&nbsp;&nbsp;xTaskIncrementTick
</UL>
<BR>[Address Reference Count : 1]<UL><LI> startup_stm32f103xb.o(RESET)
</UL>
<P><STRONG><a name="[c7]"></a>SystemClock_Config</STRONG> (Thumb, 108 bytes, Stack size 72 bytes, main.o(.text.SystemClock_Config))
<BR><BR>[Stack]<UL><LI>Max Depth = 216 + Unknown Stack Size
<LI>Call Chain = SystemClock_Config &rArr; HAL_RCC_ClockConfig &rArr; HAL_InitTick &rArr; HAL_NVIC_SetPriority &rArr; NVIC_EncodePriority
</UL>
<BR>[Calls]<UL><LI><a href="#[96]">&gt;&gt;</a>&nbsp;&nbsp;&nbsp;HAL_RCC_ClockConfig
<LI><a href="#[bb]">&gt;&gt;</a>&nbsp;&nbsp;&nbsp;Error_Handler
<LI><a href="#[99]">&gt;&gt;</a>&nbsp;&nbsp;&nbsp;HAL_RCC_OscConfig
<LI><a href="#[c8]">&gt;&gt;</a>&nbsp;&nbsp;&nbsp;__aeabi_memclr4
</UL>
<BR>[Called By]<UL><LI><a href="#[5f]">&gt;&gt;</a>&nbsp;&nbsp;&nbsp;main
</UL>

<P><STRONG><a name="[35]"></a>SystemInit</STRONG> (Thumb, 2 bytes, Stack size 0 bytes, system_stm32f1xx.o(.text.SystemInit))
<BR>[Address Reference Count : 1]<UL><LI> startup_stm32f103xb.o(.text)
</UL>
<P><STRONG><a name="[28]"></a>TIM4_IRQHandler</STRONG> (Thumb, 16 bytes, Stack size 8 bytes, stm32f1xx_it.o(.text.TIM4_IRQHandler))
<BR><BR>[Stack]<UL><LI>Max Depth = 40<LI>Call Chain = TIM4_IRQHandler &rArr; HAL_TIM_IRQHandler &rArr; HAL_TIM_PeriodElapsedCallback
</UL>
<BR>[Calls]<UL><LI><a href="#[9d]">&gt;&gt;</a>&nbsp;&nbsp;&nbsp;HAL_TIM_IRQHandler
</UL>
<BR>[Address Reference Count : 1]<UL><LI> startup_stm32f103xb.o(RESET)
</UL>
<P><STRONG><a name="[9c]"></a>TIM_Base_SetConfig</STRONG> (Thumb, 240 bytes, Stack size 12 bytes, stm32f1xx_hal_tim.o(.text.TIM_Base_SetConfig))
<BR><BR>[Stack]<UL><LI>Max Depth = 12<LI>Call Chain = TIM_Base_SetConfig
</UL>
<BR>[Called By]<UL><LI><a href="#[8f]">&gt;&gt;</a>&nbsp;&nbsp;&nbsp;HAL_TIM_Base_Init
</UL>

<P><STRONG><a name="[5]"></a>UsageFault_Handler</STRONG> (Thumb, 4 bytes, Stack size 0 bytes, stm32f1xx_it.o(.text.UsageFault_Handler))
<BR>[Address Reference Count : 1]<UL><LI> startup_stm32f103xb.o(RESET)
</UL>
<P><STRONG><a name="[3e]"></a>actionFun</STRONG> (Thumb, 90 bytes, Stack size 24 bytes, systemstate_task.o(.text.actionFun))
<BR><BR>[Stack]<UL><LI>Max Depth = 104<LI>Call Chain = actionFun &rArr; SYS_WAIT_SLEEP_callback &rArr; led_ctrl_num &rArr; led_ctrl &rArr; HAL_GPIO_WritePin
</UL>
<BR>[Calls]<UL><LI><a href="#[bf]">&gt;&gt;</a>&nbsp;&nbsp;&nbsp;SYS_WAIT_SLEEP_callback
<LI><a href="#[c3]">&gt;&gt;</a>&nbsp;&nbsp;&nbsp;SYS_WORKING_callback
<LI><a href="#[c1]">&gt;&gt;</a>&nbsp;&nbsp;&nbsp;SYS_WAKE_UP_callback
<LI><a href="#[bd]">&gt;&gt;</a>&nbsp;&nbsp;&nbsp;SYS_SLEEP_callback
</UL>
<BR>[Address Reference Count : 4]<UL><LI> systemstate_task.o(.data.SYS_SLEEP_StateTran)
<LI> systemstate_task.o(.data.SYS_WAKE_UP_StateTran)
<LI> systemstate_task.o(.data.SYS_WORKING_StateTran)
<LI> systemstate_task.o(.data.SYS_WAIT_SLEEP_StateTran)
</UL>
<P><STRONG><a name="[be]"></a>all_led_ctrl</STRONG> (Thumb, 76 bytes, Stack size 24 bytes, drv_led.o(.text.all_led_ctrl))
<BR><BR>[Stack]<UL><LI>Max Depth = 32<LI>Call Chain = all_led_ctrl &rArr; HAL_GPIO_WritePin
</UL>
<BR>[Calls]<UL><LI><a href="#[b9]">&gt;&gt;</a>&nbsp;&nbsp;&nbsp;HAL_GPIO_WritePin
</UL>
<BR>[Called By]<UL><LI><a href="#[bf]">&gt;&gt;</a>&nbsp;&nbsp;&nbsp;SYS_WAIT_SLEEP_callback
<LI><a href="#[bd]">&gt;&gt;</a>&nbsp;&nbsp;&nbsp;SYS_SLEEP_callback
<LI><a href="#[ca]">&gt;&gt;</a>&nbsp;&nbsp;&nbsp;vol_7_8
</UL>

<P><STRONG><a name="[39]"></a>bqRead_task</STRONG> (Thumb, 394 bytes, Stack size 176 bytes, bqread_task.o(.text.bqRead_task))
<BR><BR>[Stack]<UL><LI>Max Depth = 300<LI>Call Chain = bqRead_task &rArr; osDelay &rArr; vTaskDelay &rArr; xTaskResumeAll &rArr; xTaskIncrementTick &rArr; vListInsertEnd
</UL>
<BR>[Calls]<UL><LI><a href="#[c5]">&gt;&gt;</a>&nbsp;&nbsp;&nbsp;osDelay
<LI><a href="#[c9]">&gt;&gt;</a>&nbsp;&nbsp;&nbsp;__aeabi_memcpy
</UL>
<BR>[Address Reference Count : 1]<UL><LI> freertos.o(.text.MX_FREERTOS_Init)
</UL>
<P><STRONG><a name="[c2]"></a>displayBattery</STRONG> (Thumb, 238 bytes, Stack size 8 bytes, drv_led.o(.text.displayBattery))
<BR><BR>[Stack]<UL><LI>Max Depth = 48<LI>Call Chain = displayBattery &rArr; vol_0_1 &rArr; led_ctrl &rArr; HAL_GPIO_WritePin
</UL>
<BR>[Calls]<UL><LI><a href="#[d1]">&gt;&gt;</a>&nbsp;&nbsp;&nbsp;vol_0_1
<LI><a href="#[d0]">&gt;&gt;</a>&nbsp;&nbsp;&nbsp;vol_1_2
<LI><a href="#[cf]">&gt;&gt;</a>&nbsp;&nbsp;&nbsp;vol_2_3
<LI><a href="#[ce]">&gt;&gt;</a>&nbsp;&nbsp;&nbsp;vol_3_4
<LI><a href="#[cd]">&gt;&gt;</a>&nbsp;&nbsp;&nbsp;vol_4_5
<LI><a href="#[cc]">&gt;&gt;</a>&nbsp;&nbsp;&nbsp;vol_5_6
<LI><a href="#[cb]">&gt;&gt;</a>&nbsp;&nbsp;&nbsp;vol_6_7
<LI><a href="#[ca]">&gt;&gt;</a>&nbsp;&nbsp;&nbsp;vol_7_8
</UL>
<BR>[Called By]<UL><LI><a href="#[c3]">&gt;&gt;</a>&nbsp;&nbsp;&nbsp;SYS_WORKING_callback
<LI><a href="#[c1]">&gt;&gt;</a>&nbsp;&nbsp;&nbsp;SYS_WAKE_UP_callback
</UL>

<P><STRONG><a name="[109]"></a>do_action</STRONG> (Thumb, 50 bytes, Stack size 16 bytes, systemstate_task.o(.text.do_action))
<BR><BR>[Stack]<UL><LI>Max Depth = 16<LI>Call Chain = do_action
</UL>
<BR>[Called By]<UL><LI><a href="#[3a]">&gt;&gt;</a>&nbsp;&nbsp;&nbsp;sysState_task
</UL>

<P><STRONG><a name="[108]"></a>eventTrigger</STRONG> (Thumb, 100 bytes, Stack size 0 bytes, systemstate_task.o(.text.eventTrigger))
<BR><BR>[Called By]<UL><LI><a href="#[3a]">&gt;&gt;</a>&nbsp;&nbsp;&nbsp;sysState_task
</UL>

<P><STRONG><a name="[44]"></a>getAbsoluteStateOfCharge</STRONG> (Thumb, 76 bytes, Stack size 24 bytes, drv_bq78350.o(.text.getAbsoluteStateOfCharge))
<BR><BR>[Stack]<UL><LI>Max Depth = 160<LI>Call Chain = getAbsoluteStateOfCharge &rArr; HAL_I2C_Mem_Read &rArr; I2C_RequestMemoryRead &rArr; I2C_WaitOnMasterAddressFlagUntilTimeout
</UL>
<BR>[Calls]<UL><LI><a href="#[82]">&gt;&gt;</a>&nbsp;&nbsp;&nbsp;HAL_I2C_Mem_Read
</UL>
<BR>[Address Reference Count : 1]<UL><LI> drv_bq78350.o(.data.bq78350)
</UL>
<P><STRONG><a name="[47]"></a>getAverageTimeToEmpty</STRONG> (Thumb, 76 bytes, Stack size 24 bytes, drv_bq78350.o(.text.getAverageTimeToEmpty))
<BR><BR>[Stack]<UL><LI>Max Depth = 160<LI>Call Chain = getAverageTimeToEmpty &rArr; HAL_I2C_Mem_Read &rArr; I2C_RequestMemoryRead &rArr; I2C_WaitOnMasterAddressFlagUntilTimeout
</UL>
<BR>[Calls]<UL><LI><a href="#[82]">&gt;&gt;</a>&nbsp;&nbsp;&nbsp;HAL_I2C_Mem_Read
</UL>
<BR>[Address Reference Count : 1]<UL><LI> drv_bq78350.o(.data.bq78350)
</UL>
<P><STRONG><a name="[48]"></a>getAverageTimeToFull</STRONG> (Thumb, 76 bytes, Stack size 24 bytes, drv_bq78350.o(.text.getAverageTimeToFull))
<BR><BR>[Stack]<UL><LI>Max Depth = 160<LI>Call Chain = getAverageTimeToFull &rArr; HAL_I2C_Mem_Read &rArr; I2C_RequestMemoryRead &rArr; I2C_WaitOnMasterAddressFlagUntilTimeout
</UL>
<BR>[Calls]<UL><LI><a href="#[82]">&gt;&gt;</a>&nbsp;&nbsp;&nbsp;HAL_I2C_Mem_Read
</UL>
<BR>[Address Reference Count : 1]<UL><LI> drv_bq78350.o(.data.bq78350)
</UL>
<P><STRONG><a name="[4b]"></a>getBatteryStatus</STRONG> (Thumb, 160 bytes, Stack size 32 bytes, drv_bq78350.o(.text.getBatteryStatus))
<BR><BR>[Stack]<UL><LI>Max Depth = 168<LI>Call Chain = getBatteryStatus &rArr; HAL_I2C_Mem_Read &rArr; I2C_RequestMemoryRead &rArr; I2C_WaitOnMasterAddressFlagUntilTimeout
</UL>
<BR>[Calls]<UL><LI><a href="#[82]">&gt;&gt;</a>&nbsp;&nbsp;&nbsp;HAL_I2C_Mem_Read
</UL>
<BR>[Address Reference Count : 1]<UL><LI> drv_bq78350.o(.data.bq78350)
</UL>
<P><STRONG><a name="[49]"></a>getChargingCurrent</STRONG> (Thumb, 74 bytes, Stack size 24 bytes, drv_bq78350.o(.text.getChargingCurrent))
<BR><BR>[Stack]<UL><LI>Max Depth = 160<LI>Call Chain = getChargingCurrent &rArr; HAL_I2C_Mem_Read &rArr; I2C_RequestMemoryRead &rArr; I2C_WaitOnMasterAddressFlagUntilTimeout
</UL>
<BR>[Calls]<UL><LI><a href="#[82]">&gt;&gt;</a>&nbsp;&nbsp;&nbsp;HAL_I2C_Mem_Read
</UL>
<BR>[Address Reference Count : 1]<UL><LI> drv_bq78350.o(.data.bq78350)
</UL>
<P><STRONG><a name="[4a]"></a>getChargingVoltage</STRONG> (Thumb, 76 bytes, Stack size 24 bytes, drv_bq78350.o(.text.getChargingVoltage))
<BR><BR>[Stack]<UL><LI>Max Depth = 160<LI>Call Chain = getChargingVoltage &rArr; HAL_I2C_Mem_Read &rArr; I2C_RequestMemoryRead &rArr; I2C_WaitOnMasterAddressFlagUntilTimeout
</UL>
<BR>[Calls]<UL><LI><a href="#[82]">&gt;&gt;</a>&nbsp;&nbsp;&nbsp;HAL_I2C_Mem_Read
</UL>
<BR>[Address Reference Count : 1]<UL><LI> drv_bq78350.o(.data.bq78350)
</UL>
<P><STRONG><a name="[40]"></a>getCurrent</STRONG> (Thumb, 76 bytes, Stack size 24 bytes, drv_bq78350.o(.text.getCurrent))
<BR><BR>[Stack]<UL><LI>Max Depth = 160<LI>Call Chain = getCurrent &rArr; HAL_I2C_Mem_Read &rArr; I2C_RequestMemoryRead &rArr; I2C_WaitOnMasterAddressFlagUntilTimeout
</UL>
<BR>[Calls]<UL><LI><a href="#[82]">&gt;&gt;</a>&nbsp;&nbsp;&nbsp;HAL_I2C_Mem_Read
</UL>
<BR>[Address Reference Count : 1]<UL><LI> drv_bq78350.o(.data.bq78350)
</UL>
<P><STRONG><a name="[4c]"></a>getCycleCount</STRONG> (Thumb, 76 bytes, Stack size 24 bytes, drv_bq78350.o(.text.getCycleCount))
<BR><BR>[Stack]<UL><LI>Max Depth = 160<LI>Call Chain = getCycleCount &rArr; HAL_I2C_Mem_Read &rArr; I2C_RequestMemoryRead &rArr; I2C_WaitOnMasterAddressFlagUntilTimeout
</UL>
<BR>[Calls]<UL><LI><a href="#[82]">&gt;&gt;</a>&nbsp;&nbsp;&nbsp;HAL_I2C_Mem_Read
</UL>
<BR>[Address Reference Count : 1]<UL><LI> drv_bq78350.o(.data.bq78350)
</UL>
<P><STRONG><a name="[4d]"></a>getDesignCapacity</STRONG> (Thumb, 76 bytes, Stack size 24 bytes, drv_bq78350.o(.text.getDesignCapacity))
<BR><BR>[Stack]<UL><LI>Max Depth = 160<LI>Call Chain = getDesignCapacity &rArr; HAL_I2C_Mem_Read &rArr; I2C_RequestMemoryRead &rArr; I2C_WaitOnMasterAddressFlagUntilTimeout
</UL>
<BR>[Calls]<UL><LI><a href="#[82]">&gt;&gt;</a>&nbsp;&nbsp;&nbsp;HAL_I2C_Mem_Read
</UL>
<BR>[Address Reference Count : 1]<UL><LI> drv_bq78350.o(.data.bq78350)
</UL>
<P><STRONG><a name="[45]"></a>getFullChargeCapacity</STRONG> (Thumb, 76 bytes, Stack size 24 bytes, drv_bq78350.o(.text.getFullChargeCapacity))
<BR><BR>[Stack]<UL><LI>Max Depth = 160<LI>Call Chain = getFullChargeCapacity &rArr; HAL_I2C_Mem_Read &rArr; I2C_RequestMemoryRead &rArr; I2C_WaitOnMasterAddressFlagUntilTimeout
</UL>
<BR>[Calls]<UL><LI><a href="#[82]">&gt;&gt;</a>&nbsp;&nbsp;&nbsp;HAL_I2C_Mem_Read
</UL>
<BR>[Address Reference Count : 1]<UL><LI> drv_bq78350.o(.data.bq78350)
</UL>
<P><STRONG><a name="[53]"></a>getGaugingStatus</STRONG> (Thumb, 192 bytes, Stack size 32 bytes, drv_bq78350.o(.text.getGaugingStatus))
<BR><BR>[Stack]<UL><LI>Max Depth = 168<LI>Call Chain = getGaugingStatus &rArr; HAL_I2C_Mem_Read &rArr; I2C_RequestMemoryRead &rArr; I2C_WaitOnMasterAddressFlagUntilTimeout
</UL>
<BR>[Calls]<UL><LI><a href="#[82]">&gt;&gt;</a>&nbsp;&nbsp;&nbsp;HAL_I2C_Mem_Read
</UL>
<BR>[Address Reference Count : 1]<UL><LI> drv_bq78350.o(.data.bq78350)
</UL>
<P><STRONG><a name="[4e]"></a>getOperationStatus</STRONG> (Thumb, 300 bytes, Stack size 32 bytes, drv_bq78350.o(.text.getOperationStatus))
<BR><BR>[Stack]<UL><LI>Max Depth = 168<LI>Call Chain = getOperationStatus &rArr; HAL_I2C_Mem_Read &rArr; I2C_RequestMemoryRead &rArr; I2C_WaitOnMasterAddressFlagUntilTimeout
</UL>
<BR>[Calls]<UL><LI><a href="#[82]">&gt;&gt;</a>&nbsp;&nbsp;&nbsp;HAL_I2C_Mem_Read
</UL>
<BR>[Address Reference Count : 1]<UL><LI> drv_bq78350.o(.data.bq78350)
</UL>
<P><STRONG><a name="[51]"></a>getPFAlert</STRONG> (Thumb, 212 bytes, Stack size 32 bytes, drv_bq78350.o(.text.getPFAlert))
<BR><BR>[Stack]<UL><LI>Max Depth = 168<LI>Call Chain = getPFAlert &rArr; HAL_I2C_Mem_Read &rArr; I2C_RequestMemoryRead &rArr; I2C_WaitOnMasterAddressFlagUntilTimeout
</UL>
<BR>[Calls]<UL><LI><a href="#[82]">&gt;&gt;</a>&nbsp;&nbsp;&nbsp;HAL_I2C_Mem_Read
</UL>
<BR>[Address Reference Count : 1]<UL><LI> drv_bq78350.o(.data.bq78350)
</UL>
<P><STRONG><a name="[52]"></a>getPFStatus</STRONG> (Thumb, 232 bytes, Stack size 32 bytes, drv_bq78350.o(.text.getPFStatus))
<BR><BR>[Stack]<UL><LI>Max Depth = 168<LI>Call Chain = getPFStatus &rArr; HAL_I2C_Mem_Read &rArr; I2C_RequestMemoryRead &rArr; I2C_WaitOnMasterAddressFlagUntilTimeout
</UL>
<BR>[Calls]<UL><LI><a href="#[82]">&gt;&gt;</a>&nbsp;&nbsp;&nbsp;HAL_I2C_Mem_Read
</UL>
<BR>[Address Reference Count : 1]<UL><LI> drv_bq78350.o(.data.bq78350)
</UL>
<P><STRONG><a name="[43]"></a>getRelativeStateOfCharge</STRONG> (Thumb, 76 bytes, Stack size 24 bytes, drv_bq78350.o(.text.getRelativeStateOfCharge))
<BR><BR>[Stack]<UL><LI>Max Depth = 160<LI>Call Chain = getRelativeStateOfCharge &rArr; HAL_I2C_Mem_Read &rArr; I2C_RequestMemoryRead &rArr; I2C_WaitOnMasterAddressFlagUntilTimeout
</UL>
<BR>[Calls]<UL><LI><a href="#[82]">&gt;&gt;</a>&nbsp;&nbsp;&nbsp;HAL_I2C_Mem_Read
</UL>
<BR>[Address Reference Count : 1]<UL><LI> drv_bq78350.o(.data.bq78350)
</UL>
<P><STRONG><a name="[42]"></a>getResidualCapacity</STRONG> (Thumb, 76 bytes, Stack size 24 bytes, drv_bq78350.o(.text.getResidualCapacity))
<BR><BR>[Stack]<UL><LI>Max Depth = 160<LI>Call Chain = getResidualCapacity &rArr; HAL_I2C_Mem_Read &rArr; I2C_RequestMemoryRead &rArr; I2C_WaitOnMasterAddressFlagUntilTimeout
</UL>
<BR>[Calls]<UL><LI><a href="#[82]">&gt;&gt;</a>&nbsp;&nbsp;&nbsp;HAL_I2C_Mem_Read
</UL>
<BR>[Address Reference Count : 1]<UL><LI> drv_bq78350.o(.data.bq78350)
</UL>
<P><STRONG><a name="[46]"></a>getRunTimeToEmpty</STRONG> (Thumb, 76 bytes, Stack size 24 bytes, drv_bq78350.o(.text.getRunTimeToEmpty))
<BR><BR>[Stack]<UL><LI>Max Depth = 160<LI>Call Chain = getRunTimeToEmpty &rArr; HAL_I2C_Mem_Read &rArr; I2C_RequestMemoryRead &rArr; I2C_WaitOnMasterAddressFlagUntilTimeout
</UL>
<BR>[Calls]<UL><LI><a href="#[82]">&gt;&gt;</a>&nbsp;&nbsp;&nbsp;HAL_I2C_Mem_Read
</UL>
<BR>[Address Reference Count : 1]<UL><LI> drv_bq78350.o(.data.bq78350)
</UL>
<P><STRONG><a name="[4f]"></a>getSafetyAlert</STRONG> (Thumb, 234 bytes, Stack size 32 bytes, drv_bq78350.o(.text.getSafetyAlert))
<BR><BR>[Stack]<UL><LI>Max Depth = 168<LI>Call Chain = getSafetyAlert &rArr; HAL_I2C_Mem_Read &rArr; I2C_RequestMemoryRead &rArr; I2C_WaitOnMasterAddressFlagUntilTimeout
</UL>
<BR>[Calls]<UL><LI><a href="#[82]">&gt;&gt;</a>&nbsp;&nbsp;&nbsp;HAL_I2C_Mem_Read
</UL>
[...]
</UL>
<BR>[Calls]<UL><LI><a href="#[a9]">&gt;&gt;</a>&nbsp;&nbsp;&nbsp;HAL_I2C_ListenCpltCallback
<LI><a href="#[b2]">&gt;&gt;</a>&nbsp;&nbsp;&nbsp;HAL_I2C_SlaveTxCpltCallback
</UL>
<BR>[Called By]<UL><LI><a href="#[6c]">&gt;&gt;</a>&nbsp;&nbsp;&nbsp;HAL_I2C_ER_IRQHandler
</UL>

<P><STRONG><a name="[ee]"></a>prvInitialiseNewQueue</STRONG> (Thumb, 72 bytes, Stack size 24 bytes, queue.o(.text.prvInitialiseNewQueue))
<BR><BR>[Stack]<UL><LI>Max Depth = 84<LI>Call Chain = prvInitialiseNewQueue &rArr; xQueueGenericReset &rArr; xTaskRemoveFromEventList &rArr; vListInsertEnd
</UL>
<BR>[Calls]<UL><LI><a href="#[ef]">&gt;&gt;</a>&nbsp;&nbsp;&nbsp;xQueueGenericReset
</UL>
<BR>[Called By]<UL><LI><a href="#[e6]">&gt;&gt;</a>&nbsp;&nbsp;&nbsp;xQueueGenericCreateStatic
</UL>

<P><STRONG><a name="[eb]"></a>prvCopyDataToQueue</STRONG> (Thumb, 204 bytes, Stack size 32 bytes, queue.o(.text.prvCopyDataToQueue))
<BR><BR>[Stack]<UL><LI>Max Depth = 76<LI>Call Chain = prvCopyDataToQueue &rArr; xTaskPriorityDisinherit &rArr; vListInsertEnd
</UL>
<BR>[Calls]<UL><LI><a href="#[c9]">&gt;&gt;</a>&nbsp;&nbsp;&nbsp;__aeabi_memcpy
<LI><a href="#[ec]">&gt;&gt;</a>&nbsp;&nbsp;&nbsp;xTaskPriorityDisinherit
</UL>
<BR>[Called By]<UL><LI><a href="#[116]">&gt;&gt;</a>&nbsp;&nbsp;&nbsp;xQueueGenericSendFromISR
<LI><a href="#[112]">&gt;&gt;</a>&nbsp;&nbsp;&nbsp;xQueueGenericSend
</UL>

<P><STRONG><a name="[f5]"></a>prvIsQueueFull</STRONG> (Thumb, 46 bytes, Stack size 16 bytes, queue.o(.text.prvIsQueueFull))
<BR><BR>[Stack]<UL><LI>Max Depth = 24<LI>Call Chain = prvIsQueueFull &rArr; vPortExitCritical
</UL>
<BR>[Calls]<UL><LI><a href="#[e3]">&gt;&gt;</a>&nbsp;&nbsp;&nbsp;vPortExitCritical
<LI><a href="#[e1]">&gt;&gt;</a>&nbsp;&nbsp;&nbsp;vPortEnterCritical
</UL>
<BR>[Called By]<UL><LI><a href="#[112]">&gt;&gt;</a>&nbsp;&nbsp;&nbsp;xQueueGenericSend
</UL>

<P><STRONG><a name="[102]"></a>prvUnlockQueue</STRONG> (Thumb, 174 bytes, Stack size 16 bytes, queue.o(.text.prvUnlockQueue))
<BR><BR>[Stack]<UL><LI>Max Depth = 52<LI>Call Chain = prvUnlockQueue &rArr; xTaskRemoveFromEventList &rArr; vListInsertEnd
</UL>
<BR>[Calls]<UL><LI><a href="#[104]">&gt;&gt;</a>&nbsp;&nbsp;&nbsp;vTaskMissedYield
<LI><a href="#[103]">&gt;&gt;</a>&nbsp;&nbsp;&nbsp;xTaskRemoveFromEventList
<LI><a href="#[e3]">&gt;&gt;</a>&nbsp;&nbsp;&nbsp;vPortExitCritical
<LI><a href="#[e1]">&gt;&gt;</a>&nbsp;&nbsp;&nbsp;vPortEnterCritical
</UL>
<BR>[Called By]<UL><LI><a href="#[fe]">&gt;&gt;</a>&nbsp;&nbsp;&nbsp;vQueueWaitForMessageRestricted
<LI><a href="#[f9]">&gt;&gt;</a>&nbsp;&nbsp;&nbsp;xQueueReceive
<LI><a href="#[112]">&gt;&gt;</a>&nbsp;&nbsp;&nbsp;xQueueGenericSend
</UL>

<P><STRONG><a name="[f4]"></a>prvIsQueueEmpty</STRONG> (Thumb, 40 bytes, Stack size 16 bytes, queue.o(.text.prvIsQueueEmpty))
<BR><BR>[Stack]<UL><LI>Max Depth = 24<LI>Call Chain = prvIsQueueEmpty &rArr; vPortExitCritical
</UL>
<BR>[Calls]<UL><LI><a href="#[e3]">&gt;&gt;</a>&nbsp;&nbsp;&nbsp;vPortExitCritical
<LI><a href="#[e1]">&gt;&gt;</a>&nbsp;&nbsp;&nbsp;vPortEnterCritical
</UL>
<BR>[Called By]<UL><LI><a href="#[f9]">&gt;&gt;</a>&nbsp;&nbsp;&nbsp;xQueueReceive
</UL>

<P><STRONG><a name="[ea]"></a>prvCopyDataFromQueue</STRONG> (Thumb, 66 bytes, Stack size 16 bytes, queue.o(.text.prvCopyDataFromQueue))
<BR><BR>[Stack]<UL><LI>Max Depth = 16<LI>Call Chain = prvCopyDataFromQueue
</UL>
<BR>[Calls]<UL><LI><a href="#[c9]">&gt;&gt;</a>&nbsp;&nbsp;&nbsp;__aeabi_memcpy
</UL>
<BR>[Called By]<UL><LI><a href="#[f9]">&gt;&gt;</a>&nbsp;&nbsp;&nbsp;xQueueReceive
</UL>

<P><STRONG><a name="[f0]"></a>prvInitialiseNewTask</STRONG> (Thumb, 272 bytes, Stack size 40 bytes, tasks.o(.text.prvInitialiseNewTask))
<BR><BR>[Stack]<UL><LI>Max Depth = 52<LI>Call Chain = prvInitialiseNewTask &rArr; pxPortInitialiseStack
</UL>
<BR>[Calls]<UL><LI><a href="#[67]">&gt;&gt;</a>&nbsp;&nbsp;&nbsp;__aeabi_memset4
<LI><a href="#[f2]">&gt;&gt;</a>&nbsp;&nbsp;&nbsp;pxPortInitialiseStack
<LI><a href="#[f1]">&gt;&gt;</a>&nbsp;&nbsp;&nbsp;vListInitialiseItem
</UL>
<BR>[Called By]<UL><LI><a href="#[db]">&gt;&gt;</a>&nbsp;&nbsp;&nbsp;xTaskCreate
<LI><a href="#[da]">&gt;&gt;</a>&nbsp;&nbsp;&nbsp;xTaskCreateStatic
</UL>

<P><STRONG><a name="[e0]"></a>prvAddNewTaskToReadyList</STRONG> (Thumb, 290 bytes, Stack size 16 bytes, tasks.o(.text.prvAddNewTaskToReadyList))
<BR><BR>[Stack]<UL><LI>Max Depth = 44<LI>Call Chain = prvAddNewTaskToReadyList &rArr; prvInitialiseTaskLists &rArr; vListInitialise
</UL>
<BR>[Calls]<UL><LI><a href="#[e2]">&gt;&gt;</a>&nbsp;&nbsp;&nbsp;prvInitialiseTaskLists
<LI><a href="#[de]">&gt;&gt;</a>&nbsp;&nbsp;&nbsp;vListInsertEnd
<LI><a href="#[e3]">&gt;&gt;</a>&nbsp;&nbsp;&nbsp;vPortExitCritical
<LI><a href="#[e1]">&gt;&gt;</a>&nbsp;&nbsp;&nbsp;vPortEnterCritical
</UL>
<BR>[Called By]<UL><LI><a href="#[db]">&gt;&gt;</a>&nbsp;&nbsp;&nbsp;xTaskCreate
<LI><a href="#[da]">&gt;&gt;</a>&nbsp;&nbsp;&nbsp;xTaskCreateStatic
</UL>

<P><STRONG><a name="[e2]"></a>prvInitialiseTaskLists</STRONG> (Thumb, 142 bytes, Stack size 24 bytes, tasks.o(.text.prvInitialiseTaskLists))
<BR><BR>[Stack]<UL><LI>Max Depth = 28<LI>Call Chain = prvInitialiseTaskLists &rArr; vListInitialise
</UL>
<BR>[Calls]<UL><LI><a href="#[e5]">&gt;&gt;</a>&nbsp;&nbsp;&nbsp;vListInitialise
</UL>
<BR>[Called By]<UL><LI><a href="#[e0]">&gt;&gt;</a>&nbsp;&nbsp;&nbsp;prvAddNewTaskToReadyList
</UL>

<P><STRONG><a name="[e9]"></a>prvDeleteTCB</STRONG> (Thumb, 94 bytes, Stack size 16 bytes, tasks.o(.text.prvDeleteTCB))
<BR><BR>[Stack]<UL><LI>Max Depth = 116<LI>Call Chain = prvDeleteTCB &rArr; vPortFree &rArr; xTaskResumeAll &rArr; xTaskIncrementTick &rArr; vListInsertEnd
</UL>
<BR>[Calls]<UL><LI><a href="#[ed]">&gt;&gt;</a>&nbsp;&nbsp;&nbsp;vPortFree
</UL>
<BR>[Called By]<UL><LI><a href="#[e8]">&gt;&gt;</a>&nbsp;&nbsp;&nbsp;prvCheckTasksWaitingTermination
</UL>

<P><STRONG><a name="[118]"></a>prvResetNextTaskUnblockTime</STRONG> (Thumb, 70 bytes, Stack size 4 bytes, tasks.o(.text.prvResetNextTaskUnblockTime))
<BR><BR>[Stack]<UL><LI>Max Depth = 4<LI>Call Chain = prvResetNextTaskUnblockTime
</UL>
<BR>[Called By]<UL><LI><a href="#[c6]">&gt;&gt;</a>&nbsp;&nbsp;&nbsp;xTaskIncrementTick
<LI><a href="#[fd]">&gt;&gt;</a>&nbsp;&nbsp;&nbsp;xTaskResumeAll
</UL>

<P><STRONG><a name="[dc]"></a>prvAddCurrentTaskToDelayedList</STRONG> (Thumb, 212 bytes, Stack size 24 bytes, tasks.o(.text.prvAddCurrentTaskToDelayedList))
<BR><BR>[Stack]<UL><LI>Max Depth = 40<LI>Call Chain = prvAddCurrentTaskToDelayedList &rArr; vListInsert
</UL>
<BR>[Calls]<UL><LI><a href="#[dd]">&gt;&gt;</a>&nbsp;&nbsp;&nbsp;uxListRemove
<LI><a href="#[df]">&gt;&gt;</a>&nbsp;&nbsp;&nbsp;vListInsert
<LI><a href="#[de]">&gt;&gt;</a>&nbsp;&nbsp;&nbsp;vListInsertEnd
</UL>
<BR>[Called By]<UL><LI><a href="#[d8]">&gt;&gt;</a>&nbsp;&nbsp;&nbsp;vTaskDelay
<LI><a href="#[10a]">&gt;&gt;</a>&nbsp;&nbsp;&nbsp;vTaskPlaceOnEventListRestricted
<LI><a href="#[10b]">&gt;&gt;</a>&nbsp;&nbsp;&nbsp;vTaskPlaceOnEventList
</UL>

<P><STRONG><a name="[3c]"></a>prvIdleTask</STRONG> (Thumb, 56 bytes, Stack size 16 bytes, tasks.o(.text.prvIdleTask))
<BR><BR>[Stack]<UL><LI>Max Depth = 148<LI>Call Chain = prvIdleTask &rArr; prvCheckTasksWaitingTermination &rArr; prvDeleteTCB &rArr; vPortFree &rArr; xTaskResumeAll &rArr; xTaskIncrementTick &rArr; vListInsertEnd
</UL>
<BR>[Calls]<UL><LI><a href="#[e8]">&gt;&gt;</a>&nbsp;&nbsp;&nbsp;prvCheckTasksWaitingTermination
</UL>
<BR>[Address Reference Count : 1]<UL><LI> tasks.o(.text.vTaskStartScheduler)
</UL>
<P><STRONG><a name="[e8]"></a>prvCheckTasksWaitingTermination</STRONG> (Thumb, 90 bytes, Stack size 16 bytes, tasks.o(.text.prvCheckTasksWaitingTermination))
<BR><BR>[Stack]<UL><LI>Max Depth = 132<LI>Call Chain = prvCheckTasksWaitingTermination &rArr; prvDeleteTCB &rArr; vPortFree &rArr; xTaskResumeAll &rArr; xTaskIncrementTick &rArr; vListInsertEnd
</UL>
<BR>[Calls]<UL><LI><a href="#[e9]">&gt;&gt;</a>&nbsp;&nbsp;&nbsp;prvDeleteTCB
<LI><a href="#[dd]">&gt;&gt;</a>&nbsp;&nbsp;&nbsp;uxListRemove
<LI><a href="#[e3]">&gt;&gt;</a>&nbsp;&nbsp;&nbsp;vPortExitCritical
<LI><a href="#[e1]">&gt;&gt;</a>&nbsp;&nbsp;&nbsp;vPortEnterCritical
</UL>
<BR>[Called By]<UL><LI><a href="#[3c]">&gt;&gt;</a>&nbsp;&nbsp;&nbsp;prvIdleTask
</UL>

<P><STRONG><a name="[e4]"></a>prvCheckForValidListAndQueue</STRONG> (Thumb, 162 bytes, Stack size 24 bytes, timers.o(.text.prvCheckForValidListAndQueue))
<BR><BR>[Stack]<UL><LI>Max Depth = 180<LI>Call Chain = prvCheckForValidListAndQueue &rArr; xQueueGenericCreateStatic &rArr; prvInitialiseNewQueue &rArr; xQueueGenericReset &rArr; xTaskRemoveFromEventList &rArr; vListInsertEnd
</UL>
<BR>[Calls]<UL><LI><a href="#[e7]">&gt;&gt;</a>&nbsp;&nbsp;&nbsp;vQueueAddToRegistry
<LI><a href="#[e6]">&gt;&gt;</a>&nbsp;&nbsp;&nbsp;xQueueGenericCreateStatic
<LI><a href="#[e3]">&gt;&gt;</a>&nbsp;&nbsp;&nbsp;vPortExitCritical
<LI><a href="#[e1]">&gt;&gt;</a>&nbsp;&nbsp;&nbsp;vPortEnterCritical
<LI><a href="#[e5]">&gt;&gt;</a>&nbsp;&nbsp;&nbsp;vListInitialise
</UL>
<BR>[Called By]<UL><LI><a href="#[10d]">&gt;&gt;</a>&nbsp;&nbsp;&nbsp;xTimerCreateTimerTask
</UL>

<P><STRONG><a name="[3d]"></a>prvTimerTask</STRONG> (Thumb, 30 bytes, Stack size 24 bytes, timers.o(.text.prvTimerTask))
<BR><BR>[Stack]<UL><LI>Max Depth = 348<LI>Call Chain = prvTimerTask &rArr; prvProcessReceivedCommands &rArr; prvSampleTimeNow &rArr; prvSwitchTimerLists &rArr; xTimerGenericCommand &rArr; xQueueGenericSend &rArr; prvCopyDataToQueue &rArr; xTaskPriorityDisinherit &rArr; vListInsertEnd
</UL>
<BR>[Calls]<UL><LI><a href="#[f8]">&gt;&gt;</a>&nbsp;&nbsp;&nbsp;prvProcessReceivedCommands
<LI><a href="#[fb]">&gt;&gt;</a>&nbsp;&nbsp;&nbsp;prvProcessTimerOrBlockTask
<LI><a href="#[101]">&gt;&gt;</a>&nbsp;&nbsp;&nbsp;prvGetNextExpireTime
</UL>
<BR>[Address Reference Count : 1]<UL><LI> timers.o(.text.xTimerCreateTimerTask)
</UL>
<P><STRONG><a name="[101]"></a>prvGetNextExpireTime</STRONG> (Thumb, 64 bytes, Stack size 8 bytes, timers.o(.text.prvGetNextExpireTime))
<BR><BR>[Stack]<UL><LI>Max Depth = 8<LI>Call Chain = prvGetNextExpireTime
</UL>
<BR>[Called By]<UL><LI><a href="#[3d]">&gt;&gt;</a>&nbsp;&nbsp;&nbsp;prvTimerTask
</UL>

<P><STRONG><a name="[fb]"></a>prvProcessTimerOrBlockTask</STRONG> (Thumb, 154 bytes, Stack size 24 bytes, timers.o(.text.prvProcessTimerOrBlockTask))
<BR><BR>[Stack]<UL><LI>Max Depth = 284<LI>Call Chain = prvProcessTimerOrBlockTask &rArr; prvSampleTimeNow &rArr; prvSwitchTimerLists &rArr; xTimerGenericCommand &rArr; xQueueGenericSend &rArr; prvCopyDataToQueue &rArr; xTaskPriorityDisinherit &rArr; vListInsertEnd
</UL>
<BR>[Calls]<UL><LI><a href="#[f6]">&gt;&gt;</a>&nbsp;&nbsp;&nbsp;prvProcessExpiredTimer
<LI><a href="#[fa]">&gt;&gt;</a>&nbsp;&nbsp;&nbsp;prvSampleTimeNow
<LI><a href="#[fe]">&gt;&gt;</a>&nbsp;&nbsp;&nbsp;vQueueWaitForMessageRestricted
<LI><a href="#[fd]">&gt;&gt;</a>&nbsp;&nbsp;&nbsp;xTaskResumeAll
<LI><a href="#[fc]">&gt;&gt;</a>&nbsp;&nbsp;&nbsp;vTaskSuspendAll
</UL>
<BR>[Called By]<UL><LI><a href="#[3d]">&gt;&gt;</a>&nbsp;&nbsp;&nbsp;prvTimerTask
</UL>

<P><STRONG><a name="[f8]"></a>prvProcessReceivedCommands</STRONG> (Thumb, 336 bytes, Stack size 64 bytes, timers.o(.text.prvProcessReceivedCommands))
<BR><BR>[Stack]<UL><LI>Max Depth = 324<LI>Call Chain = prvProcessReceivedCommands &rArr; prvSampleTimeNow &rArr; prvSwitchTimerLists &rArr; xTimerGenericCommand &rArr; xQueueGenericSend &rArr; prvCopyDataToQueue &rArr; xTaskPriorityDisinherit &rArr; vListInsertEnd
</UL>
<BR>[Calls]<UL><LI><a href="#[f7]">&gt;&gt;</a>&nbsp;&nbsp;&nbsp;xTimerGenericCommand
<LI><a href="#[f3]">&gt;&gt;</a>&nbsp;&nbsp;&nbsp;prvInsertTimerInActiveList
<LI><a href="#[fa]">&gt;&gt;</a>&nbsp;&nbsp;&nbsp;prvSampleTimeNow
<LI><a href="#[f9]">&gt;&gt;</a>&nbsp;&nbsp;&nbsp;xQueueReceive
<LI><a href="#[dd]">&gt;&gt;</a>&nbsp;&nbsp;&nbsp;uxListRemove
<LI><a href="#[ed]">&gt;&gt;</a>&nbsp;&nbsp;&nbsp;vPortFree
</UL>
<BR>[Called By]<UL><LI><a href="#[3d]">&gt;&gt;</a>&nbsp;&nbsp;&nbsp;prvTimerTask
</UL>

<P><STRONG><a name="[fa]"></a>prvSampleTimeNow</STRONG> (Thumb, 68 bytes, Stack size 16 bytes, timers.o(.text.prvSampleTimeNow))
<BR><BR>[Stack]<UL><LI>Max Depth = 260<LI>Call Chain = prvSampleTimeNow &rArr; prvSwitchTimerLists &rArr; xTimerGenericCommand &rArr; xQueueGenericSend &rArr; prvCopyDataToQueue &rArr; xTaskPriorityDisinherit &rArr; vListInsertEnd
</UL>
<BR>[Calls]<UL><LI><a href="#[100]">&gt;&gt;</a>&nbsp;&nbsp;&nbsp;prvSwitchTimerLists
<LI><a href="#[ff]">&gt;&gt;</a>&nbsp;&nbsp;&nbsp;xTaskGetTickCount
</UL>
<BR>[Called By]<UL><LI><a href="#[f8]">&gt;&gt;</a>&nbsp;&nbsp;&nbsp;prvProcessReceivedCommands
<LI><a href="#[fb]">&gt;&gt;</a>&nbsp;&nbsp;&nbsp;prvProcessTimerOrBlockTask
</UL>

<P><STRONG><a name="[f6]"></a>prvProcessExpiredTimer</STRONG> (Thumb, 124 bytes, Stack size 32 bytes, timers.o(.text.prvProcessExpiredTimer))
<BR><BR>[Stack]<UL><LI>Max Depth = 236<LI>Call Chain = prvProcessExpiredTimer &rArr; xTimerGenericCommand &rArr; xQueueGenericSend &rArr; prvCopyDataToQueue &rArr; xTaskPriorityDisinherit &rArr; vListInsertEnd
</UL>
<BR>[Calls]<UL><LI><a href="#[f7]">&gt;&gt;</a>&nbsp;&nbsp;&nbsp;xTimerGenericCommand
<LI><a href="#[f3]">&gt;&gt;</a>&nbsp;&nbsp;&nbsp;prvInsertTimerInActiveList
<LI><a href="#[dd]">&gt;&gt;</a>&nbsp;&nbsp;&nbsp;uxListRemove
</UL>
<BR>[Called By]<UL><LI><a href="#[fb]">&gt;&gt;</a>&nbsp;&nbsp;&nbsp;prvProcessTimerOrBlockTask
</UL>

<P><STRONG><a name="[f3]"></a>prvInsertTimerInActiveList</STRONG> (Thumb, 134 bytes, Stack size 32 bytes, timers.o(.text.prvInsertTimerInActiveList))
<BR><BR>[Stack]<UL><LI>Max Depth = 48<LI>Call Chain = prvInsertTimerInActiveList &rArr; vListInsert
</UL>
<BR>[Calls]<UL><LI><a href="#[df]">&gt;&gt;</a>&nbsp;&nbsp;&nbsp;vListInsert
</UL>
<BR>[Called By]<UL><LI><a href="#[f6]">&gt;&gt;</a>&nbsp;&nbsp;&nbsp;prvProcessExpiredTimer
<LI><a href="#[f8]">&gt;&gt;</a>&nbsp;&nbsp;&nbsp;prvProcessReceivedCommands
</UL>

<P><STRONG><a name="[100]"></a>prvSwitchTimerLists</STRONG> (Thumb, 208 bytes, Stack size 40 bytes, timers.o(.text.prvSwitchTimerLists))
<BR><BR>[Stack]<UL><LI>Max Depth = 244<LI>Call Chain = prvSwitchTimerLists &rArr; xTimerGenericCommand &rArr; xQueueGenericSend &rArr; prvCopyDataToQueue &rArr; xTaskPriorityDisinherit &rArr; vListInsertEnd
</UL>
<BR>[Calls]<UL><LI><a href="#[f7]">&gt;&gt;</a>&nbsp;&nbsp;&nbsp;xTimerGenericCommand
<LI><a href="#[dd]">&gt;&gt;</a>&nbsp;&nbsp;&nbsp;uxListRemove
<LI><a href="#[df]">&gt;&gt;</a>&nbsp;&nbsp;&nbsp;vListInsert
</UL>
<BR>[Called By]<UL><LI><a href="#[fa]">&gt;&gt;</a>&nbsp;&nbsp;&nbsp;prvSampleTimeNow
</UL>

<P><STRONG><a name="[106]"></a>prvHeapInit</STRONG> (Thumb, 188 bytes, Stack size 16 bytes, heap_4.o(.text.prvHeapInit))
<BR><BR>[Stack]<UL><LI>Max Depth = 16<LI>Call Chain = prvHeapInit
</UL>
<BR>[Called By]<UL><LI><a href="#[105]">&gt;&gt;</a>&nbsp;&nbsp;&nbsp;pvPortMalloc
</UL>

<P><STRONG><a name="[107]"></a>prvInsertBlockIntoFreeList</STRONG> (Thumb, 198 bytes, Stack size 12 bytes, heap_4.o(.text.prvInsertBlockIntoFreeList))
<BR><BR>[Stack]<UL><LI>Max Depth = 12<LI>Call Chain = prvInsertBlockIntoFreeList
</UL>
<BR>[Called By]<UL><LI><a href="#[ed]">&gt;&gt;</a>&nbsp;&nbsp;&nbsp;vPortFree
<LI><a href="#[105]">&gt;&gt;</a>&nbsp;&nbsp;&nbsp;pvPortMalloc
</UL>

<P><STRONG><a name="[3b]"></a>prvTaskExitError</STRONG> (Thumb, 76 bytes, Stack size 12 bytes, port.o(.text.prvTaskExitError))
<BR><BR>[Stack]<UL><LI>Max Depth = 12<LI>Call Chain = prvTaskExitError
</UL>
<BR>[Called By]<UL><LI><a href="#[10e]">&gt;&gt;</a>&nbsp;&nbsp;&nbsp;xPortStartScheduler
</UL>
<BR>[Address Reference Count : 1]<UL><LI> port.o(.text.pxPortInitialiseStack)
</UL>
<P><STRONG><a name="[111]"></a>prvPortStartFirstTask</STRONG> (Thumb, 26 bytes, Stack size 0 bytes, port.o(.text.prvPortStartFirstTask))
<BR><BR>[Called By]<UL><LI><a href="#[10e]">&gt;&gt;</a>&nbsp;&nbsp;&nbsp;xPortStartScheduler
</UL>

<P><STRONG><a name="[ca]"></a>vol_7_8</STRONG> (Thumb, 10 bytes, Stack size 8 bytes, drv_led.o(.text.vol_7_8))
<BR><BR>[Stack]<UL><LI>Max Depth = 40<LI>Call Chain = vol_7_8 &rArr; all_led_ctrl &rArr; HAL_GPIO_WritePin
</UL>
<BR>[Calls]<UL><LI><a href="#[be]">&gt;&gt;</a>&nbsp;&nbsp;&nbsp;all_led_ctrl
</UL>
<BR>[Called By]<UL><LI><a href="#[c2]">&gt;&gt;</a>&nbsp;&nbsp;&nbsp;displayBattery
</UL>

<P><STRONG><a name="[cb]"></a>vol_6_7</STRONG> (Thumb, 78 bytes, Stack size 16 bytes, drv_led.o(.text.vol_6_7))
<BR><BR>[Stack]<UL><LI>Max Depth = 40<LI>Call Chain = vol_6_7 &rArr; led_ctrl &rArr; HAL_GPIO_WritePin
</UL>
<BR>[Calls]<UL><LI><a href="#[10f]">&gt;&gt;</a>&nbsp;&nbsp;&nbsp;HAL_GPIO_TogglePin
<LI><a href="#[d4]">&gt;&gt;</a>&nbsp;&nbsp;&nbsp;led_ctrl
</UL>
<BR>[Called By]<UL><LI><a href="#[c2]">&gt;&gt;</a>&nbsp;&nbsp;&nbsp;displayBattery
</UL>

<P><STRONG><a name="[cc]"></a>vol_5_6</STRONG> (Thumb, 44 bytes, Stack size 16 bytes, drv_led.o(.text.vol_5_6))
<BR><BR>[Stack]<UL><LI>Max Depth = 40<LI>Call Chain = vol_5_6 &rArr; led_ctrl &rArr; HAL_GPIO_WritePin
</UL>
<BR>[Calls]<UL><LI><a href="#[d4]">&gt;&gt;</a>&nbsp;&nbsp;&nbsp;led_ctrl
</UL>
<BR>[Called By]<UL><LI><a href="#[c2]">&gt;&gt;</a>&nbsp;&nbsp;&nbsp;displayBattery
</UL>

<P><STRONG><a name="[cd]"></a>vol_4_5</STRONG> (Thumb, 78 bytes, Stack size 16 bytes, drv_led.o(.text.vol_4_5))
<BR><BR>[Stack]<UL><LI>Max Depth = 40<LI>Call Chain = vol_4_5 &rArr; led_ctrl &rArr; HAL_GPIO_WritePin
</UL>
<BR>[Calls]<UL><LI><a href="#[10f]">&gt;&gt;</a>&nbsp;&nbsp;&nbsp;HAL_GPIO_TogglePin
<LI><a href="#[d4]">&gt;&gt;</a>&nbsp;&nbsp;&nbsp;led_ctrl
</UL>
<BR>[Called By]<UL><LI><a href="#[c2]">&gt;&gt;</a>&nbsp;&nbsp;&nbsp;displayBattery
</UL>

<P><STRONG><a name="[ce]"></a>vol_3_4</STRONG> (Thumb, 44 bytes, Stack size 16 bytes, drv_led.o(.text.vol_3_4))
<BR><BR>[Stack]<UL><LI>Max Depth = 40<LI>Call Chain = vol_3_4 &rArr; led_ctrl &rArr; HAL_GPIO_WritePin
</UL>
<BR>[Calls]<UL><LI><a href="#[d4]">&gt;&gt;</a>&nbsp;&nbsp;&nbsp;led_ctrl
</UL>
<BR>[Called By]<UL><LI><a href="#[c2]">&gt;&gt;</a>&nbsp;&nbsp;&nbsp;displayBattery
</UL>

<P><STRONG><a name="[cf]"></a>vol_2_3</STRONG> (Thumb, 78 bytes, Stack size 16 bytes, drv_led.o(.text.vol_2_3))
<BR><BR>[Stack]<UL><LI>Max Depth = 40<LI>Call Chain = vol_2_3 &rArr; led_ctrl &rArr; HAL_GPIO_WritePin
</UL>
<BR>[Calls]<UL><LI><a href="#[10f]">&gt;&gt;</a>&nbsp;&nbsp;&nbsp;HAL_GPIO_TogglePin
<LI><a href="#[d4]">&gt;&gt;</a>&nbsp;&nbsp;&nbsp;led_ctrl
</UL>
<BR>[Called By]<UL><LI><a href="#[c2]">&gt;&gt;</a>&nbsp;&nbsp;&nbsp;displayBattery
</UL>

<P><STRONG><a name="[d0]"></a>vol_1_2</STRONG> (Thumb, 42 bytes, Stack size 16 bytes, drv_led.o(.text.vol_1_2))
<BR><BR>[Stack]<UL><LI>Max Depth = 40<LI>Call Chain = vol_1_2 &rArr; led_ctrl &rArr; HAL_GPIO_WritePin
</UL>
<BR>[Calls]<UL><LI><a href="#[d4]">&gt;&gt;</a>&nbsp;&nbsp;&nbsp;led_ctrl
</UL>
<BR>[Called By]<UL><LI><a href="#[c2]">&gt;&gt;</a>&nbsp;&nbsp;&nbsp;displayBattery
</UL>

<P><STRONG><a name="[d1]"></a>vol_0_1</STRONG> (Thumb, 78 bytes, Stack size 16 bytes, drv_led.o(.text.vol_0_1))
<BR><BR>[Stack]<UL><LI>Max Depth = 40<LI>Call Chain = vol_0_1 &rArr; led_ctrl &rArr; HAL_GPIO_WritePin
</UL>
<BR>[Calls]<UL><LI><a href="#[10f]">&gt;&gt;</a>&nbsp;&nbsp;&nbsp;HAL_GPIO_TogglePin
<LI><a href="#[d4]">&gt;&gt;</a>&nbsp;&nbsp;&nbsp;led_ctrl
</UL>
<BR>[Called By]<UL><LI><a href="#[c2]">&gt;&gt;</a>&nbsp;&nbsp;&nbsp;displayBattery
</UL>

<P><STRONG><a name="[55]"></a>keyReadPin</STRONG> (Thumb, 18 bytes, Stack size 8 bytes, drv_key.o(.text.keyReadPin))
<BR><BR>[Stack]<UL><LI>Max Depth = 16<LI>Call Chain = keyReadPin &rArr; HAL_GPIO_ReadPin
</UL>
<BR>[Calls]<UL><LI><a href="#[d2]">&gt;&gt;</a>&nbsp;&nbsp;&nbsp;HAL_GPIO_ReadPin
</UL>
<BR>[Address Reference Count : 1]<UL><LI> drv_key.o(.data.keyCfg)
</UL>
<P><STRONG><a name="[d3]"></a>KEY_GetAction_PressOrRelease</STRONG> (Thumb, 48 bytes, Stack size 8 bytes, drv_key.o(.text.KEY_GetAction_PressOrRelease))
<BR><BR>[Stack]<UL><LI>Max Depth = 8<LI>Call Chain = KEY_GetAction_PressOrRelease
</UL>
<BR>[Called By]<UL><LI><a href="#[c4]">&gt;&gt;</a>&nbsp;&nbsp;&nbsp;keyStateMachine
</UL>
<P>
<H3>
Undefined Global Symbols
</H3><HR></body></html>
